###############################################################################
#
# IAR ELF Linker V8.11.1.13263/W32 for ARM                03/May/2017  17:07:55
# Copyright 2007-2017 IAR Systems AB.
#
#    Output file  =  D:\Apollo\gpio\Debug\Exe\gpio.out
#    Map file     =  D:\Apollo\gpio\Debug\List\gpio.map
#    Command line =  
#        -f C:\Users\iysheng\AppData\Local\Temp\EW3065.tmp
#        (D:\Apollo\gpio\Debug\Obj\apollo.o D:\Apollo\gpio\Debug\Obj\main.o
#        D:\Apollo\gpio\Debug\Obj\rgb.o
#        D:\Apollo\gpio\Debug\Obj\startup_stm32f767xx.o
#        D:\Apollo\gpio\Debug\Obj\stm32f7xx_hal.o
#        D:\Apollo\gpio\Debug\Obj\stm32f7xx_hal_adc.o
#        D:\Apollo\gpio\Debug\Obj\stm32f7xx_hal_cortex.o
#        D:\Apollo\gpio\Debug\Obj\stm32f7xx_hal_dma.o
#        D:\Apollo\gpio\Debug\Obj\stm32f7xx_hal_gpio.o
#        D:\Apollo\gpio\Debug\Obj\stm32f7xx_hal_ltdc.o
#        D:\Apollo\gpio\Debug\Obj\stm32f7xx_hal_pwr_ex.o
#        D:\Apollo\gpio\Debug\Obj\stm32f7xx_hal_rcc.o
#        D:\Apollo\gpio\Debug\Obj\stm32f7xx_hal_rcc_ex.o
#        D:\Apollo\gpio\Debug\Obj\stm32f7xx_hal_sdram.o
#        D:\Apollo\gpio\Debug\Obj\stm32f7xx_hal_tim.o
#        D:\Apollo\gpio\Debug\Obj\stm32f7xx_hal_tim_ex.o
#        D:\Apollo\gpio\Debug\Obj\stm32f7xx_hal_uart.o
#        D:\Apollo\gpio\Debug\Obj\stm32f7xx_it.o
#        D:\Apollo\gpio\Debug\Obj\stm32f7xx_ll_fmc.o
#        D:\Apollo\gpio\Debug\Obj\system_stm32f7xx.o
#        D:\Apollo\gpio\Debug\Obj\touch.o -o D:\Apollo\gpio\Debug\Exe\gpio.out
#        --redirect _Printf=_PrintfFullNoMb --redirect _Scanf=_ScanfFullNoMb
#        --map D:\Apollo\gpio\Debug\List\gpio.map --config "D:\Program Files
#        (x86)\IAR Systems\Embedded Workbench
#        8.0\arm\config\linker\ST\stm32f767xG.icf" --semihosting --entry
#        __iar_program_start --vfe --text_out locale)
#
###############################################################################

*******************************************************************************
*** RUNTIME MODEL ATTRIBUTES
***

CppFlavor       = *
__SystemLibrary = DLib
__dlib_version  = 6


*******************************************************************************
*** HEAP SELECTION
***

The basic heap was selected because no calls to memory allocation
functions were found in the application outside of system library
functions, and there are calls to deallocation functions in the
application.


*******************************************************************************
*** PLACEMENT SUMMARY
***

"A0":  place at 0x00200000 { ro section .intvec };
"P1":  place in [from 0x00200000 to 0x002fffff] { ro };
"P4":  place in [from 0x20000000 to 0x2000ffff] { block CSTACK };
"P5":  place in [from 0x20010000 to 0x2004bfff] |
                [from 0x2004c000 to 0x2004ffff] { rw, block HEAP };
initialize by copy { rw };

  Section            Kind        Address      Size  Object
  -------            ----        -------      ----  ------
"A0":                                        0x1f8
  .intvec            ro code  0x00200000     0x1f8  startup_stm32f767xx.o [1]
                            - 0x002001f8     0x1f8

"P1":                                       0x5734
  .text              ro code  0x002001f8     0xde6  xprintffull_nomb.o [3]
  .text              ro code  0x00200fde       0xa  xsprout.o [3]
  .text              ro code  0x00200fe8      0x16  strchr.o [5]
  .text              ro code  0x00201000      0x44  xfail_s.o [3]
  .text              ro code  0x00201044      0x36  strlen.o [5]
  .text              ro code  0x0020107c      0x58  memchr.o [5]
  .text              ro code  0x002010d4      0xee  I64DivMod.o [5]
  .text              ro code  0x002011c2      0x12  DblMul.o [4]
  .text              ro code  0x002011d4      0xa6  ABImemcpy.o [5]
  .text              ro code  0x0020127c      0x70  frexp.o [4]
  .text              ro code  0x002012ec      0x2e  DblCmpLe.o [4]
  .text              ro code  0x0020131c      0x2e  DblCmpGe.o [4]
  .text              ro code  0x0020134c     0x104  ldexp.o [4]
  .text              ro code  0x00201450       0xe  DblToS32.o [4]
  .text              ro code  0x0020145e       0xe  S32ToDbl.o [4]
  .text              ro code  0x0020146c      0x12  DblSub.o [4]
  .text              ro code  0x0020147e      0x12  DblDiv.o [4]
  .text              ro code  0x00201490       0xe  DblToU32.o [4]
  .text              ro code  0x0020149e       0xe  U32ToDbl.o [4]
  .text              ro code  0x002014ac       0xc  xlocale_c.o [3]
  .text              ro code  0x002014b8       0x6  abort.o [3]
  .text              ro code  0x002014c0       0x2  I64DivZer.o [5]
  .text              ro code  0x002014c4      0x14  exit.o [6]
  .text              ro code  0x002014d8     0xb4c  apollo.o [1]
  .text              ro code  0x00202024     0x26c  stm32f7xx_hal_gpio.o [1]
  .text              ro code  0x00202290     0x8cc  stm32f7xx_hal_uart.o [1]
  .text              ro code  0x00202b5c     0x75c  stm32f7xx_hal_rcc.o [1]
  .text              ro code  0x002032b8      0x88  stm32f7xx_hal_pwr_ex.o [1]
  .text              ro code  0x00203340     0x1c8  stm32f7xx_hal_cortex.o [1]
  .text              ro code  0x00203508     0x536  stm32f7xx_hal_dma.o [1]
  .text              ro code  0x00203a40     0x59a  stm32f7xx_hal_adc.o [1]
  .text              ro code  0x00203fdc     0x804  stm32f7xx_hal_tim.o [1]
  .text              ro code  0x002047e0     0x20c  stm32f7xx_hal_tim_ex.o [1]
  .text              ro code  0x002049ec      0xa2  stm32f7xx_hal_sdram.o [1]
  .text              ro code  0x00204a8e      0x1a  stm32f7xx_hal.o [1]
  .text              ro code  0x00204aa8       0xc  stm32f7xx_hal.o [1]
  .text              ro code  0x00204ab4     0x5d8  touch.o [1]
  .text              ro code  0x0020508c      0x28  printf.o [3]
  .text              ro code  0x002050b4       0x2  stm32f7xx_hal_uart.o [1]
  .text              ro code  0x002050b6       0x2  stm32f7xx_hal_uart.o [1]
  .text              ro code  0x002050b8       0x2  stm32f7xx_hal_uart.o [1]
  .text              ro code  0x002050bc      0x28  stm32f7xx_hal.o [1]
  .text              ro code  0x002050e4       0x2  stm32f7xx_hal_adc.o [1]
  .text              ro code  0x002050e6       0x2  stm32f7xx_hal_adc.o [1]
  .text              ro code  0x002050e8       0x2  stm32f7xx_hal_tim.o [1]
  .text              ro code  0x002050ea       0x2  stm32f7xx_hal_tim.o [1]
  .text              ro code  0x002050ec       0x2  stm32f7xx_hal_tim_ex.o [1]
  .text              ro code  0x002050ee       0x2  stm32f7xx_hal_tim.o [1]
  .text              ro code  0x002050f0       0x2  stm32f7xx_hal_tim_ex.o [1]
  .text              ro code  0x002050f4     0x16c  stm32f7xx_ll_fmc.o [1]
  .text              ro code  0x00205260     0x15c  main.o [1]
  .text              ro code  0x002053bc      0x2a  stm32f7xx_hal.o [1]
  .text              ro code  0x002053e8      0x40  sprintf.o [3]
  .text              ro code  0x00205428      0x6c  system_stm32f7xx.o [1]
  .text              ro code  0x00205494      0x40  zero_init3.o [5]
  .rodata            const    0x002054d4      0x30  main.o [1]
  .rodata            const    0x00205504      0x30  main.o [1]
  .rodata            const    0x00205534      0x2c  main.o [1]
  .text              ro code  0x00205560      0x2c  copy_init3.o [5]
  .text              ro code  0x0020558c      0x28  data_init.o [5]
  .text              ro code  0x002055b4      0x22  fpinit_M.o [4]
  .iar.init_table    const    0x002055d8      0x2c  - Linker created -
  .text              ro code  0x00205604      0x1a  cmain.o [5]
  .text              ro code  0x0020561e       0x4  low_level_init.o [3]
  .text              ro code  0x00205622       0x4  exit.o [3]
  .text              ro code  0x00205628       0xa  cexit.o [5]
  .text              ro code  0x00205632      0x16  stm32f7xx_it.o [1]
  .text              ro code  0x00205648      0x10  stm32f7xx_hal.o [1]
  .text              ro code  0x00205658      0x16  xprout.o [3]
  .text              ro code  0x00205670       0xc  putchar.o [3]
  .rodata            const    0x0020567c      0x10  apollo.o [1]
  .rodata            const    0x0020568c      0x10  system_stm32f7xx.o [1]
  .text              ro code  0x0020569c      0x10  startup_stm32f767xx.o [1]
  .rodata            const    0x002056ac       0xc  touch.o [1]
  .rodata            const    0x002056b8       0xc  touch.o [1]
  .text              ro code  0x002056c4       0xc  cstartup_M.o [5]
  .rodata            const    0x002056d0       0x8  main.o [1]
  .rodata            const    0x002056d8       0x8  stm32f7xx_hal_dma.o [1]
  .rodata            const    0x002056e0       0x8  system_stm32f7xx.o [1]
  .rodata            const    0x002056e8       0x4  xlocale_c.o [3]
  .text              ro code  0x002056ec       0x4  startup_stm32f767xx.o [1]
  .text              ro code  0x002056f0       0x4  startup_stm32f767xx.o [1]
  .text              ro code  0x002056f4       0x4  startup_stm32f767xx.o [1]
  .text              ro code  0x002056f8       0x4  startup_stm32f767xx.o [1]
  .text              ro code  0x002056fc       0x4  startup_stm32f767xx.o [1]
  .text              ro code  0x00205700       0x4  startup_stm32f767xx.o [1]
  .text              ro code  0x00205704       0x4  startup_stm32f767xx.o [1]
  .text              ro code  0x00205708       0x4  startup_stm32f767xx.o [1]
  .text              ro code  0x0020570c       0x4  startup_stm32f767xx.o [1]
  .text              ro code  0x00205710       0x4  startup_stm32f767xx.o [1]
  .text              ro code  0x00205714       0x4  startup_stm32f767xx.o [1]
  .text              ro code  0x00205718       0x4  startup_stm32f767xx.o [1]
  .text              ro code  0x0020571c       0x4  startup_stm32f767xx.o [1]
  .text              ro code  0x00205720       0x4  startup_stm32f767xx.o [1]
  .text              ro code  0x00205724       0x4  startup_stm32f767xx.o [1]
  .text              ro code  0x00205728       0x4  startup_stm32f767xx.o [1]
  .text              ro code  0x0020572c       0x4  startup_stm32f767xx.o [1]
  .text              ro code  0x00205730       0x4  startup_stm32f767xx.o [1]
  .text              ro code  0x00205734       0x4  startup_stm32f767xx.o [1]
  .text              ro code  0x00205738       0x4  startup_stm32f767xx.o [1]
  .text              ro code  0x0020573c       0x4  startup_stm32f767xx.o [1]
  .text              ro code  0x00205740       0x4  startup_stm32f767xx.o [1]
  .text              ro code  0x00205744       0x4  startup_stm32f767xx.o [1]
  .text              ro code  0x00205748       0x4  startup_stm32f767xx.o [1]
  .text              ro code  0x0020574c       0x4  startup_stm32f767xx.o [1]
  .text              ro code  0x00205750       0x4  startup_stm32f767xx.o [1]
  .text              ro code  0x00205754       0x4  startup_stm32f767xx.o [1]
  .text              ro code  0x00205758       0x4  startup_stm32f767xx.o [1]
  .text              ro code  0x0020575c       0x4  startup_stm32f767xx.o [1]
  .text              ro code  0x00205760       0x4  startup_stm32f767xx.o [1]
  .text              ro code  0x00205764       0x4  startup_stm32f767xx.o [1]
  .text              ro code  0x00205768       0x4  startup_stm32f767xx.o [1]
  .text              ro code  0x0020576c       0x4  startup_stm32f767xx.o [1]
  .text              ro code  0x00205770       0x4  startup_stm32f767xx.o [1]
  .text              ro code  0x00205774       0x4  startup_stm32f767xx.o [1]
  .text              ro code  0x00205778       0x4  startup_stm32f767xx.o [1]
  .text              ro code  0x0020577c       0x4  startup_stm32f767xx.o [1]
  .text              ro code  0x00205780       0x4  startup_stm32f767xx.o [1]
  .text              ro code  0x00205784       0x4  startup_stm32f767xx.o [1]
  .text              ro code  0x00205788       0x4  startup_stm32f767xx.o [1]
  .text              ro code  0x0020578c       0x4  startup_stm32f767xx.o [1]
  .text              ro code  0x00205790       0x4  startup_stm32f767xx.o [1]
  .text              ro code  0x00205794       0x4  startup_stm32f767xx.o [1]
  .text              ro code  0x00205798       0x4  startup_stm32f767xx.o [1]
  .text              ro code  0x0020579c       0x4  startup_stm32f767xx.o [1]
  .text              ro code  0x002057a0       0x4  startup_stm32f767xx.o [1]
  .text              ro code  0x002057a4       0x4  startup_stm32f767xx.o [1]
  .text              ro code  0x002057a8       0x4  startup_stm32f767xx.o [1]
  .text              ro code  0x002057ac       0x4  startup_stm32f767xx.o [1]
  .text              ro code  0x002057b0       0x4  startup_stm32f767xx.o [1]
  .text              ro code  0x002057b4       0x4  startup_stm32f767xx.o [1]
  .text              ro code  0x002057b8       0x4  startup_stm32f767xx.o [1]
  .text              ro code  0x002057bc       0x4  startup_stm32f767xx.o [1]
  .text              ro code  0x002057c0       0x4  startup_stm32f767xx.o [1]
  .text              ro code  0x002057c4       0x4  startup_stm32f767xx.o [1]
  .text              ro code  0x002057c8       0x4  startup_stm32f767xx.o [1]
  .text              ro code  0x002057cc       0x4  startup_stm32f767xx.o [1]
  .text              ro code  0x002057d0       0x4  startup_stm32f767xx.o [1]
  .text              ro code  0x002057d4       0x4  startup_stm32f767xx.o [1]
  .text              ro code  0x002057d8       0x4  startup_stm32f767xx.o [1]
  .text              ro code  0x002057dc       0x4  startup_stm32f767xx.o [1]
  .text              ro code  0x002057e0       0x4  startup_stm32f767xx.o [1]
  .text              ro code  0x002057e4       0x4  startup_stm32f767xx.o [1]
  .text              ro code  0x002057e8       0x4  startup_stm32f767xx.o [1]
  .text              ro code  0x002057ec       0x4  startup_stm32f767xx.o [1]
  .text              ro code  0x002057f0       0x4  startup_stm32f767xx.o [1]
  .text              ro code  0x002057f4       0x4  startup_stm32f767xx.o [1]
  .text              ro code  0x002057f8       0x4  startup_stm32f767xx.o [1]
  .text              ro code  0x002057fc       0x4  startup_stm32f767xx.o [1]
  .text              ro code  0x00205800       0x4  startup_stm32f767xx.o [1]
  .text              ro code  0x00205804       0x4  startup_stm32f767xx.o [1]
  .text              ro code  0x00205808       0x4  startup_stm32f767xx.o [1]
  .text              ro code  0x0020580c       0x4  startup_stm32f767xx.o [1]
  .text              ro code  0x00205810       0x4  startup_stm32f767xx.o [1]
  .text              ro code  0x00205814       0x4  startup_stm32f767xx.o [1]
  .text              ro code  0x00205818       0x4  startup_stm32f767xx.o [1]
  .text              ro code  0x0020581c       0x4  startup_stm32f767xx.o [1]
  .text              ro code  0x00205820       0x4  startup_stm32f767xx.o [1]
  .text              ro code  0x00205824       0x4  startup_stm32f767xx.o [1]
  .text              ro code  0x00205828       0x4  startup_stm32f767xx.o [1]
  .text              ro code  0x0020582c       0x4  startup_stm32f767xx.o [1]
  .text              ro code  0x00205830       0x4  startup_stm32f767xx.o [1]
  .text              ro code  0x00205834       0x4  startup_stm32f767xx.o [1]
  .text              ro code  0x00205838       0x4  startup_stm32f767xx.o [1]
  .text              ro code  0x0020583c       0x4  startup_stm32f767xx.o [1]
  .text              ro code  0x00205840       0x4  startup_stm32f767xx.o [1]
  .text              ro code  0x00205844       0x4  startup_stm32f767xx.o [1]
  .text              ro code  0x00205848       0x4  startup_stm32f767xx.o [1]
  .text              ro code  0x0020584c       0x4  startup_stm32f767xx.o [1]
  .text              ro code  0x00205850       0x4  startup_stm32f767xx.o [1]
  .text              ro code  0x00205854       0x4  startup_stm32f767xx.o [1]
  .text              ro code  0x00205858       0x4  startup_stm32f767xx.o [1]
  .text              ro code  0x0020585c       0x4  startup_stm32f767xx.o [1]
  .text              ro code  0x00205860       0x4  startup_stm32f767xx.o [1]
  .text              ro code  0x00205864       0x4  startup_stm32f767xx.o [1]
  .text              ro code  0x00205868       0x4  startup_stm32f767xx.o [1]
  .text              ro code  0x0020586c       0x4  startup_stm32f767xx.o [1]
  .text              ro code  0x00205870       0x4  startup_stm32f767xx.o [1]
  .text              ro code  0x00205874       0x4  startup_stm32f767xx.o [1]
  .text              ro code  0x00205878       0x4  startup_stm32f767xx.o [1]
  .text              ro code  0x0020587c       0x4  startup_stm32f767xx.o [1]
  .rodata            const    0x00205880       0x0  zero_init3.o [5]
  .rodata            const    0x00205880       0x0  copy_init3.o [5]
  Initializer bytes  const    0x00205880      0xac  <for P5 s0>
                            - 0x0020592c    0x5734

"P4":                                       0x2000
  CSTACK                      0x20000000    0x2000  <Block>
    CSTACK           uninit   0x20000000    0x2000  <Block tail>
                            - 0x20002000    0x2000

"P5", part 1 of 2:                            0xac
  P5 s0                       0x20010000      0xac  <Init block>
    .data            inited   0x20010000      0x48  xfiles.o [3]
    .data            inited   0x20010048      0x38  xlocale_c.o [3]
    .data            inited   0x20010080      0x20  touch.o [1]
    .data            inited   0x200100a0       0x4  main.o [1]
    .data            inited   0x200100a4       0x4  system_stm32f7xx.o [1]
    .data            inited   0x200100a8       0x1  apollo.o [1]
                            - 0x200100ac      0xac

"P5", part 2 of 2:                           0x30c
  .bss               zero     0x200100ac      0x80  apollo.o [1]
  .bss               zero     0x2001012c      0x70  apollo.o [1]
  .bss               zero     0x2001019c      0x60  apollo.o [1]
  .bss               zero     0x200101fc      0x50  xfiles.o [3]
  .bss               zero     0x2001024c      0x48  apollo.o [1]
  .bss               zero     0x20010294      0x40  apollo.o [1]
  .bss               zero     0x200102d4      0x40  apollo.o [1]
  .bss               zero     0x20010314      0x34  apollo.o [1]
  .bss               zero     0x20010348      0x1c  apollo.o [1]
  .bss               zero     0x20010364      0x1c  apollo.o [1]
  .bss               zero     0x20010380      0x10  apollo.o [1]
  .bss               zero     0x20010390       0xc  apollo.o [1]
  .bss               zero     0x2001039c       0x8  main.o [1]
  .bss               zero     0x200103a4       0x4  apollo.o [1]
  .bss               zero     0x200103a8       0x4  main.o [1]
  .bss               zero     0x200103ac       0x4  stm32f7xx_hal.o [1]
  .bss               zero     0x200103b0       0x4  xfail_s.o [3]
  .bss               zero     0x200103b4       0x2  apollo.o [1]
  .bss               zero     0x200103b6       0x1  apollo.o [1]
                            - 0x200103b7     0x30b

Absolute sections:                        0x1f4000
  .bss               zero     0xc0000000  0x1f4000  rgb.o [1]
                            - 0xc01f4000  0x1f4000


*******************************************************************************
*** INIT TABLE
***

          Address     Size
          -------     ----
Zero (__iar_zero_init3)
    2 destination ranges, total size 0x1f430b:
          0x200100ac     0x30b
          0xc0000000  0x1f4000

Copy (__iar_copy_init3)
    1 source range, total size 0xac (101% of destination):
          0x00205880      0xac
    1 destination range, total size 0xa9:
          0x20010000      0xa9



*******************************************************************************
*** MODULE SUMMARY
***

    Module                  ro code  ro data  rw data    rw data
                                                          (abs)
    ------                  -------  -------  -------    -------
D:\Apollo\gpio\Debug\Obj: [1]
    apollo.o                  2 892       17      680
    main.o                      348      152       16
    rgb.o                                              2 048 000
    startup_stm32f767xx.o       924
    stm32f7xx_hal.o             136                 4
    stm32f7xx_hal_adc.o       1 438
    stm32f7xx_hal_cortex.o      456
    stm32f7xx_hal_dma.o       1 334        8
    stm32f7xx_hal_gpio.o        620
    stm32f7xx_hal_pwr_ex.o      136
    stm32f7xx_hal_rcc.o       1 884
    stm32f7xx_hal_sdram.o       162
    stm32f7xx_hal_tim.o       2 058
    stm32f7xx_hal_tim_ex.o      528
    stm32f7xx_hal_uart.o      2 258
    stm32f7xx_it.o               22
    stm32f7xx_ll_fmc.o          364
    system_stm32f7xx.o          108       28        4
    touch.o                   1 496       56       32
    ------------------------------------------------------------
    Total:                   17 164      261      736  2 048 000

command line: [2]
    ------------------------------------------------------------
    Total:

dl7M_tlf.a: [3]
    abort.o                       6
    exit.o                        4
    low_level_init.o              4
    printf.o                     40
    putchar.o                    12
    sprintf.o                    64
    xfail_s.o                    68                 4
    xfiles.o                              72      152
    xlocale_c.o                  12       60       56
    xprintffull_nomb.o        3 558
    xprout.o                     22
    xsprout.o                    10
    ------------------------------------------------------------
    Total:                    3 800      132      212

m7M_tlv.a: [4]
    DblCmpGe.o                   46
    DblCmpLe.o                   46
    DblDiv.o                     18
    DblMul.o                     18
    DblSub.o                     18
    DblToS32.o                   14
    DblToU32.o                   14
    S32ToDbl.o                   14
    U32ToDbl.o                   14
    fpinit_M.o                   34
    frexp.o                     112
    ldexp.o                     260
    ------------------------------------------------------------
    Total:                      608

rt7M_tl.a: [5]
    ABImemcpy.o                 166
    I64DivMod.o                 238
    I64DivZer.o                   2
    cexit.o                      10
    cmain.o                      26
    copy_init3.o                 44
    cstartup_M.o                 12
    data_init.o                  40
    memchr.o                     88
    strchr.o                     22
    strlen.o                     54
    zero_init3.o                 64
    ------------------------------------------------------------
    Total:                      766

shb_l.a: [6]
    exit.o                       20
    ------------------------------------------------------------
    Total:                       20

    Gaps                         28        2
    Linker created                        47    8 192
----------------------------------------------------------------
    Grand Total:             22 386      442    9 140  2 048 000


*******************************************************************************
*** ENTRY LIST
***

Entry                      Address      Size  Type      Object
-----                      -------      ----  ----      ------
.iar.init_table$$Base   0x002055d8             --   Gb  - Linker created -
.iar.init_table$$Limit  0x00205604             --   Gb  - Linker created -
?main                   0x00205605            Code  Gb  cmain.o [5]
ADC_DMAConvCplt         0x00203f51      0x68  Code  Lc  stm32f7xx_hal_adc.o [1]
ADC_DMAError            0x00203fc5      0x16  Code  Lc  stm32f7xx_hal_adc.o [1]
ADC_DMAHalfConvCplt     0x00203fb9       0xa  Code  Lc  stm32f7xx_hal_adc.o [1]
ADC_Init                0x00203dcb     0x166  Code  Lc  stm32f7xx_hal_adc.o [1]
AHBPrescTable           0x0020568c      0x10  Data  Gb  system_stm32f7xx.o [1]
APBPrescTable           0x002056e0       0x8  Data  Gb  system_stm32f7xx.o [1]
BusFault_Handler        0x00205637       0x2  Code  Gb  stm32f7xx_it.o [1]
CEKONG_init             0x00201871      0xdc  Code  Gb  apollo.o [1]
CPU_CACHE_Enable        0x0020162d       0xc  Code  Gb  apollo.o [1]
CSTACK$$Base            0x20000000             --   Gb  - Linker created -
CSTACK$$Limit           0x20002000             --   Gb  - Linker created -
CT_Delay                0x00204ad7       0xa  Code  Gb  touch.o [1]
CT_IIC_Ack              0x00204c1b      0x60  Code  Gb  touch.o [1]
CT_IIC_Init             0x00204ae1      0x6c  Code  Gb  touch.o [1]
CT_IIC_NAck             0x00204c7b      0x60  Code  Gb  touch.o [1]
CT_IIC_Read_Byte        0x00204d2d      0x6a  Code  Gb  touch.o [1]
CT_IIC_Send_Byte        0x00204d97      0x78  Code  Gb  touch.o [1]
CT_IIC_Start            0x00204b4d      0x5e  Code  Gb  touch.o [1]
CT_IIC_Stop             0x00204cdb      0x52  Code  Gb  touch.o [1]
CT_IIC_Wait_Ack         0x00204bab      0x70  Code  Gb  touch.o [1]
DMA2_Stream0_IRQHandler
                        0x00201865       0xc  Code  Gb  apollo.o [1]
DMA_CalcBaseAndBitshift
                        0x00203963      0x30  Code  Lc  stm32f7xx_hal_dma.o [1]
DMA_CalcBaseAndBitshift::flagBitshiftOffset
                        0x002056d8       0x8  Data  Lc  stm32f7xx_hal_dma.o [1]
DMA_CheckFifoParam      0x002039a9      0x96  Code  Lc  stm32f7xx_hal_dma.o [1]
DMA_SetConfig           0x00203935      0x2e  Code  Lc  stm32f7xx_hal_dma.o [1]
DebugMon_Handler        0x0020563d       0x2  Code  Gb  stm32f7xx_it.o [1]
EXTI2_IRQHandler        0x00201e99      0x1e  Code  Gb  apollo.o [1]
EXTI3_IRQHandler        0x00201ecd      0x84  Code  Gb  apollo.o [1]
EXTI9_5_IRQHandler      0x00201f51      0x22  Code  Gb  apollo.o [1]
FMC_SDRAM_Init          0x002050f5      0x74  Code  Gb  stm32f7xx_ll_fmc.o [1]
FMC_SDRAM_ProgramRefreshRate
                        0x00205255       0xc  Code  Gb  stm32f7xx_ll_fmc.o [1]
FMC_SDRAM_SendCommand   0x00205205      0x50  Code  Gb  stm32f7xx_ll_fmc.o [1]
FMC_SDRAM_Timing_Init   0x00205169      0x96  Code  Gb  stm32f7xx_ll_fmc.o [1]
FT5206_Init             0x00204ec5     0x108  Code  Gb  touch.o [1]
FT5206_RD_Reg           0x00204e63      0x62  Code  Gb  touch.o [1]
FT5206_Scan             0x00204fcd      0xa2  Code  Gb  touch.o [1]
FT5206_TPX_TBL          0x002056b8       0xc  Data  Gb  touch.o [1]
FT5206_WR_Reg           0x00204e0f      0x54  Code  Gb  touch.o [1]
HAL_ADC_ConfigChannel   0x00203c2b     0x1a0  Code  Gb  stm32f7xx_hal_adc.o [1]
HAL_ADC_ConvCpltCallback
                        0x00201849      0x1c  Code  Gb  apollo.o [1]
HAL_ADC_Init            0x00203a41      0x64  Code  Gb  stm32f7xx_hal_adc.o [1]
HAL_ADC_MspInit         0x0020175d      0xec  Code  Gb  apollo.o [1]
HAL_ADC_Start_DMA       0x00203aa5     0x126  Code  Gb  stm32f7xx_hal_adc.o [1]
HAL_ADC_Stop_DMA        0x00203bcb      0x60  Code  Gb  stm32f7xx_hal_adc.o [1]
HAL_DMA_Abort           0x00203663      0x9c  Code  Gb  stm32f7xx_hal_dma.o [1]
HAL_DMA_Abort_IT        0x002036ff      0x26  Code  Gb  stm32f7xx_hal_dma.o [1]
HAL_DMA_IRQHandler      0x00203725     0x210  Code  Gb  stm32f7xx_hal_dma.o [1]
HAL_DMA_Init            0x00203509      0xda  Code  Gb  stm32f7xx_hal_dma.o [1]
HAL_DMA_Start_IT        0x002035e3      0x80  Code  Gb  stm32f7xx_hal_dma.o [1]
HAL_Delay               0x00204a8f      0x1a  Code  Wk  stm32f7xx_hal.o [1]
HAL_GPIO_Init           0x00202025     0x1fa  Code  Gb  stm32f7xx_hal_gpio.o [1]
HAL_GPIO_ReadPin        0x0020221f      0x12  Code  Gb  stm32f7xx_hal_gpio.o [1]
HAL_GPIO_TogglePin      0x00202245       0xa  Code  Gb  stm32f7xx_hal_gpio.o [1]
HAL_GPIO_WritePin       0x00202231      0x14  Code  Gb  stm32f7xx_hal_gpio.o [1]
HAL_GetTick             0x00204aa9       0xc  Code  Wk  stm32f7xx_hal.o [1]
HAL_IncTick             0x00205649      0x10  Code  Wk  stm32f7xx_hal.o [1]
HAL_Init                0x002053bd      0x22  Code  Gb  stm32f7xx_hal.o [1]
HAL_InitTick            0x002050bd      0x28  Code  Wk  stm32f7xx_hal.o [1]
HAL_MPU_ConfigRegion    0x0020347b      0x58  Code  Gb  stm32f7xx_hal_cortex.o [1]
HAL_MPU_Disable         0x00203445      0x18  Code  Gb  stm32f7xx_hal_cortex.o [1]
HAL_MPU_Enable          0x0020345d      0x1e  Code  Gb  stm32f7xx_hal_cortex.o [1]
HAL_NVIC_EnableIRQ      0x00203433       0xa  Code  Gb  stm32f7xx_hal_cortex.o [1]
HAL_NVIC_SetPriority    0x00203411      0x22  Code  Gb  stm32f7xx_hal_cortex.o [1]
HAL_NVIC_SetPriorityGrouping
                        0x00203409       0x8  Code  Gb  stm32f7xx_hal_cortex.o [1]
HAL_PWREx_EnableOverDrive
                        0x002032b9      0x7a  Code  Gb  stm32f7xx_hal_pwr_ex.o [1]
HAL_RCC_ClockConfig     0x0020300b     0x1a2  Code  Gb  stm32f7xx_hal_rcc.o [1]
HAL_RCC_GetHCLKFreq     0x00203239       0x6  Code  Gb  stm32f7xx_hal_rcc.o [1]
HAL_RCC_GetPCLK1Freq    0x0020323f      0x20  Code  Gb  stm32f7xx_hal_rcc.o [1]
HAL_RCC_GetPCLK2Freq    0x0020325f      0x20  Code  Gb  stm32f7xx_hal_rcc.o [1]
HAL_RCC_GetSysClockFreq
                        0x002031ad      0x8c  Code  Gb  stm32f7xx_hal_rcc.o [1]
HAL_RCC_OscConfig       0x00202b5d     0x4ae  Code  Gb  stm32f7xx_hal_rcc.o [1]
HAL_SDRAM_Init          0x002049ed      0x44  Code  Gb  stm32f7xx_hal_sdram.o [1]
HAL_SDRAM_MspInit       0x00201c65      0xf2  Code  Gb  apollo.o [1]
HAL_SDRAM_ProgramRefreshRate
                        0x00204a69      0x26  Code  Gb  stm32f7xx_hal_sdram.o [1]
HAL_SDRAM_SendCommand   0x00204a31      0x38  Code  Gb  stm32f7xx_hal_sdram.o [1]
HAL_SYSTICK_Config      0x0020343d       0x8  Code  Gb  stm32f7xx_hal_cortex.o [1]
HAL_TIMEx_BreakCallback
                        0x002050ed       0x2  Code  Wk  stm32f7xx_hal_tim_ex.o [1]
HAL_TIMEx_CommutationCallback
                        0x002050f1       0x2  Code  Wk  stm32f7xx_hal_tim_ex.o [1]
HAL_TIM_IC_CaptureCallback
                        0x00201e23      0x76  Code  Gb  apollo.o [1]
HAL_TIM_IC_ConfigChannel
                        0x00204299      0xd4  Code  Gb  stm32f7xx_hal_tim.o [1]
HAL_TIM_IC_Init         0x0020405d      0x38  Code  Gb  stm32f7xx_hal_tim.o [1]
HAL_TIM_IC_MspInit      0x00201b37      0x7c  Code  Gb  apollo.o [1]
HAL_TIM_IC_Start_IT     0x00204095      0x68  Code  Gb  stm32f7xx_hal_tim.o [1]
HAL_TIM_IRQHandler      0x00204105     0x194  Code  Gb  stm32f7xx_hal_tim.o [1]
HAL_TIM_PWM_ConfigChannel
                        0x002047e1     0x162  Code  Gb  stm32f7xx_hal_tim_ex.o [1]
HAL_TIM_PWM_Init        0x00203fdd      0x38  Code  Gb  stm32f7xx_hal_tim.o [1]
HAL_TIM_PWM_MspInit     0x00201a81      0x6c  Code  Gb  apollo.o [1]
HAL_TIM_PWM_Start       0x00204015      0x48  Code  Gb  stm32f7xx_hal_tim.o [1]
HAL_TIM_PeriodElapsedCallback
                        0x00201ddf      0x30  Code  Gb  apollo.o [1]
HAL_TIM_ReadCapturedValue
                        0x0020436d      0x48  Code  Gb  stm32f7xx_hal_tim.o [1]
HAL_UART_IRQHandler     0x002023db     0x146  Code  Gb  stm32f7xx_hal_uart.o [1]
HAL_UART_Init           0x00202291      0x7e  Code  Gb  stm32f7xx_hal_uart.o [1]
HAL_UART_MspInit        0x0020194d      0xf0  Code  Gb  apollo.o [1]
HAL_UART_Transmit       0x0020230f      0xcc  Code  Gb  stm32f7xx_hal_uart.o [1]
HardFault_Handler       0x00205635       0x2  Code  Gb  stm32f7xx_it.o [1]
ICEKONG                 0x2001024c      0x48  Data  Gb  apollo.o [1]
IC_Config               0x20010380      0x10  Data  Gb  apollo.o [1]
IC_init                 0x00201aed      0x4a  Code  Gb  apollo.o [1]
IConfig                 0x20010348      0x1c  Data  Gb  apollo.o [1]
IDMA_ADC                0x2001019c      0x60  Data  Gb  apollo.o [1]
ISDRAM                  0x20010314      0x34  Data  Gb  apollo.o [1]
ISDRAM_Timing           0x20010364      0x1c  Data  Gb  apollo.o [1]
ITIM3                   0x20010294      0x40  Data  Gb  apollo.o [1]
ITIM5                   0x200102d4      0x40  Data  Gb  apollo.o [1]
IUART                   0x2001012c      0x70  Data  Gb  apollo.o [1]
KEY_init                0x002015c3      0x42  Code  Gb  apollo.o [1]
LED_init                0x00201583      0x40  Code  Gb  apollo.o [1]
LoadInt                 0x00200397      0x7a  Code  Lc  xprintffull_nomb.o [3]
MPU_init                0x0020174b      0x12  Code  Gb  apollo.o [1]
MPU_set_protection      0x002016fd      0x4e  Code  Gb  apollo.o [1]
MemManage_Handler       0x00201f83       0xe  Code  Gb  apollo.o [1]
NMI_Handler             0x00205633       0x2  Code  Gb  stm32f7xx_it.o [1]
NVIC_EnableIRQ          0x00203367      0x14  Code  Lc  stm32f7xx_hal_cortex.o [1]
NVIC_EncodePriority     0x0020339d      0x3e  Code  Lc  stm32f7xx_hal_cortex.o [1]
NVIC_GetPriorityGrouping
                        0x0020335d       0xa  Code  Lc  stm32f7xx_hal_cortex.o [1]
NVIC_SetPriority        0x0020337b      0x22  Code  Lc  stm32f7xx_hal_cortex.o [1]
NVIC_SetPriorityGrouping
                        0x00203341      0x1c  Code  Lc  stm32f7xx_hal_cortex.o [1]
NVIC_SystemReset        0x002014d9      0x22  Code  Lc  apollo.o [1]
PWM_init                0x00201a3d      0x44  Code  Gb  apollo.o [1]
PendSV_Handler          0x0020563f       0x2  Code  Gb  stm32f7xx_it.o [1]
Region$$Table$$Base     0x002055d8             --   Gb  - Linker created -
Region$$Table$$Limit    0x00205604             --   Gb  - Linker created -
SCB_EnableDCache        0x00201525      0x5e  Code  Lc  apollo.o [1]
SCB_EnableICache        0x002014fb      0x2a  Code  Lc  apollo.o [1]
SDRAM_Initialization_Sequence
                        0x00201d57      0x4a  Code  Gb  apollo.o [1]
SDRAM_Send_Cmd          0x00201da1      0x3e  Code  Gb  apollo.o [1]
SDRAM_init              0x00201bb3      0xb2  Code  Gb  apollo.o [1]
SVC_Handler             0x0020563b       0x2  Code  Gb  stm32f7xx_it.o [1]
SysTick_Config          0x002033db      0x2e  Code  Lc  stm32f7xx_hal_cortex.o [1]
SysTick_Handler         0x00205641       0x8  Code  Gb  stm32f7xx_it.o [1]
SystemClock_Config      0x00201639      0xae  Code  Gb  apollo.o [1]
SystemCoreClock         0x200100a4       0x4  Data  Gb  system_stm32f7xx.o [1]
SystemInit              0x00205429      0x4c  Code  Gb  system_stm32f7xx.o [1]
TIM3_IRQHandler         0x00201e0f       0xa  Code  Gb  apollo.o [1]
TIM5_IRQHandler         0x00201e19       0xa  Code  Gb  apollo.o [1]
TIM_Base_SetConfig      0x002043b5      0xec  Code  Gb  stm32f7xx_hal_tim.o [1]
TIM_CCxChannelCmd       0x002047c3      0x1e  Code  Gb  stm32f7xx_hal_tim.o [1]
TIM_OC1_SetConfig       0x002044a1      0x6c  Code  Gb  stm32f7xx_hal_tim.o [1]
TIM_OC2_SetConfig       0x0020450d      0x76  Code  Gb  stm32f7xx_hal_tim.o [1]
TIM_OC3_SetConfig       0x00204583      0x74  Code  Gb  stm32f7xx_hal_tim.o [1]
TIM_OC4_SetConfig       0x002045f7      0x5e  Code  Gb  stm32f7xx_hal_tim.o [1]
TIM_OC5_SetConfig       0x00204943      0x4c  Code  Lc  stm32f7xx_hal_tim_ex.o [1]
TIM_OC6_SetConfig       0x0020498f      0x4e  Code  Lc  stm32f7xx_hal_tim_ex.o [1]
TIM_TI1_SetConfig       0x00204655      0x7e  Code  Gb  stm32f7xx_hal_tim.o [1]
TIM_TI2_SetConfig       0x00204709      0x3e  Code  Lc  stm32f7xx_hal_tim.o [1]
TIM_TI3_SetConfig       0x00204747      0x3e  Code  Lc  stm32f7xx_hal_tim.o [1]
TIM_TI4_SetConfig       0x00204785      0x3e  Code  Lc  stm32f7xx_hal_tim.o [1]
UART_AdvFeatureConfig   0x00202a39      0xda  Code  Gb  stm32f7xx_hal_uart.o [1]
UART_CheckIdleState     0x00202b13      0x4a  Code  Gb  stm32f7xx_hal_uart.o [1]
UART_DMAAbortOnError    0x00202591      0x16  Code  Lc  stm32f7xx_hal_uart.o [1]
UART_EndRxTransfer      0x002026b5      0x20  Code  Lc  stm32f7xx_hal_uart.o [1]
UART_EndTransmit_IT     0x00202613      0x1c  Code  Lc  stm32f7xx_hal_uart.o [1]
UART_Receive_IT         0x0020262f      0x86  Code  Lc  stm32f7xx_hal_uart.o [1]
UART_SetConfig          0x002026d5     0x330  Code  Gb  stm32f7xx_hal_uart.o [1]
UART_Transmit_IT        0x002025a7      0x6c  Code  Lc  stm32f7xx_hal_uart.o [1]
UART_WaitOnFlagUntilTimeout
                        0x00202521      0x6e  Code  Gb  stm32f7xx_hal_uart.o [1]
UART_init               0x00201605      0x28  Code  Gb  apollo.o [1]
USART2_IRQHandler       0x00201f79       0xa  Code  Gb  apollo.o [1]
UsageFault_Handler      0x00205639       0x2  Code  Gb  stm32f7xx_it.o [1]
_GenldFullNoMb          0x00200cfb     0x256  Code  Lc  xprintffull_nomb.o [3]
_LdtobFullNoMb          0x002008d3     0x3fe  Code  Lc  xprintffull_nomb.o [3]
_LitobFullNoMb          0x00200783     0x10a  Code  Lc  xprintffull_nomb.o [3]
_Locale_lconv           0x20010048      0x38  Data  Lc  xlocale_c.o [3]
_PrintfFullNoMb         0x002001f9     0x190  Code  Gb  xprintffull_nomb.o [3]
_Prout                  0x00205659      0x16  Code  Gb  xprout.o [3]
_PutcharsFullNoMb       0x00200f51      0x2e  Code  Lc  xprintffull_nomb.o [3]
_PutfldFullNoMb         0x00200411     0x264  Code  Lc  xprintffull_nomb.o [3]
_PuttxtFullNoMb         0x00200675     0x10e  Code  Lc  xprintffull_nomb.o [3]
_SProut                 0x00200fdf       0xa  Code  Gb  xsprout.o [3]
__aeabi_cdcmple         0x002012ed            Code  Gb  DblCmpLe.o [4]
__aeabi_cdrcmple        0x0020131d            Code  Gb  DblCmpGe.o [4]
__aeabi_d2iz            0x00201451       0xe  Code  Gb  DblToS32.o [4]
__aeabi_d2uiz           0x00201491       0xe  Code  Gb  DblToU32.o [4]
__aeabi_ddiv            0x0020147f      0x12  Code  Gb  DblDiv.o [4]
__aeabi_dmul            0x002011c3      0x12  Code  Gb  DblMul.o [4]
__aeabi_dsub            0x0020146d      0x12  Code  Gb  DblSub.o [4]
__aeabi_i2d             0x0020145f       0xe  Code  Gb  S32ToDbl.o [4]
__aeabi_ldiv0           0x002014c1            Code  Gb  I64DivZer.o [5]
__aeabi_memcpy          0x002011d5            Code  Gb  ABImemcpy.o [5]
__aeabi_memcpy4         0x002011f5            Code  Gb  ABImemcpy.o [5]
__aeabi_memcpy8         0x002011f5            Code  Gb  ABImemcpy.o [5]
__aeabi_ui2d            0x0020149f       0xe  Code  Gb  U32ToDbl.o [4]
__aeabi_uldivmod        0x002010d5            Code  Gb  I64DivMod.o [5]
__cmain                 0x00205605            Code  Gb  cmain.o [5]
__exit                  0x002014c5      0x14  Code  Gb  exit.o [6]
__iar_Fail_s            0x00201001      0x1e  Code  Gb  xfail_s.o [3]
__iar_Memchr            0x0020107d            Code  Gb  memchr.o [5]
__iar_Stdout            0x20010000      0x48  Data  Gb  xfiles.o [3]
__iar_Strchr            0x00200fe9            Code  Gb  strchr.o [5]
__iar_copy_init3        0x00205561      0x2c  Code  Gb  copy_init3.o [5]
__iar_data_init3        0x0020558d      0x28  Code  Gb  data_init.o [5]
__iar_frexp             0x00201289            Code  Gb  frexp.o [4]
__iar_frexpl            0x00201289            Code  Gb  frexp.o [4]
__iar_init_vfp          0x002055b5            Code  Gb  fpinit_M.o [4]
__iar_ldexp64           0x00201361            Code  Gb  ldexp.o [4]
__iar_program_start     0x002056c5            Code  Gb  cstartup_M.o [5]
__iar_scalbln64         0x00201361            Code  Gb  ldexp.o [4]
__iar_scalbn64          0x00201361            Code  Gb  ldexp.o [4]
__iar_softfp___iar_frexp64
                        0x0020127d            Code  Gb  frexp.o [4]
__iar_softfp___iar_ldexp64
                        0x0020134d            Code  Gb  ldexp.o [4]
__iar_softfp___iar_scalbln64
                        0x0020134d            Code  Gb  ldexp.o [4]
__iar_softfp___iar_scalbn64
                        0x0020134d            Code  Gb  ldexp.o [4]
__iar_softfp_frexp      0x0020127d            Code  Gb  frexp.o [4]
__iar_softfp_frexpl     0x0020127d            Code  Gb  frexp.o [4]
__iar_softfp_ldexp      0x0020134d            Code  Gb  ldexp.o [4]
__iar_softfp_ldexpl     0x0020134d            Code  Gb  ldexp.o [4]
__iar_softfp_scalbln    0x0020134d            Code  Gb  ldexp.o [4]
__iar_softfp_scalblnl   0x0020134d            Code  Gb  ldexp.o [4]
__iar_softfp_scalbn     0x0020134d            Code  Gb  ldexp.o [4]
__iar_softfp_scalbnl    0x0020134d            Code  Gb  ldexp.o [4]
__iar_systems$$module {Abs}
                        0x00000001            Data  Gb  command line/config [2]
__iar_zero_init3        0x00205495      0x40  Code  Gb  zero_init3.o [5]
__low_level_init        0x0020561f       0x4  Code  Gb  low_level_init.o [3]
__vector_table          0x00200000            Data  Gb  startup_stm32f767xx.o [1]
_call_main              0x00205611            Code  Gb  cmain.o [5]
_exit                   0x00205629            Code  Gb  cexit.o [5]
_main                   0x0020561b            Code  Gb  cmain.o [5]
abort                   0x002014b9       0x6  Code  Gb  abort.o [3]
delay_ms                0x00204ab5       0x8  Code  Gb  touch.o [1]
delay_us                0x00204abd      0x1a  Code  Gb  touch.o [1]
dma_adc_flag            0x200103b4       0x2  Data  Gb  apollo.o [1]
exit                    0x00205623       0x4  Code  Gb  exit.o [3]
fputc                   0x002016e7      0x16  Code  Gb  apollo.o [1]
ic_state                0x200103b6       0x1  Data  Gb  apollo.o [1]
ic_value                0x200103a4       0x4  Data  Gb  apollo.o [1]
key_qd                  0x20010390       0xc  Data  Gb  apollo.o [1]
lcd_led_flag            0x200100a8       0x1  Data  Gb  apollo.o [1]
ldexp                   0x00201361            Code  Gb  ldexp.o [4]
ldexpl                  0x00201361            Code  Gb  ldexp.o [4]
localeconv              0x002014ad       0x4  Code  Gb  xlocale_c.o [3]
ltdc_lcd_framebuf       0xc0000000  0x1f4000  Data  Gb  rgb.o [1]
main                    0x00205261     0x15c  Code  Gb  main.o [1]
memchr                  0x0020107d            Code  Gb  memchr.o [5]
mpudata                 0x200100a0       0x4  Data  Gb  main.o [1]
mpup                    0x200103a8       0x4  Data  Gb  main.o [1]
obuf                    0x200101fc      0x50  Data  Lc  xfiles.o [3]
printf                  0x0020508d      0x28  Code  Gb  printf.o [3]
putchar                 0x00205671       0xc  Code  Gb  putchar.o [3]
raw_icekong             0x2001039c       0x8  Data  Gb  main.o [1]
rstr                    0x200100ac      0x80  Data  Gb  apollo.o [1]
scalbln                 0x00201361            Code  Gb  ldexp.o [4]
scalblnl                0x00201361            Code  Gb  ldexp.o [4]
scalbn                  0x00201361            Code  Gb  ldexp.o [4]
scalbnl                 0x00201361            Code  Gb  ldexp.o [4]
scale                   0x0020088d      0x46  Code  Lc  xprintffull_nomb.o [3]
sec_hand                0x200103b0       0x4  Data  Lc  xfail_s.o [3]
sprintf                 0x002053e9      0x40  Code  Gb  sprintf.o [3]
strchr                  0x00200fe9            Code  Gb  strchr.o [5]
strlen                  0x00201045            Code  Gb  strlen.o [5]
tp_dev                  0x20010080      0x20  Data  Gb  touch.o [1]
uwTick                  0x200103ac       0x4  Data  Gb  stm32f7xx_hal.o [1]


[1] = D:\Apollo\gpio\Debug\Obj
[2] = command line
[3] = dl7M_tlf.a
[4] = m7M_tlv.a
[5] = rt7M_tl.a
[6] = shb_l.a

  22 386 bytes of readonly  code memory
     442 bytes of readonly  data memory
   9 140 bytes of readwrite data memory (+ 2 048 000 absolute)

Errors: none
Warnings: none
