###############################################################################
#
# IAR ELF Linker V8.11.1.13263/W32 for ARM                26/Apr/2017  11:22:25
# Copyright 2007-2017 IAR Systems AB.
#
#    Output file  =  D:\Apollo\gpio\Debug\Exe\gpio.out
#    Map file     =  D:\Apollo\gpio\Debug\List\gpio.map
#    Command line =  
#        -f C:\Users\iysheng\AppData\Local\Temp\EW1B3D.tmp
#        (D:\Apollo\gpio\Debug\Obj\apollo.o D:\Apollo\gpio\Debug\Obj\main.o
#        D:\Apollo\gpio\Debug\Obj\startup_stm32f767xx.o
#        D:\Apollo\gpio\Debug\Obj\stm32f7xx_hal.o
#        D:\Apollo\gpio\Debug\Obj\stm32f7xx_hal_adc.o
#        D:\Apollo\gpio\Debug\Obj\stm32f7xx_hal_cortex.o
#        D:\Apollo\gpio\Debug\Obj\stm32f7xx_hal_dma.o
#        D:\Apollo\gpio\Debug\Obj\stm32f7xx_hal_gpio.o
#        D:\Apollo\gpio\Debug\Obj\stm32f7xx_hal_pwr_ex.o
#        D:\Apollo\gpio\Debug\Obj\stm32f7xx_hal_rcc.o
#        D:\Apollo\gpio\Debug\Obj\stm32f7xx_hal_tim.o
#        D:\Apollo\gpio\Debug\Obj\stm32f7xx_hal_tim_ex.o
#        D:\Apollo\gpio\Debug\Obj\stm32f7xx_hal_uart.o
#        D:\Apollo\gpio\Debug\Obj\stm32f7xx_it.o
#        D:\Apollo\gpio\Debug\Obj\system_stm32f7xx.o -o
#        D:\Apollo\gpio\Debug\Exe\gpio.out --redirect _Printf=_PrintfFullNoMb
#        --redirect _Scanf=_ScanfFullNoMb --map
#        D:\Apollo\gpio\Debug\List\gpio.map --config "D:\Program Files
#        (x86)\IAR Systems\Embedded Workbench
#        8.0\arm\config\linker\ST\stm32f767xG.icf" --semihosting --entry
#        __iar_program_start --vfe --text_out locale)
#
###############################################################################

*******************************************************************************
*** RUNTIME MODEL ATTRIBUTES
***

CppFlavor       = *
__SystemLibrary = DLib
__dlib_version  = 6


*******************************************************************************
*** HEAP SELECTION
***

The basic heap was selected because no calls to memory allocation
functions were found in the application outside of system library
functions, and there are calls to deallocation functions in the
application.


*******************************************************************************
*** PLACEMENT SUMMARY
***

"A0":  place at 0x00200000 { ro section .intvec };
"P1":  place in [from 0x00200000 to 0x002fffff] { ro };
"P4":  place in [from 0x20000000 to 0x2000ffff] { block CSTACK };
"P5":  place in [from 0x20010000 to 0x2004bfff] |
                [from 0x2004c000 to 0x2004ffff] { rw, block HEAP };
initialize by copy { rw };

  Section            Kind        Address    Size  Object
  -------            ----        -------    ----  ------
"A0":                                      0x1f8
  .intvec            ro code  0x00200000   0x1f8  startup_stm32f767xx.o [1]
                            - 0x002001f8   0x1f8

"P1":                                     0x322c
  .text              ro code  0x002001f8   0xde6  xprintffull_nomb.o [3]
  .text              ro code  0x00200fde     0xa  xsprout.o [3]
  .text              ro code  0x00200fe8    0x16  strchr.o [5]
  .text              ro code  0x00201000    0x44  xfail_s.o [3]
  .text              ro code  0x00201044    0x36  strlen.o [5]
  .text              ro code  0x0020107c    0x58  memchr.o [5]
  .text              ro code  0x002010d4    0xee  I64DivMod.o [5]
  .text              ro code  0x002011c2    0x12  DblMul.o [4]
  .text              ro code  0x002011d4    0xa6  ABImemcpy.o [5]
  .text              ro code  0x0020127c    0x70  frexp.o [4]
  .text              ro code  0x002012ec    0x2e  DblCmpLe.o [4]
  .text              ro code  0x0020131c    0x2e  DblCmpGe.o [4]
  .text              ro code  0x0020134c   0x104  ldexp.o [4]
  .text              ro code  0x00201450     0xe  DblToS32.o [4]
  .text              ro code  0x0020145e     0xe  S32ToDbl.o [4]
  .text              ro code  0x0020146c    0x12  DblSub.o [4]
  .text              ro code  0x0020147e    0x12  DblDiv.o [4]
  .text              ro code  0x00201490     0xe  DblToU32.o [4]
  .text              ro code  0x0020149e     0xe  U32ToDbl.o [4]
  .text              ro code  0x002014ac     0xc  xlocale_c.o [3]
  .text              ro code  0x002014b8     0x6  abort.o [3]
  .text              ro code  0x002014c0     0x2  I64DivZer.o [5]
  .text              ro code  0x002014c4    0x14  exit.o [6]
  .text              ro code  0x002014d8   0x8cc  stm32f7xx_hal_uart.o [1]
  .text              ro code  0x00201da4   0x388  apollo.o [1]
  .text              ro code  0x0020212c     0xc  stm32f7xx_hal.o [1]
  .text              ro code  0x00202138    0x26  stm32f7xx_hal_dma.o [1]
  .text              ro code  0x0020215e     0x2  stm32f7xx_hal_uart.o [1]
  .text              ro code  0x00202160     0x2  stm32f7xx_hal_uart.o [1]
  .text              ro code  0x00202162     0x2  stm32f7xx_hal_uart.o [1]
  .text              ro code  0x00202164    0xf0  stm32f7xx_hal_rcc.o [1]
  .text              ro code  0x00202254   0x250  stm32f7xx_hal_gpio.o [1]
  .text              ro code  0x002024a4   0x51e  stm32f7xx_hal_adc.o [1]
  .text              ro code  0x002029c4   0x300  stm32f7xx_hal_tim.o [1]
  .text              ro code  0x00202cc4   0x124  stm32f7xx_hal_cortex.o [1]
  .text              ro code  0x00202de8     0x2  stm32f7xx_hal_tim.o [1]
  .text              ro code  0x00202dea     0x2  stm32f7xx_hal_tim.o [1]
  .text              ro code  0x00202dec     0x2  stm32f7xx_hal_tim.o [1]
  .text              ro code  0x00202dee     0x2  stm32f7xx_hal_tim_ex.o [1]
  .text              ro code  0x00202df0     0x2  stm32f7xx_hal_tim.o [1]
  .text              ro code  0x00202df2     0x2  stm32f7xx_hal_tim_ex.o [1]
  .text              ro code  0x00202df4    0xd4  main.o [1]
  .text              ro code  0x00202ec8    0x2a  stm32f7xx_hal.o [1]
  .text              ro code  0x00202ef4    0x28  printf.o [3]
  .text              ro code  0x00202f1c    0x40  sprintf.o [3]
  .text              ro code  0x00202f5c    0x1a  stm32f7xx_hal.o [1]
  .text              ro code  0x00202f78    0x28  stm32f7xx_hal.o [1]
  .text              ro code  0x00202fa0    0x6c  system_stm32f7xx.o [1]
  .text              ro code  0x0020300c    0x40  zero_init3.o [5]
  .rodata            const    0x0020304c    0x30  main.o [1]
  .rodata            const    0x0020307c    0x2c  main.o [1]
  .text              ro code  0x002030a8    0x2c  copy_init3.o [5]
  .text              ro code  0x002030d4    0x28  data_init.o [5]
  .text              ro code  0x002030fc    0x22  fpinit_M.o [4]
  .iar.init_table    const    0x00203120    0x24  - Linker created -
  .text              ro code  0x00203144    0x1a  cmain.o [5]
  .text              ro code  0x0020315e     0x4  low_level_init.o [3]
  .text              ro code  0x00203162     0x4  exit.o [3]
  .text              ro code  0x00203168     0xa  cexit.o [5]
  .rodata            const    0x00203174    0x18  main.o [1]
  .text              ro code  0x0020318c    0x18  stm32f7xx_it.o [1]
  .text              ro code  0x002031a4    0x10  stm32f7xx_hal.o [1]
  .text              ro code  0x002031b4    0x16  xprout.o [3]
  .text              ro code  0x002031cc     0xc  putchar.o [3]
  .text              ro code  0x002031d8    0x10  startup_stm32f767xx.o [1]
  .text              ro code  0x002031e8     0xc  cstartup_M.o [5]
  .rodata            const    0x002031f4     0x8  system_stm32f7xx.o [1]
  .rodata            const    0x002031fc     0x4  xlocale_c.o [3]
  .text              ro code  0x00203200     0x4  startup_stm32f767xx.o [1]
  .text              ro code  0x00203204     0x4  startup_stm32f767xx.o [1]
  .text              ro code  0x00203208     0x4  startup_stm32f767xx.o [1]
  .text              ro code  0x0020320c     0x4  startup_stm32f767xx.o [1]
  .text              ro code  0x00203210     0x4  startup_stm32f767xx.o [1]
  .text              ro code  0x00203214     0x4  startup_stm32f767xx.o [1]
  .text              ro code  0x00203218     0x4  startup_stm32f767xx.o [1]
  .text              ro code  0x0020321c     0x4  startup_stm32f767xx.o [1]
  .text              ro code  0x00203220     0x4  startup_stm32f767xx.o [1]
  .text              ro code  0x00203224     0x4  startup_stm32f767xx.o [1]
  .text              ro code  0x00203228     0x4  startup_stm32f767xx.o [1]
  .text              ro code  0x0020322c     0x4  startup_stm32f767xx.o [1]
  .text              ro code  0x00203230     0x4  startup_stm32f767xx.o [1]
  .text              ro code  0x00203234     0x4  startup_stm32f767xx.o [1]
  .text              ro code  0x00203238     0x4  startup_stm32f767xx.o [1]
  .text              ro code  0x0020323c     0x4  startup_stm32f767xx.o [1]
  .text              ro code  0x00203240     0x4  startup_stm32f767xx.o [1]
  .text              ro code  0x00203244     0x4  startup_stm32f767xx.o [1]
  .text              ro code  0x00203248     0x4  startup_stm32f767xx.o [1]
  .text              ro code  0x0020324c     0x4  startup_stm32f767xx.o [1]
  .text              ro code  0x00203250     0x4  startup_stm32f767xx.o [1]
  .text              ro code  0x00203254     0x4  startup_stm32f767xx.o [1]
  .text              ro code  0x00203258     0x4  startup_stm32f767xx.o [1]
  .text              ro code  0x0020325c     0x4  startup_stm32f767xx.o [1]
  .text              ro code  0x00203260     0x4  startup_stm32f767xx.o [1]
  .text              ro code  0x00203264     0x4  startup_stm32f767xx.o [1]
  .text              ro code  0x00203268     0x4  startup_stm32f767xx.o [1]
  .text              ro code  0x0020326c     0x4  startup_stm32f767xx.o [1]
  .text              ro code  0x00203270     0x4  startup_stm32f767xx.o [1]
  .text              ro code  0x00203274     0x4  startup_stm32f767xx.o [1]
  .text              ro code  0x00203278     0x4  startup_stm32f767xx.o [1]
  .text              ro code  0x0020327c     0x4  startup_stm32f767xx.o [1]
  .text              ro code  0x00203280     0x4  startup_stm32f767xx.o [1]
  .text              ro code  0x00203284     0x4  startup_stm32f767xx.o [1]
  .text              ro code  0x00203288     0x4  startup_stm32f767xx.o [1]
  .text              ro code  0x0020328c     0x4  startup_stm32f767xx.o [1]
  .text              ro code  0x00203290     0x4  startup_stm32f767xx.o [1]
  .text              ro code  0x00203294     0x4  startup_stm32f767xx.o [1]
  .text              ro code  0x00203298     0x4  startup_stm32f767xx.o [1]
  .text              ro code  0x0020329c     0x4  startup_stm32f767xx.o [1]
  .text              ro code  0x002032a0     0x4  startup_stm32f767xx.o [1]
  .text              ro code  0x002032a4     0x4  startup_stm32f767xx.o [1]
  .text              ro code  0x002032a8     0x4  startup_stm32f767xx.o [1]
  .text              ro code  0x002032ac     0x4  startup_stm32f767xx.o [1]
  .text              ro code  0x002032b0     0x4  startup_stm32f767xx.o [1]
  .text              ro code  0x002032b4     0x4  startup_stm32f767xx.o [1]
  .text              ro code  0x002032b8     0x4  startup_stm32f767xx.o [1]
  .text              ro code  0x002032bc     0x4  startup_stm32f767xx.o [1]
  .text              ro code  0x002032c0     0x4  startup_stm32f767xx.o [1]
  .text              ro code  0x002032c4     0x4  startup_stm32f767xx.o [1]
  .text              ro code  0x002032c8     0x4  startup_stm32f767xx.o [1]
  .text              ro code  0x002032cc     0x4  startup_stm32f767xx.o [1]
  .text              ro code  0x002032d0     0x4  startup_stm32f767xx.o [1]
  .text              ro code  0x002032d4     0x4  startup_stm32f767xx.o [1]
  .text              ro code  0x002032d8     0x4  startup_stm32f767xx.o [1]
  .text              ro code  0x002032dc     0x4  startup_stm32f767xx.o [1]
  .text              ro code  0x002032e0     0x4  startup_stm32f767xx.o [1]
  .text              ro code  0x002032e4     0x4  startup_stm32f767xx.o [1]
  .text              ro code  0x002032e8     0x4  startup_stm32f767xx.o [1]
  .text              ro code  0x002032ec     0x4  startup_stm32f767xx.o [1]
  .text              ro code  0x002032f0     0x4  startup_stm32f767xx.o [1]
  .text              ro code  0x002032f4     0x4  startup_stm32f767xx.o [1]
  .text              ro code  0x002032f8     0x4  startup_stm32f767xx.o [1]
  .text              ro code  0x002032fc     0x4  startup_stm32f767xx.o [1]
  .text              ro code  0x00203300     0x4  startup_stm32f767xx.o [1]
  .text              ro code  0x00203304     0x4  startup_stm32f767xx.o [1]
  .text              ro code  0x00203308     0x4  startup_stm32f767xx.o [1]
  .text              ro code  0x0020330c     0x4  startup_stm32f767xx.o [1]
  .text              ro code  0x00203310     0x4  startup_stm32f767xx.o [1]
  .text              ro code  0x00203314     0x4  startup_stm32f767xx.o [1]
  .text              ro code  0x00203318     0x4  startup_stm32f767xx.o [1]
  .text              ro code  0x0020331c     0x4  startup_stm32f767xx.o [1]
  .text              ro code  0x00203320     0x4  startup_stm32f767xx.o [1]
  .text              ro code  0x00203324     0x4  startup_stm32f767xx.o [1]
  .text              ro code  0x00203328     0x4  startup_stm32f767xx.o [1]
  .text              ro code  0x0020332c     0x4  startup_stm32f767xx.o [1]
  .text              ro code  0x00203330     0x4  startup_stm32f767xx.o [1]
  .text              ro code  0x00203334     0x4  startup_stm32f767xx.o [1]
  .text              ro code  0x00203338     0x4  startup_stm32f767xx.o [1]
  .text              ro code  0x0020333c     0x4  startup_stm32f767xx.o [1]
  .text              ro code  0x00203340     0x4  startup_stm32f767xx.o [1]
  .text              ro code  0x00203344     0x4  startup_stm32f767xx.o [1]
  .text              ro code  0x00203348     0x4  startup_stm32f767xx.o [1]
  .text              ro code  0x0020334c     0x4  startup_stm32f767xx.o [1]
  .text              ro code  0x00203350     0x4  startup_stm32f767xx.o [1]
  .text              ro code  0x00203354     0x4  startup_stm32f767xx.o [1]
  .text              ro code  0x00203358     0x4  startup_stm32f767xx.o [1]
  .text              ro code  0x0020335c     0x4  startup_stm32f767xx.o [1]
  .text              ro code  0x00203360     0x4  startup_stm32f767xx.o [1]
  .text              ro code  0x00203364     0x4  startup_stm32f767xx.o [1]
  .text              ro code  0x00203368     0x4  startup_stm32f767xx.o [1]
  .text              ro code  0x0020336c     0x4  startup_stm32f767xx.o [1]
  .text              ro code  0x00203370     0x4  startup_stm32f767xx.o [1]
  .text              ro code  0x00203374     0x4  startup_stm32f767xx.o [1]
  .text              ro code  0x00203378     0x4  startup_stm32f767xx.o [1]
  .text              ro code  0x0020337c     0x4  startup_stm32f767xx.o [1]
  .text              ro code  0x00203380     0x4  startup_stm32f767xx.o [1]
  .text              ro code  0x00203384     0x4  startup_stm32f767xx.o [1]
  .text              ro code  0x00203388     0x4  startup_stm32f767xx.o [1]
  .text              ro code  0x0020338c     0x4  startup_stm32f767xx.o [1]
  .text              ro code  0x00203390     0x4  startup_stm32f767xx.o [1]
  .text              ro code  0x00203394     0x4  startup_stm32f767xx.o [1]
  .text              ro code  0x00203398     0x4  startup_stm32f767xx.o [1]
  .text              ro code  0x0020339c     0x4  startup_stm32f767xx.o [1]
  .rodata            const    0x002033a0     0x0  zero_init3.o [5]
  .rodata            const    0x002033a0     0x0  copy_init3.o [5]
  Initializer bytes  const    0x002033a0    0x84  <for P5 s0>
                            - 0x00203424  0x322c

"P4":                                     0x2000
  CSTACK                      0x20000000  0x2000  <Block>
    CSTACK           uninit   0x20000000  0x2000  <Block tail>
                            - 0x20002000  0x2000

"P5", part 1 of 2:                          0x84
  P5 s0                       0x20010000    0x84  <Init block>
    .data            inited   0x20010000    0x48  xfiles.o [3]
    .data            inited   0x20010048    0x38  xlocale_c.o [3]
    .data            inited   0x20010080     0x4  system_stm32f7xx.o [1]
                            - 0x20010084    0x84

"P5", part 2 of 2:                         0x174
  .bss               zero     0x20010084    0x70  apollo.o [1]
  .bss               zero     0x200100f4    0x50  xfiles.o [3]
  .bss               zero     0x20010144    0x48  apollo.o [1]
  .bss               zero     0x2001018c    0x40  apollo.o [1]
  .bss               zero     0x200101cc    0x20  apollo.o [1]
  .bss               zero     0x200101ec     0x4  apollo.o [1]
  .bss               zero     0x200101f0     0x4  stm32f7xx_hal.o [1]
  .bss               zero     0x200101f4     0x4  xfail_s.o [3]
                            - 0x200101f8   0x174


*******************************************************************************
*** INIT TABLE
***

          Address     Size
          -------     ----
Zero (__iar_zero_init3)
    1 destination range, total size 0x174:
          0x20010084  0x174

Copy (__iar_copy_init3)
    1 source range, total size 0x84:
          0x002033a0   0x84
    1 destination range, total size 0x84:
          0x20010000   0x84



*******************************************************************************
*** MODULE SUMMARY
***

    Module                  ro code  ro data  rw data
    ------                  -------  -------  -------
D:\Apollo\gpio\Debug\Obj: [1]
    apollo.o                    904               284
    main.o                      212      116
    startup_stm32f767xx.o       936
    stm32f7xx_hal.o             136                 4
    stm32f7xx_hal_adc.o       1 310
    stm32f7xx_hal_cortex.o      292
    stm32f7xx_hal_dma.o          38
    stm32f7xx_hal_gpio.o        592
    stm32f7xx_hal_rcc.o         240
    stm32f7xx_hal_tim.o         776
    stm32f7xx_hal_tim_ex.o        4
    stm32f7xx_hal_uart.o      2 258
    stm32f7xx_it.o               24
    system_stm32f7xx.o          108       12        4
    -------------------------------------------------
    Total:                    7 830      128      292

command line: [2]
    -------------------------------------------------
    Total:

dl7M_tlf.a: [3]
    abort.o                       6
    exit.o                        4
    low_level_init.o              4
    printf.o                     40
    putchar.o                    12
    sprintf.o                    64
    xfail_s.o                    68                 4
    xfiles.o                              72      152
    xlocale_c.o                  12       60       56
    xprintffull_nomb.o        3 558
    xprout.o                     22
    xsprout.o                    10
    -------------------------------------------------
    Total:                    3 800      132      212

m7M_tlv.a: [4]
    DblCmpGe.o                   46
    DblCmpLe.o                   46
    DblDiv.o                     18
    DblMul.o                     18
    DblSub.o                     18
    DblToS32.o                   14
    DblToU32.o                   14
    S32ToDbl.o                   14
    U32ToDbl.o                   14
    fpinit_M.o                   34
    frexp.o                     112
    ldexp.o                     260
    -------------------------------------------------
    Total:                      608

rt7M_tl.a: [5]
    ABImemcpy.o                 166
    I64DivMod.o                 238
    I64DivZer.o                   2
    cexit.o                      10
    cmain.o                      26
    copy_init3.o                 44
    cstartup_M.o                 12
    data_init.o                  40
    memchr.o                     88
    strchr.o                     22
    strlen.o                     54
    zero_init3.o                 64
    -------------------------------------------------
    Total:                      766

shb_l.a: [6]
    exit.o                       20
    -------------------------------------------------
    Total:                       20

    Gaps                         24        4
    Linker created                        36    8 192
-----------------------------------------------------
    Grand Total:             13 048      300    8 696


*******************************************************************************
*** ENTRY LIST
***

Entry                      Address   Size  Type      Object
-----                      -------   ----  ----      ------
.iar.init_table$$Base   0x00203120          --   Gb  - Linker created -
.iar.init_table$$Limit  0x00203144          --   Gb  - Linker created -
?main                   0x00203145         Code  Gb  cmain.o [5]
ADC_Init                0x0020283d  0x166  Code  Lc  stm32f7xx_hal_adc.o [1]
APBPrescTable           0x002031f4    0x8  Data  Gb  system_stm32f7xx.o [1]
BusFault_Handler        0x00203193    0x2  Code  Gb  stm32f7xx_it.o [1]
CSTACK$$Base            0x20000000          --   Gb  - Linker created -
CSTACK$$Limit           0x20002000          --   Gb  - Linker created -
DebugMon_Handler        0x00203199    0x2  Code  Gb  stm32f7xx_it.o [1]
EXTI2_IRQHandler        0x002020a9   0x1e  Code  Gb  apollo.o [1]
EXTI3_IRQHandler        0x002020c7   0x1e  Code  Gb  apollo.o [1]
HAL_ADC_ConfigChannel   0x0020269d  0x1a0  Code  Gb  stm32f7xx_hal_adc.o [1]
HAL_ADC_GetValue        0x00202697    0x6  Code  Gb  stm32f7xx_hal_adc.o [1]
HAL_ADC_Init            0x002024a5   0x64  Code  Gb  stm32f7xx_hal_adc.o [1]
HAL_ADC_PollForConversion
                        0x002025ed   0xaa  Code  Gb  stm32f7xx_hal_adc.o [1]
HAL_ADC_Start           0x00202509   0xe4  Code  Gb  stm32f7xx_hal_adc.o [1]
HAL_DMA_Abort_IT        0x00202139   0x26  Code  Gb  stm32f7xx_hal_dma.o [1]
HAL_Delay               0x00202f5d   0x1a  Code  Wk  stm32f7xx_hal.o [1]
HAL_GPIO_Init           0x00202255  0x1fa  Code  Gb  stm32f7xx_hal_gpio.o [1]
HAL_GPIO_WritePin       0x0020244f   0x14  Code  Gb  stm32f7xx_hal_gpio.o [1]
HAL_GetTick             0x0020212d    0xc  Code  Wk  stm32f7xx_hal.o [1]
HAL_IncTick             0x002031a5   0x10  Code  Wk  stm32f7xx_hal.o [1]
HAL_Init                0x00202ec9   0x22  Code  Gb  stm32f7xx_hal.o [1]
HAL_NVIC_EnableIRQ      0x00202db7    0xa  Code  Gb  stm32f7xx_hal_cortex.o [1]
HAL_NVIC_SetPriority    0x00202d95   0x22  Code  Gb  stm32f7xx_hal_cortex.o [1]
HAL_NVIC_SetPriorityGrouping
                        0x00202d8d    0x8  Code  Gb  stm32f7xx_hal_cortex.o [1]
HAL_RCC_GetHCLKFreq     0x002021f1    0x6  Code  Gb  stm32f7xx_hal_rcc.o [1]
HAL_RCC_GetPCLK1Freq    0x002021f7   0x20  Code  Gb  stm32f7xx_hal_rcc.o [1]
HAL_RCC_GetPCLK2Freq    0x00202217   0x20  Code  Gb  stm32f7xx_hal_rcc.o [1]
HAL_RCC_GetSysClockFreq
                        0x00202165   0x8c  Code  Gb  stm32f7xx_hal_rcc.o [1]
HAL_SYSTICK_Config      0x00202dc1    0x8  Code  Gb  stm32f7xx_hal_cortex.o [1]
HAL_TIMEx_BreakCallback
                        0x00202def    0x2  Code  Wk  stm32f7xx_hal_tim_ex.o [1]
HAL_TIMEx_CommutationCallback
                        0x00202df3    0x2  Code  Wk  stm32f7xx_hal_tim_ex.o [1]
HAL_TIM_Base_Init       0x002029c5   0x38  Code  Gb  stm32f7xx_hal_tim.o [1]
HAL_TIM_Base_MspInit    0x00202043   0x3c  Code  Gb  apollo.o [1]
HAL_TIM_Base_Start_IT   0x002029fd   0x1c  Code  Gb  stm32f7xx_hal_tim.o [1]
HAL_TIM_IRQHandler      0x00202a19  0x194  Code  Gb  stm32f7xx_hal_tim.o [1]
HAL_TIM_PeriodElapsedCallback
                        0x0020207f   0x20  Code  Gb  apollo.o [1]
HAL_UART_IRQHandler     0x00201623  0x146  Code  Gb  stm32f7xx_hal_uart.o [1]
HAL_UART_Init           0x002014d9   0x7e  Code  Gb  stm32f7xx_hal_uart.o [1]
HAL_UART_MspInit        0x00201f43   0xce  Code  Gb  apollo.o [1]
HAL_UART_Transmit       0x00201557   0xcc  Code  Gb  stm32f7xx_hal_uart.o [1]
HardFault_Handler       0x0020318f    0x2  Code  Gb  stm32f7xx_it.o [1]
IADC                    0x20010144   0x48  Data  Gb  apollo.o [1]
ITIM                    0x2001018c   0x40  Data  Gb  apollo.o [1]
IUART                   0x20010084   0x70  Data  Gb  apollo.o [1]
KEY_init                0x00201e1d   0x42  Code  Gb  apollo.o [1]
LED_init                0x00201da5   0x40  Code  Gb  apollo.o [1]
LED_off                 0x00201e01   0x1c  Code  Gb  apollo.o [1]
LED_on                  0x00201de5   0x1c  Code  Gb  apollo.o [1]
LoadInt                 0x00200397   0x7a  Code  Lc  xprintffull_nomb.o [3]
MemManage_Handler       0x00203191    0x2  Code  Gb  stm32f7xx_it.o [1]
NMI_Handler             0x0020318d    0x2  Code  Gb  stm32f7xx_it.o [1]
NVIC_EnableIRQ          0x00202ceb   0x14  Code  Lc  stm32f7xx_hal_cortex.o [1]
NVIC_EncodePriority     0x00202d21   0x3e  Code  Lc  stm32f7xx_hal_cortex.o [1]
NVIC_GetPriorityGrouping
                        0x00202ce1    0xa  Code  Lc  stm32f7xx_hal_cortex.o [1]
NVIC_SetPriority        0x00202cff   0x22  Code  Lc  stm32f7xx_hal_cortex.o [1]
NVIC_SetPriorityGrouping
                        0x00202cc5   0x1c  Code  Lc  stm32f7xx_hal_cortex.o [1]
PendSV_Handler          0x0020319b    0x2  Code  Gb  stm32f7xx_it.o [1]
Region$$Table$$Base     0x00203120          --   Gb  - Linker created -
Region$$Table$$Limit    0x00203144          --   Gb  - Linker created -
SVC_Handler             0x00203197    0x2  Code  Gb  stm32f7xx_it.o [1]
SysTick_Config          0x00202d5f   0x2e  Code  Lc  stm32f7xx_hal_cortex.o [1]
SysTick_Handler         0x0020319d    0x8  Code  Gb  stm32f7xx_it.o [1]
SystemCoreClock         0x20010080    0x4  Data  Gb  system_stm32f7xx.o [1]
SystemInit              0x00202fa1   0x4c  Code  Gb  system_stm32f7xx.o [1]
TIM2_IRQHandler         0x0020209f    0xa  Code  Gb  apollo.o [1]
TIM_Base_SetConfig      0x00202bad   0xec  Code  Gb  stm32f7xx_hal_tim.o [1]
TIM_init                0x00202011   0x32  Code  Gb  apollo.o [1]
TPAD_init               0x00201e9b   0xa8  Code  Gb  apollo.o [1]
UART_AdvFeatureConfig   0x00201c81   0xda  Code  Gb  stm32f7xx_hal_uart.o [1]
UART_CheckIdleState     0x00201d5b   0x4a  Code  Gb  stm32f7xx_hal_uart.o [1]
UART_DMAAbortOnError    0x002017d9   0x16  Code  Lc  stm32f7xx_hal_uart.o [1]
UART_EndRxTransfer      0x002018fd   0x20  Code  Lc  stm32f7xx_hal_uart.o [1]
UART_EndTransmit_IT     0x0020185b   0x1c  Code  Lc  stm32f7xx_hal_uart.o [1]
UART_Receive_IT         0x00201877   0x86  Code  Lc  stm32f7xx_hal_uart.o [1]
UART_SetConfig          0x0020191d  0x330  Code  Gb  stm32f7xx_hal_uart.o [1]
UART_Transmit_IT        0x002017ef   0x6c  Code  Lc  stm32f7xx_hal_uart.o [1]
UART_WaitOnFlagUntilTimeout
                        0x00201769   0x6e  Code  Gb  stm32f7xx_hal_uart.o [1]
UART_init               0x00201e5f   0x28  Code  Gb  apollo.o [1]
USART2_IRQHandler       0x002020e5    0xa  Code  Gb  apollo.o [1]
UsageFault_Handler      0x00203195    0x2  Code  Gb  stm32f7xx_it.o [1]
_GenldFullNoMb          0x00200cfb  0x256  Code  Lc  xprintffull_nomb.o [3]
_LdtobFullNoMb          0x002008d3  0x3fe  Code  Lc  xprintffull_nomb.o [3]
_LitobFullNoMb          0x00200783  0x10a  Code  Lc  xprintffull_nomb.o [3]
_Locale_lconv           0x20010048   0x38  Data  Lc  xlocale_c.o [3]
_PrintfFullNoMb         0x002001f9  0x190  Code  Gb  xprintffull_nomb.o [3]
_Prout                  0x002031b5   0x16  Code  Gb  xprout.o [3]
_PutcharsFullNoMb       0x00200f51   0x2e  Code  Lc  xprintffull_nomb.o [3]
_PutfldFullNoMb         0x00200411  0x264  Code  Lc  xprintffull_nomb.o [3]
_PuttxtFullNoMb         0x00200675  0x10e  Code  Lc  xprintffull_nomb.o [3]
_SProut                 0x00200fdf    0xa  Code  Gb  xsprout.o [3]
__aeabi_cdcmple         0x002012ed         Code  Gb  DblCmpLe.o [4]
__aeabi_cdrcmple        0x0020131d         Code  Gb  DblCmpGe.o [4]
__aeabi_d2iz            0x00201451    0xe  Code  Gb  DblToS32.o [4]
__aeabi_d2uiz           0x00201491    0xe  Code  Gb  DblToU32.o [4]
__aeabi_ddiv            0x0020147f   0x12  Code  Gb  DblDiv.o [4]
__aeabi_dmul            0x002011c3   0x12  Code  Gb  DblMul.o [4]
__aeabi_dsub            0x0020146d   0x12  Code  Gb  DblSub.o [4]
__aeabi_i2d             0x0020145f    0xe  Code  Gb  S32ToDbl.o [4]
__aeabi_ldiv0           0x002014c1         Code  Gb  I64DivZer.o [5]
__aeabi_memcpy          0x002011d5         Code  Gb  ABImemcpy.o [5]
__aeabi_memcpy4         0x002011f5         Code  Gb  ABImemcpy.o [5]
__aeabi_memcpy8         0x002011f5         Code  Gb  ABImemcpy.o [5]
__aeabi_ui2d            0x0020149f    0xe  Code  Gb  U32ToDbl.o [4]
__aeabi_uldivmod        0x002010d5         Code  Gb  I64DivMod.o [5]
__cmain                 0x00203145         Code  Gb  cmain.o [5]
__exit                  0x002014c5   0x14  Code  Gb  exit.o [6]
__iar_Fail_s            0x00201001   0x1e  Code  Gb  xfail_s.o [3]
__iar_Memchr            0x0020107d         Code  Gb  memchr.o [5]
__iar_Stdout            0x20010000   0x48  Data  Gb  xfiles.o [3]
__iar_Strchr            0x00200fe9         Code  Gb  strchr.o [5]
__iar_copy_init3        0x002030a9   0x2c  Code  Gb  copy_init3.o [5]
__iar_data_init3        0x002030d5   0x28  Code  Gb  data_init.o [5]
__iar_frexp             0x00201289         Code  Gb  frexp.o [4]
__iar_frexpl            0x00201289         Code  Gb  frexp.o [4]
__iar_init_vfp          0x002030fd         Code  Gb  fpinit_M.o [4]
__iar_ldexp64           0x00201361         Code  Gb  ldexp.o [4]
__iar_program_start     0x002031e9         Code  Gb  cstartup_M.o [5]
__iar_scalbln64         0x00201361         Code  Gb  ldexp.o [4]
__iar_scalbn64          0x00201361         Code  Gb  ldexp.o [4]
__iar_softfp___iar_frexp64
                        0x0020127d         Code  Gb  frexp.o [4]
__iar_softfp___iar_ldexp64
                        0x0020134d         Code  Gb  ldexp.o [4]
__iar_softfp___iar_scalbln64
                        0x0020134d         Code  Gb  ldexp.o [4]
__iar_softfp___iar_scalbn64
                        0x0020134d         Code  Gb  ldexp.o [4]
__iar_softfp_frexp      0x0020127d         Code  Gb  frexp.o [4]
__iar_softfp_frexpl     0x0020127d         Code  Gb  frexp.o [4]
__iar_softfp_ldexp      0x0020134d         Code  Gb  ldexp.o [4]
__iar_softfp_ldexpl     0x0020134d         Code  Gb  ldexp.o [4]
__iar_softfp_scalbln    0x0020134d         Code  Gb  ldexp.o [4]
__iar_softfp_scalblnl   0x0020134d         Code  Gb  ldexp.o [4]
__iar_softfp_scalbn     0x0020134d         Code  Gb  ldexp.o [4]
__iar_softfp_scalbnl    0x0020134d         Code  Gb  ldexp.o [4]
__iar_systems$$module {Abs}
                        0x00000001         Data  Gb  command line/config [2]
__iar_zero_init3        0x0020300d   0x40  Code  Gb  zero_init3.o [5]
__low_level_init        0x0020315f    0x4  Code  Gb  low_level_init.o [3]
__vector_table          0x00200000         Data  Gb  startup_stm32f767xx.o [1]
_call_main              0x00203151         Code  Gb  cmain.o [5]
_exit                   0x00203169         Code  Gb  cexit.o [5]
_main                   0x0020315b         Code  Gb  cmain.o [5]
abort                   0x002014b9    0x6  Code  Gb  abort.o [3]
exit                    0x00203163    0x4  Code  Gb  exit.o [3]
fputc                   0x00201e87   0x14  Code  Gb  apollo.o [1]
ldexp                   0x00201361         Code  Gb  ldexp.o [4]
ldexpl                  0x00201361         Code  Gb  ldexp.o [4]
led_flag                0x200101ec    0x4  Data  Gb  apollo.o [1]
localeconv              0x002014ad    0x4  Code  Gb  xlocale_c.o [3]
main                    0x00202df5   0xd4  Code  Gb  main.o [1]
memchr                  0x0020107d         Code  Gb  memchr.o [5]
obuf                    0x200100f4   0x50  Data  Lc  xfiles.o [3]
printf                  0x00202ef5   0x28  Code  Gb  printf.o [3]
putchar                 0x002031cd    0xc  Code  Gb  putchar.o [3]
rstr                    0x200101cc   0x20  Data  Gb  apollo.o [1]
scalbln                 0x00201361         Code  Gb  ldexp.o [4]
scalblnl                0x00201361         Code  Gb  ldexp.o [4]
scalbn                  0x00201361         Code  Gb  ldexp.o [4]
scalbnl                 0x00201361         Code  Gb  ldexp.o [4]
scale                   0x0020088d   0x46  Code  Lc  xprintffull_nomb.o [3]
sec_hand                0x200101f4    0x4  Data  Lc  xfail_s.o [3]
sprintf                 0x00202f1d   0x40  Code  Gb  sprintf.o [3]
strchr                  0x00200fe9         Code  Gb  strchr.o [5]
strlen                  0x00201045         Code  Gb  strlen.o [5]
uwTick                  0x200101f0    0x4  Data  Gb  stm32f7xx_hal.o [1]


[1] = D:\Apollo\gpio\Debug\Obj
[2] = command line
[3] = dl7M_tlf.a
[4] = m7M_tlv.a
[5] = rt7M_tl.a
[6] = shb_l.a

  13 048 bytes of readonly  code memory
     300 bytes of readonly  data memory
   8 696 bytes of readwrite data memory

Errors: none
Warnings: none
