###############################################################################
#
# IAR ELF Linker V8.11.1.13263/W32 for ARM                01/May/2017  09:37:12
# Copyright 2007-2017 IAR Systems AB.
#
#    Output file  =  D:\Apollo\gpio\Debug\Exe\gpio.out
#    Map file     =  D:\Apollo\gpio\Debug\List\gpio.map
#    Command line =  
#        -f C:\Users\iysheng\AppData\Local\Temp\EW4FDF.tmp
#        (D:\Apollo\gpio\Debug\Obj\apollo.o D:\Apollo\gpio\Debug\Obj\main.o
#        D:\Apollo\gpio\Debug\Obj\rgb.o
#        D:\Apollo\gpio\Debug\Obj\startup_stm32f767xx.o
#        D:\Apollo\gpio\Debug\Obj\stm32f7xx_hal.o
#        D:\Apollo\gpio\Debug\Obj\stm32f7xx_hal_adc.o
#        D:\Apollo\gpio\Debug\Obj\stm32f7xx_hal_cortex.o
#        D:\Apollo\gpio\Debug\Obj\stm32f7xx_hal_dma.o
#        D:\Apollo\gpio\Debug\Obj\stm32f7xx_hal_gpio.o
#        D:\Apollo\gpio\Debug\Obj\stm32f7xx_hal_ltdc.o
#        D:\Apollo\gpio\Debug\Obj\stm32f7xx_hal_pwr_ex.o
#        D:\Apollo\gpio\Debug\Obj\stm32f7xx_hal_rcc.o
#        D:\Apollo\gpio\Debug\Obj\stm32f7xx_hal_rcc_ex.o
#        D:\Apollo\gpio\Debug\Obj\stm32f7xx_hal_sdram.o
#        D:\Apollo\gpio\Debug\Obj\stm32f7xx_hal_tim.o
#        D:\Apollo\gpio\Debug\Obj\stm32f7xx_hal_tim_ex.o
#        D:\Apollo\gpio\Debug\Obj\stm32f7xx_hal_uart.o
#        D:\Apollo\gpio\Debug\Obj\stm32f7xx_it.o
#        D:\Apollo\gpio\Debug\Obj\stm32f7xx_ll_fmc.o
#        D:\Apollo\gpio\Debug\Obj\system_stm32f7xx.o -o
#        D:\Apollo\gpio\Debug\Exe\gpio.out --redirect _Printf=_PrintfFullNoMb
#        --redirect _Scanf=_ScanfFullNoMb --map
#        D:\Apollo\gpio\Debug\List\gpio.map --config "D:\Program Files
#        (x86)\IAR Systems\Embedded Workbench
#        8.0\arm\config\linker\ST\stm32f767xG.icf" --semihosting --entry
#        __iar_program_start --vfe --text_out locale)
#
###############################################################################

*******************************************************************************
*** RUNTIME MODEL ATTRIBUTES
***

CppFlavor       = *
__SystemLibrary = DLib
__dlib_version  = 6


*******************************************************************************
*** HEAP SELECTION
***

The basic heap was selected because no calls to memory allocation
functions were found in the application outside of system library
functions, and there are calls to deallocation functions in the
application.


*******************************************************************************
*** PLACEMENT SUMMARY
***

"A0":  place at 0x00200000 { ro section .intvec };
"P1":  place in [from 0x00200000 to 0x002fffff] { ro };
"P4":  place in [from 0x20000000 to 0x2000ffff] { block CSTACK };
"P5":  place in [from 0x20010000 to 0x2004bfff] |
                [from 0x2004c000 to 0x2004ffff] { rw, block HEAP };
initialize by copy { rw };

  Section            Kind        Address      Size  Object
  -------            ----        -------      ----  ------
"A0":                                        0x1f8
  .intvec            ro code  0x00200000     0x1f8  startup_stm32f767xx.o [1]
                            - 0x002001f8     0x1f8

"P1":                                       0xa12c
  .rodata            const    0x002001f8    0x2f80  rgb.o [1]
  .text              ro code  0x00203178     0xde6  xprintffull_nomb.o [3]
  .text              ro code  0x00203f5e       0xa  xsprout.o [3]
  .text              ro code  0x00203f68      0x16  strchr.o [5]
  .text              ro code  0x00203f80      0x44  xfail_s.o [3]
  .text              ro code  0x00203fc4      0x36  strlen.o [5]
  .text              ro code  0x00203ffc      0x58  memchr.o [5]
  .text              ro code  0x00204054      0xee  I64DivMod.o [5]
  .text              ro code  0x00204142      0x12  DblMul.o [4]
  .text              ro code  0x00204154      0xa6  ABImemcpy.o [5]
  .text              ro code  0x002041fc      0x70  frexp.o [4]
  .text              ro code  0x0020426c      0x2e  DblCmpLe.o [4]
  .text              ro code  0x0020429c      0x2e  DblCmpGe.o [4]
  .text              ro code  0x002042cc     0x104  ldexp.o [4]
  .text              ro code  0x002043d0       0xe  DblToS32.o [4]
  .text              ro code  0x002043de       0xe  S32ToDbl.o [4]
  .text              ro code  0x002043ec      0x12  DblSub.o [4]
  .text              ro code  0x002043fe      0x12  DblDiv.o [4]
  .text              ro code  0x00204410       0xe  DblToU32.o [4]
  .text              ro code  0x0020441e       0xe  U32ToDbl.o [4]
  .text              ro code  0x0020442c       0xc  xlocale_c.o [3]
  .text              ro code  0x00204438       0x6  abort.o [3]
  .text              ro code  0x00204440       0x2  I64DivZer.o [5]
  .text              ro code  0x00204444      0x14  exit.o [6]
  .rodata            const    0x00204458     0xd5c  rgb.o [1]
  .text              ro code  0x002051b4     0x9e8  rgb.o [1]
  .text              ro code  0x00205b9c     0x474  stm32f7xx_hal_ltdc.o [1]
  .text              ro code  0x00206010     0x260  stm32f7xx_hal_gpio.o [1]
  .text              ro code  0x00206270     0x7f4  stm32f7xx_hal_rcc_ex.o [1]
  .text              ro code  0x00206a64       0xc  stm32f7xx_hal.o [1]
  .text              ro code  0x00206a70     0x8e0  apollo.o [1]
  .text              ro code  0x00207350     0x8cc  stm32f7xx_hal_uart.o [1]
  .text              ro code  0x00207c1c     0x75c  stm32f7xx_hal_rcc.o [1]
  .text              ro code  0x00208378      0x88  stm32f7xx_hal_pwr_ex.o [1]
  .text              ro code  0x00208400     0x1c8  stm32f7xx_hal_cortex.o [1]
  .text              ro code  0x002085c8     0x46e  stm32f7xx_hal_adc.o [1]
  .text              ro code  0x00208a38     0x5c0  stm32f7xx_hal_tim.o [1]
  .text              ro code  0x00208ff8      0xa2  stm32f7xx_hal_sdram.o [1]
  .text              ro code  0x0020909a      0x1a  stm32f7xx_hal.o [1]
  .text              ro code  0x002090b4      0x28  printf.o [3]
  .text              ro code  0x002090dc      0x26  stm32f7xx_hal_dma.o [1]
  .text              ro code  0x00209102       0x2  stm32f7xx_hal_uart.o [1]
  .text              ro code  0x00209104       0x2  stm32f7xx_hal_uart.o [1]
  .text              ro code  0x00209106       0x2  stm32f7xx_hal_uart.o [1]
  .text              ro code  0x00209108      0x28  stm32f7xx_hal.o [1]
  .text              ro code  0x00209130       0x2  stm32f7xx_hal_tim.o [1]
  .text              ro code  0x00209132       0x2  stm32f7xx_hal_tim.o [1]
  .text              ro code  0x00209134       0x2  stm32f7xx_hal_tim_ex.o [1]
  .text              ro code  0x00209136       0x2  stm32f7xx_hal_tim.o [1]
  .text              ro code  0x00209138       0x2  stm32f7xx_hal_tim_ex.o [1]
  .text              ro code  0x0020913c     0x16c  stm32f7xx_ll_fmc.o [1]
  .rodata            const    0x002092a8     0x5f0  rgb.o [1]
  .rodata            const    0x00209898     0x474  rgb.o [1]
  .text              ro code  0x00209d0c      0xf0  main.o [1]
  .text              ro code  0x00209dfc      0x2a  stm32f7xx_hal.o [1]
  .text              ro code  0x00209e28      0x40  sprintf.o [3]
  .text              ro code  0x00209e68      0x6c  system_stm32f7xx.o [1]
  .text              ro code  0x00209ed4      0x40  zero_init3.o [5]
  .rodata            const    0x00209f14      0x30  main.o [1]
  .rodata            const    0x00209f44      0x2c  main.o [1]
  .text              ro code  0x00209f70      0x2c  copy_init3.o [5]
  .text              ro code  0x00209f9c      0x28  data_init.o [5]
  .rodata            const    0x00209fc4      0x24  main.o [1]
  .text              ro code  0x00209fe8      0x22  fpinit_M.o [4]
  .iar.init_table    const    0x0020a00c      0x2c  - Linker created -
  .text              ro code  0x0020a038      0x1a  cmain.o [5]
  .text              ro code  0x0020a052       0x4  low_level_init.o [3]
  .text              ro code  0x0020a056       0x4  exit.o [3]
  .text              ro code  0x0020a05c       0xa  cexit.o [5]
  .text              ro code  0x0020a066      0x16  stm32f7xx_it.o [1]
  .text              ro code  0x0020a07c      0x10  stm32f7xx_hal.o [1]
  .text              ro code  0x0020a08c      0x16  xprout.o [3]
  .text              ro code  0x0020a0a4       0xc  putchar.o [3]
  .rodata            const    0x0020a0b0      0x10  apollo.o [1]
  .rodata            const    0x0020a0c0      0x10  system_stm32f7xx.o [1]
  .text              ro code  0x0020a0d0      0x10  startup_stm32f767xx.o [1]
  .text              ro code  0x0020a0e0       0xc  cstartup_M.o [5]
  .rodata            const    0x0020a0ec       0x8  system_stm32f7xx.o [1]
  .rodata            const    0x0020a0f4       0x4  xlocale_c.o [3]
  .text              ro code  0x0020a0f8       0x4  startup_stm32f767xx.o [1]
  .text              ro code  0x0020a0fc       0x4  startup_stm32f767xx.o [1]
  .text              ro code  0x0020a100       0x4  startup_stm32f767xx.o [1]
  .text              ro code  0x0020a104       0x4  startup_stm32f767xx.o [1]
  .text              ro code  0x0020a108       0x4  startup_stm32f767xx.o [1]
  .text              ro code  0x0020a10c       0x4  startup_stm32f767xx.o [1]
  .text              ro code  0x0020a110       0x4  startup_stm32f767xx.o [1]
  .text              ro code  0x0020a114       0x4  startup_stm32f767xx.o [1]
  .text              ro code  0x0020a118       0x4  startup_stm32f767xx.o [1]
  .text              ro code  0x0020a11c       0x4  startup_stm32f767xx.o [1]
  .text              ro code  0x0020a120       0x4  startup_stm32f767xx.o [1]
  .text              ro code  0x0020a124       0x4  startup_stm32f767xx.o [1]
  .text              ro code  0x0020a128       0x4  startup_stm32f767xx.o [1]
  .text              ro code  0x0020a12c       0x4  startup_stm32f767xx.o [1]
  .text              ro code  0x0020a130       0x4  startup_stm32f767xx.o [1]
  .text              ro code  0x0020a134       0x4  startup_stm32f767xx.o [1]
  .text              ro code  0x0020a138       0x4  startup_stm32f767xx.o [1]
  .text              ro code  0x0020a13c       0x4  startup_stm32f767xx.o [1]
  .text              ro code  0x0020a140       0x4  startup_stm32f767xx.o [1]
  .text              ro code  0x0020a144       0x4  startup_stm32f767xx.o [1]
  .text              ro code  0x0020a148       0x4  startup_stm32f767xx.o [1]
  .text              ro code  0x0020a14c       0x4  startup_stm32f767xx.o [1]
  .text              ro code  0x0020a150       0x4  startup_stm32f767xx.o [1]
  .text              ro code  0x0020a154       0x4  startup_stm32f767xx.o [1]
  .text              ro code  0x0020a158       0x4  startup_stm32f767xx.o [1]
  .text              ro code  0x0020a15c       0x4  startup_stm32f767xx.o [1]
  .text              ro code  0x0020a160       0x4  startup_stm32f767xx.o [1]
  .text              ro code  0x0020a164       0x4  startup_stm32f767xx.o [1]
  .text              ro code  0x0020a168       0x4  startup_stm32f767xx.o [1]
  .text              ro code  0x0020a16c       0x4  startup_stm32f767xx.o [1]
  .text              ro code  0x0020a170       0x4  startup_stm32f767xx.o [1]
  .text              ro code  0x0020a174       0x4  startup_stm32f767xx.o [1]
  .text              ro code  0x0020a178       0x4  startup_stm32f767xx.o [1]
  .text              ro code  0x0020a17c       0x4  startup_stm32f767xx.o [1]
  .text              ro code  0x0020a180       0x4  startup_stm32f767xx.o [1]
  .text              ro code  0x0020a184       0x4  startup_stm32f767xx.o [1]
  .text              ro code  0x0020a188       0x4  startup_stm32f767xx.o [1]
  .text              ro code  0x0020a18c       0x4  startup_stm32f767xx.o [1]
  .text              ro code  0x0020a190       0x4  startup_stm32f767xx.o [1]
  .text              ro code  0x0020a194       0x4  startup_stm32f767xx.o [1]
  .text              ro code  0x0020a198       0x4  startup_stm32f767xx.o [1]
  .text              ro code  0x0020a19c       0x4  startup_stm32f767xx.o [1]
  .text              ro code  0x0020a1a0       0x4  startup_stm32f767xx.o [1]
  .text              ro code  0x0020a1a4       0x4  startup_stm32f767xx.o [1]
  .text              ro code  0x0020a1a8       0x4  startup_stm32f767xx.o [1]
  .text              ro code  0x0020a1ac       0x4  startup_stm32f767xx.o [1]
  .text              ro code  0x0020a1b0       0x4  startup_stm32f767xx.o [1]
  .text              ro code  0x0020a1b4       0x4  startup_stm32f767xx.o [1]
  .text              ro code  0x0020a1b8       0x4  startup_stm32f767xx.o [1]
  .text              ro code  0x0020a1bc       0x4  startup_stm32f767xx.o [1]
  .text              ro code  0x0020a1c0       0x4  startup_stm32f767xx.o [1]
  .text              ro code  0x0020a1c4       0x4  startup_stm32f767xx.o [1]
  .text              ro code  0x0020a1c8       0x4  startup_stm32f767xx.o [1]
  .text              ro code  0x0020a1cc       0x4  startup_stm32f767xx.o [1]
  .text              ro code  0x0020a1d0       0x4  startup_stm32f767xx.o [1]
  .text              ro code  0x0020a1d4       0x4  startup_stm32f767xx.o [1]
  .text              ro code  0x0020a1d8       0x4  startup_stm32f767xx.o [1]
  .text              ro code  0x0020a1dc       0x4  startup_stm32f767xx.o [1]
  .text              ro code  0x0020a1e0       0x4  startup_stm32f767xx.o [1]
  .text              ro code  0x0020a1e4       0x4  startup_stm32f767xx.o [1]
  .text              ro code  0x0020a1e8       0x4  startup_stm32f767xx.o [1]
  .text              ro code  0x0020a1ec       0x4  startup_stm32f767xx.o [1]
  .text              ro code  0x0020a1f0       0x4  startup_stm32f767xx.o [1]
  .text              ro code  0x0020a1f4       0x4  startup_stm32f767xx.o [1]
  .text              ro code  0x0020a1f8       0x4  startup_stm32f767xx.o [1]
  .text              ro code  0x0020a1fc       0x4  startup_stm32f767xx.o [1]
  .text              ro code  0x0020a200       0x4  startup_stm32f767xx.o [1]
  .text              ro code  0x0020a204       0x4  startup_stm32f767xx.o [1]
  .text              ro code  0x0020a208       0x4  startup_stm32f767xx.o [1]
  .text              ro code  0x0020a20c       0x4  startup_stm32f767xx.o [1]
  .text              ro code  0x0020a210       0x4  startup_stm32f767xx.o [1]
  .text              ro code  0x0020a214       0x4  startup_stm32f767xx.o [1]
  .text              ro code  0x0020a218       0x4  startup_stm32f767xx.o [1]
  .text              ro code  0x0020a21c       0x4  startup_stm32f767xx.o [1]
  .text              ro code  0x0020a220       0x4  startup_stm32f767xx.o [1]
  .text              ro code  0x0020a224       0x4  startup_stm32f767xx.o [1]
  .text              ro code  0x0020a228       0x4  startup_stm32f767xx.o [1]
  .text              ro code  0x0020a22c       0x4  startup_stm32f767xx.o [1]
  .text              ro code  0x0020a230       0x4  startup_stm32f767xx.o [1]
  .text              ro code  0x0020a234       0x4  startup_stm32f767xx.o [1]
  .text              ro code  0x0020a238       0x4  startup_stm32f767xx.o [1]
  .text              ro code  0x0020a23c       0x4  startup_stm32f767xx.o [1]
  .text              ro code  0x0020a240       0x4  startup_stm32f767xx.o [1]
  .text              ro code  0x0020a244       0x4  startup_stm32f767xx.o [1]
  .text              ro code  0x0020a248       0x4  startup_stm32f767xx.o [1]
  .text              ro code  0x0020a24c       0x4  startup_stm32f767xx.o [1]
  .text              ro code  0x0020a250       0x4  startup_stm32f767xx.o [1]
  .text              ro code  0x0020a254       0x4  startup_stm32f767xx.o [1]
  .text              ro code  0x0020a258       0x4  startup_stm32f767xx.o [1]
  .text              ro code  0x0020a25c       0x4  startup_stm32f767xx.o [1]
  .text              ro code  0x0020a260       0x4  startup_stm32f767xx.o [1]
  .text              ro code  0x0020a264       0x4  startup_stm32f767xx.o [1]
  .text              ro code  0x0020a268       0x4  startup_stm32f767xx.o [1]
  .text              ro code  0x0020a26c       0x4  startup_stm32f767xx.o [1]
  .text              ro code  0x0020a270       0x4  startup_stm32f767xx.o [1]
  .text              ro code  0x0020a274       0x4  startup_stm32f767xx.o [1]
  .text              ro code  0x0020a278       0x4  startup_stm32f767xx.o [1]
  .text              ro code  0x0020a27c       0x4  startup_stm32f767xx.o [1]
  .text              ro code  0x0020a280       0x4  startup_stm32f767xx.o [1]
  .text              ro code  0x0020a284       0x4  startup_stm32f767xx.o [1]
  .text              ro code  0x0020a288       0x4  startup_stm32f767xx.o [1]
  .text              ro code  0x0020a28c       0x4  startup_stm32f767xx.o [1]
  .text              ro code  0x0020a290       0x4  startup_stm32f767xx.o [1]
  .rodata            const    0x0020a294       0x0  zero_init3.o [5]
  .rodata            const    0x0020a294       0x0  copy_init3.o [5]
  Initializer bytes  const    0x0020a294      0x90  <for P5 s0>
                            - 0x0020a324    0xa12c

"P4":                                       0x2000
  CSTACK                      0x20000000    0x2000  <Block>
    CSTACK           uninit   0x20000000    0x2000  <Block tail>
                            - 0x20002000    0x2000

"P5", part 1 of 2:                            0x90
  P5 s0                       0x20010000      0x90  <Init block>
    .data            inited   0x20010000      0x48  xfiles.o [3]
    .data            inited   0x20010048      0x38  xlocale_c.o [3]
    .data            inited   0x20010080       0x4  main.o [1]
    .data            inited   0x20010084       0x4  rgb.o [1]
    .data            inited   0x20010088       0x4  rgb.o [1]
    .data            inited   0x2001008c       0x4  system_stm32f7xx.o [1]
                            - 0x20010090      0x90

"P5", part 2 of 2:                           0x364
  .bss               zero     0x20010090      0xa8  rgb.o [1]
  .bss               zero     0x20010138      0x80  apollo.o [1]
  .bss               zero     0x200101b8      0x70  apollo.o [1]
  .bss               zero     0x20010228      0x50  xfiles.o [3]
  .bss               zero     0x20010278      0x48  apollo.o [1]
  .bss               zero     0x200102c0      0x40  apollo.o [1]
  .bss               zero     0x20010300      0x40  apollo.o [1]
  .bss               zero     0x20010340      0x34  apollo.o [1]
  .bss               zero     0x20010374      0x20  rgb.o [1]
  .bss               zero     0x20010394      0x1c  apollo.o [1]
  .bss               zero     0x200103b0      0x10  apollo.o [1]
  .bss               zero     0x200103c0      0x10  rgb.o [1]
  .bss               zero     0x200103d0       0x8  rgb.o [1]
  .bss               zero     0x200103d8       0x4  apollo.o [1]
  .bss               zero     0x200103dc       0x4  apollo.o [1]
  .bss               zero     0x200103e0       0x4  main.o [1]
  .bss               zero     0x200103e4       0x4  rgb.o [1]
  .bss               zero     0x200103e8       0x4  stm32f7xx_hal.o [1]
  .bss               zero     0x200103ec       0x4  xfail_s.o [3]
  .bss               zero     0x200103f0       0x1  apollo.o [1]
  .bss               zero     0x200103f1       0x1  rgb.o [1]
                            - 0x200103f2     0x362

Absolute sections:                        0x1f4000
  .bss               zero     0xc0000000  0x1f4000  rgb.o [1]
                            - 0xc01f4000  0x1f4000


*******************************************************************************
*** INIT TABLE
***

          Address     Size
          -------     ----
Zero (__iar_zero_init3)
    2 destination ranges, total size 0x1f4362:
          0x20010090     0x362
          0xc0000000  0x1f4000

Copy (__iar_copy_init3)
    1 source range, total size 0x90:
          0x0020a294      0x90
    1 destination range, total size 0x90:
          0x20010000      0x90



*******************************************************************************
*** MODULE SUMMARY
***

    Module                  ro code  ro data  rw data    rw data
                                                          (abs)
    ------                  -------  -------  -------    -------
D:\Apollo\gpio\Debug\Obj: [1]
    apollo.o                  2 272       16      545
    main.o                      240      132        8
    rgb.o                     2 536   18 248      237  2 048 000
    startup_stm32f767xx.o       932
    stm32f7xx_hal.o             136                 4
    stm32f7xx_hal_adc.o       1 134
    stm32f7xx_hal_cortex.o      456
    stm32f7xx_hal_dma.o          38
    stm32f7xx_hal_gpio.o        608
    stm32f7xx_hal_ltdc.o      1 140
    stm32f7xx_hal_pwr_ex.o      136
    stm32f7xx_hal_rcc.o       1 884
    stm32f7xx_hal_rcc_ex.o    2 036
    stm32f7xx_hal_sdram.o       162
    stm32f7xx_hal_tim.o       1 478
    stm32f7xx_hal_tim_ex.o        4
    stm32f7xx_hal_uart.o      2 258
    stm32f7xx_it.o               22
    stm32f7xx_ll_fmc.o          364
    system_stm32f7xx.o          108       28        4
    ------------------------------------------------------------
    Total:                   17 944   18 424      798  2 048 000

command line: [2]
    ------------------------------------------------------------
    Total:

dl7M_tlf.a: [3]
    abort.o                       6
    exit.o                        4
    low_level_init.o              4
    printf.o                     40
    putchar.o                    12
    sprintf.o                    64
    xfail_s.o                    68                 4
    xfiles.o                              72      152
    xlocale_c.o                  12       60       56
    xprintffull_nomb.o        3 558
    xprout.o                     22
    xsprout.o                    10
    ------------------------------------------------------------
    Total:                    3 800      132      212

m7M_tlv.a: [4]
    DblCmpGe.o                   46
    DblCmpLe.o                   46
    DblDiv.o                     18
    DblMul.o                     18
    DblSub.o                     18
    DblToS32.o                   14
    DblToU32.o                   14
    S32ToDbl.o                   14
    U32ToDbl.o                   14
    fpinit_M.o                   34
    frexp.o                     112
    ldexp.o                     260
    ------------------------------------------------------------
    Total:                      608

rt7M_tl.a: [5]
    ABImemcpy.o                 166
    I64DivMod.o                 238
    I64DivZer.o                   2
    cexit.o                      10
    cmain.o                      26
    copy_init3.o                 44
    cstartup_M.o                 12
    data_init.o                  40
    memchr.o                     88
    strchr.o                     22
    strlen.o                     54
    zero_init3.o                 64
    ------------------------------------------------------------
    Total:                      766

shb_l.a: [6]
    exit.o                       20
    ------------------------------------------------------------
    Total:                       20

    Gaps                         24        2
    Linker created                        44    8 192
----------------------------------------------------------------
    Grand Total:             23 162   18 602    9 202  2 048 000


*******************************************************************************
*** ENTRY LIST
***

Entry                      Address      Size  Type      Object
-----                      -------      ----  ----      ------
.iar.init_table$$Base   0x0020a00c             --   Gb  - Linker created -
.iar.init_table$$Limit  0x0020a038             --   Gb  - Linker created -
?main                   0x0020a039            Code  Gb  cmain.o [5]
ADC_Init                0x002088b1     0x166  Code  Lc  stm32f7xx_hal_adc.o [1]
AHBPrescTable           0x0020a0c0      0x10  Data  Gb  system_stm32f7xx.o [1]
APBPrescTable           0x0020a0ec       0x8  Data  Gb  system_stm32f7xx.o [1]
BACK_COLOR              0x20010088       0x4  Data  Gb  rgb.o [1]
BusFault_Handler        0x0020a06b       0x2  Code  Gb  stm32f7xx_it.o [1]
CPU_CACHE_Enable        0x00206bfd       0xc  Code  Gb  apollo.o [1]
CSTACK$$Base            0x20000000             --   Gb  - Linker created -
CSTACK$$Limit           0x20002000             --   Gb  - Linker created -
DebugMon_Handler        0x0020a071       0x2  Code  Gb  stm32f7xx_it.o [1]
EXTI2_IRQHandler        0x00207263      0x1e  Code  Gb  apollo.o [1]
EXTI3_IRQHandler        0x00207281      0x1e  Code  Gb  apollo.o [1]
FMC_SDRAM_Init          0x0020913d      0x74  Code  Gb  stm32f7xx_ll_fmc.o [1]
FMC_SDRAM_ProgramRefreshRate
                        0x0020929d       0xc  Code  Gb  stm32f7xx_ll_fmc.o [1]
FMC_SDRAM_SendCommand   0x0020924d      0x50  Code  Gb  stm32f7xx_ll_fmc.o [1]
FMC_SDRAM_Timing_Init   0x002091b1      0x96  Code  Gb  stm32f7xx_ll_fmc.o [1]
HAL_ADC_ConfigChannel   0x00208711     0x1a0  Code  Gb  stm32f7xx_hal_adc.o [1]
HAL_ADC_Init            0x002085c9      0x64  Code  Gb  stm32f7xx_hal_adc.o [1]
HAL_ADC_Start           0x0020862d      0xe4  Code  Gb  stm32f7xx_hal_adc.o [1]
HAL_DMA_Abort_IT        0x002090dd      0x26  Code  Gb  stm32f7xx_hal_dma.o [1]
HAL_Delay               0x0020909b      0x1a  Code  Wk  stm32f7xx_hal.o [1]
HAL_GPIO_Init           0x00206011     0x1fa  Code  Gb  stm32f7xx_hal_gpio.o [1]
HAL_GPIO_ReadPin        0x0020620b      0x12  Code  Gb  stm32f7xx_hal_gpio.o [1]
HAL_GPIO_WritePin       0x0020621d      0x14  Code  Gb  stm32f7xx_hal_gpio.o [1]
HAL_GetTick             0x00206a65       0xc  Code  Wk  stm32f7xx_hal.o [1]
HAL_IncTick             0x0020a07d      0x10  Code  Wk  stm32f7xx_hal.o [1]
HAL_Init                0x00209dfd      0x22  Code  Gb  stm32f7xx_hal.o [1]
HAL_InitTick            0x00209109      0x28  Code  Wk  stm32f7xx_hal.o [1]
HAL_LTDC_ConfigLayer    0x00205cc9      0x52  Code  Gb  stm32f7xx_hal_ltdc.o [1]
HAL_LTDC_Init           0x00205b9d     0x12c  Code  Gb  stm32f7xx_hal_ltdc.o [1]
HAL_LTDC_MspInit        0x00205a1d     0x110  Code  Gb  rgb.o [1]
HAL_LTDC_SetWindowPosition
                        0x00205d79      0x56  Code  Gb  stm32f7xx_hal_ltdc.o [1]
HAL_LTDC_SetWindowSize  0x00205d1b      0x5e  Code  Gb  stm32f7xx_hal_ltdc.o [1]
HAL_MPU_ConfigRegion    0x0020853b      0x58  Code  Gb  stm32f7xx_hal_cortex.o [1]
HAL_MPU_Disable         0x00208505      0x18  Code  Gb  stm32f7xx_hal_cortex.o [1]
HAL_MPU_Enable          0x0020851d      0x1e  Code  Gb  stm32f7xx_hal_cortex.o [1]
HAL_NVIC_EnableIRQ      0x002084f3       0xa  Code  Gb  stm32f7xx_hal_cortex.o [1]
HAL_NVIC_SetPriority    0x002084d1      0x22  Code  Gb  stm32f7xx_hal_cortex.o [1]
HAL_NVIC_SetPriorityGrouping
                        0x002084c9       0x8  Code  Gb  stm32f7xx_hal_cortex.o [1]
HAL_PWREx_EnableOverDrive
                        0x00208379      0x7a  Code  Gb  stm32f7xx_hal_pwr_ex.o [1]
HAL_RCCEx_PeriphCLKConfig
                        0x00206271     0x7c8  Code  Gb  stm32f7xx_hal_rcc_ex.o [1]
HAL_RCC_ClockConfig     0x002080cb     0x1a2  Code  Gb  stm32f7xx_hal_rcc.o [1]
HAL_RCC_GetHCLKFreq     0x002082f9       0x6  Code  Gb  stm32f7xx_hal_rcc.o [1]
HAL_RCC_GetPCLK1Freq    0x002082ff      0x20  Code  Gb  stm32f7xx_hal_rcc.o [1]
HAL_RCC_GetPCLK2Freq    0x0020831f      0x20  Code  Gb  stm32f7xx_hal_rcc.o [1]
HAL_RCC_GetSysClockFreq
                        0x0020826d      0x8c  Code  Gb  stm32f7xx_hal_rcc.o [1]
HAL_RCC_OscConfig       0x00207c1d     0x4ae  Code  Gb  stm32f7xx_hal_rcc.o [1]
HAL_SDRAM_Init          0x00208ff9      0x44  Code  Gb  stm32f7xx_hal_sdram.o [1]
HAL_SDRAM_MspInit       0x00207029      0xec  Code  Gb  apollo.o [1]
HAL_SDRAM_ProgramRefreshRate
                        0x00209075      0x26  Code  Gb  stm32f7xx_hal_sdram.o [1]
HAL_SDRAM_SendCommand   0x0020903d      0x38  Code  Gb  stm32f7xx_hal_sdram.o [1]
HAL_SYSTICK_Config      0x002084fd       0x8  Code  Gb  stm32f7xx_hal_cortex.o [1]
HAL_TIMEx_BreakCallback
                        0x00209135       0x2  Code  Wk  stm32f7xx_hal_tim_ex.o [1]
HAL_TIMEx_CommutationCallback
                        0x00209139       0x2  Code  Wk  stm32f7xx_hal_tim_ex.o [1]
HAL_TIM_IC_CaptureCallback
                        0x002071ed      0x76  Code  Gb  apollo.o [1]
HAL_TIM_IC_ConfigChannel
                        0x00208c6d      0xd4  Code  Gb  stm32f7xx_hal_tim.o [1]
HAL_TIM_IC_Init         0x00208a39      0x38  Code  Gb  stm32f7xx_hal_tim.o [1]
HAL_TIM_IC_MspInit      0x00206f01      0x7c  Code  Gb  apollo.o [1]
HAL_TIM_IC_Start_IT     0x00208a71      0x68  Code  Gb  stm32f7xx_hal_tim.o [1]
HAL_TIM_IRQHandler      0x00208ad9     0x194  Code  Gb  stm32f7xx_hal_tim.o [1]
HAL_TIM_PeriodElapsedCallback
                        0x0020719d      0x3c  Code  Gb  apollo.o [1]
HAL_TIM_ReadCapturedValue
                        0x00208d41      0x48  Code  Gb  stm32f7xx_hal_tim.o [1]
HAL_UART_IRQHandler     0x0020749b     0x146  Code  Gb  stm32f7xx_hal_uart.o [1]
HAL_UART_Init           0x00207351      0x7e  Code  Gb  stm32f7xx_hal_uart.o [1]
HAL_UART_MspInit        0x00206dc7      0xf0  Code  Gb  apollo.o [1]
HAL_UART_Transmit       0x002073cf      0xcc  Code  Gb  stm32f7xx_hal_uart.o [1]
HardFault_Handler       0x0020a069       0x2  Code  Gb  stm32f7xx_it.o [1]
IADC                    0x20010278      0x48  Data  Gb  apollo.o [1]
IC_Config               0x200103b0      0x10  Data  Gb  apollo.o [1]
IC_init                 0x00206eb7      0x4a  Code  Gb  apollo.o [1]
ISDRAM                  0x20010340      0x34  Data  Gb  apollo.o [1]
ISDRAM_Timing           0x20010394      0x1c  Data  Gb  apollo.o [1]
ITIM                    0x200102c0      0x40  Data  Gb  apollo.o [1]
ITIM5                   0x20010300      0x40  Data  Gb  apollo.o [1]
IUART                   0x200101b8      0x70  Data  Gb  apollo.o [1]
KEY_init                0x00206b93      0x42  Code  Gb  apollo.o [1]
LCD_Init                0x002051b5      0x1c  Code  Gb  rgb.o [1]
LCD_ShowChar            0x00205885     0x140  Code  Gb  rgb.o [1]
LCD_ShowString          0x00205817      0x6e  Code  Gb  rgb.o [1]
LED_init                0x00206b1b      0x40  Code  Gb  apollo.o [1]
LED_off                 0x00206b77      0x1c  Code  Gb  apollo.o [1]
LED_on                  0x00206b5b      0x1c  Code  Gb  apollo.o [1]
LTDC_Clear              0x002056bf      0x22  Code  Gb  rgb.o [1]
LTDC_Clk_Set            0x002057f5      0x22  Code  Gb  rgb.o [1]
LTDC_Display_Dir        0x00205671      0x46  Code  Gb  rgb.o [1]
LTDC_Draw_Point         0x002059c5      0x58  Code  Gb  rgb.o [1]
LTDC_Fill               0x002056e1     0x114  Code  Gb  rgb.o [1]
LTDC_Fill::timeout      0x200103e4       0x4  Data  Lc  rgb.o [1]
LTDC_Handler            0x20010090      0xa8  Data  Gb  rgb.o [1]
LTDC_Init               0x002051d1     0x31e  Code  Gb  rgb.o [1]
LTDC_Layer_Parameter_Config
                        0x002055c3      0x80  Code  Gb  rgb.o [1]
LTDC_Layer_Window_Config
                        0x00205643      0x2e  Code  Gb  rgb.o [1]
LTDC_PanelID_Read       0x002054ef      0xd4  Code  Gb  rgb.o [1]
LTDC_Select_Layer       0x002056b7       0x8  Code  Gb  rgb.o [1]
LTDC_SetConfig          0x00205dcf     0x238  Code  Lc  stm32f7xx_hal_ltdc.o [1]
LoadInt                 0x00203317      0x7a  Code  Lc  xprintffull_nomb.o [3]
MPU_init                0x00206d1b      0x12  Code  Gb  apollo.o [1]
MPU_set_protection      0x00206ccd      0x4e  Code  Gb  apollo.o [1]
MemManage_Handler       0x002072a9       0xe  Code  Gb  apollo.o [1]
NMI_Handler             0x0020a067       0x2  Code  Gb  stm32f7xx_it.o [1]
NVIC_EnableIRQ          0x00208427      0x14  Code  Lc  stm32f7xx_hal_cortex.o [1]
NVIC_EncodePriority     0x0020845d      0x3e  Code  Lc  stm32f7xx_hal_cortex.o [1]
NVIC_GetPriorityGrouping
                        0x0020841d       0xa  Code  Lc  stm32f7xx_hal_cortex.o [1]
NVIC_SetPriority        0x0020843b      0x22  Code  Lc  stm32f7xx_hal_cortex.o [1]
NVIC_SetPriorityGrouping
                        0x00208401      0x1c  Code  Lc  stm32f7xx_hal_cortex.o [1]
NVIC_SystemReset        0x00206a71      0x22  Code  Lc  apollo.o [1]
POINT_COLOR             0x20010084       0x4  Data  Gb  rgb.o [1]
PendSV_Handler          0x0020a073       0x2  Code  Gb  stm32f7xx_it.o [1]
Region$$Table$$Base     0x0020a00c             --   Gb  - Linker created -
Region$$Table$$Limit    0x0020a038             --   Gb  - Linker created -
SCB_EnableDCache        0x00206abd      0x5e  Code  Lc  apollo.o [1]
SCB_EnableICache        0x00206a93      0x2a  Code  Lc  apollo.o [1]
SDRAM_Initialization_Sequence
                        0x00207115      0x4a  Code  Gb  apollo.o [1]
SDRAM_Send_Cmd          0x0020715f      0x3e  Code  Gb  apollo.o [1]
SDRAM_init              0x00206f7d      0xac  Code  Gb  apollo.o [1]
SVC_Handler             0x0020a06f       0x2  Code  Gb  stm32f7xx_it.o [1]
SysTick_Config          0x0020849b      0x2e  Code  Lc  stm32f7xx_hal_cortex.o [1]
SysTick_Handler         0x0020a075       0x8  Code  Gb  stm32f7xx_it.o [1]
SystemClock_Config      0x00206c09      0xae  Code  Gb  apollo.o [1]
SystemCoreClock         0x2001008c       0x4  Data  Gb  system_stm32f7xx.o [1]
SystemInit              0x00209e69      0x4c  Code  Gb  system_stm32f7xx.o [1]
TEMP_init               0x00206d2d      0x9a  Code  Gb  apollo.o [1]
TIM3_IRQHandler         0x002071d9       0xa  Code  Gb  apollo.o [1]
TIM5_IRQHandler         0x002071e3       0xa  Code  Gb  apollo.o [1]
TIM_Base_SetConfig      0x00208d89      0xec  Code  Gb  stm32f7xx_hal_tim.o [1]
TIM_CCxChannelCmd       0x00208fdb      0x1e  Code  Gb  stm32f7xx_hal_tim.o [1]
TIM_TI1_SetConfig       0x00208e75      0x7e  Code  Gb  stm32f7xx_hal_tim.o [1]
TIM_TI2_SetConfig       0x00208f21      0x3e  Code  Lc  stm32f7xx_hal_tim.o [1]
TIM_TI3_SetConfig       0x00208f5f      0x3e  Code  Lc  stm32f7xx_hal_tim.o [1]
TIM_TI4_SetConfig       0x00208f9d      0x3e  Code  Lc  stm32f7xx_hal_tim.o [1]
UART_AdvFeatureConfig   0x00207af9      0xda  Code  Gb  stm32f7xx_hal_uart.o [1]
UART_CheckIdleState     0x00207bd3      0x4a  Code  Gb  stm32f7xx_hal_uart.o [1]
UART_DMAAbortOnError    0x00207651      0x16  Code  Lc  stm32f7xx_hal_uart.o [1]
UART_EndRxTransfer      0x00207775      0x20  Code  Lc  stm32f7xx_hal_uart.o [1]
UART_EndTransmit_IT     0x002076d3      0x1c  Code  Lc  stm32f7xx_hal_uart.o [1]
UART_Receive_IT         0x002076ef      0x86  Code  Lc  stm32f7xx_hal_uart.o [1]
UART_SetConfig          0x00207795     0x330  Code  Gb  stm32f7xx_hal_uart.o [1]
UART_Transmit_IT        0x00207667      0x6c  Code  Lc  stm32f7xx_hal_uart.o [1]
UART_WaitOnFlagUntilTimeout
                        0x002075e1      0x6e  Code  Gb  stm32f7xx_hal_uart.o [1]
UART_init               0x00206bd5      0x28  Code  Gb  apollo.o [1]
USART2_IRQHandler       0x0020729f       0xa  Code  Gb  apollo.o [1]
UsageFault_Handler      0x0020a06d       0x2  Code  Gb  stm32f7xx_it.o [1]
_GenldFullNoMb          0x00203c7b     0x256  Code  Lc  xprintffull_nomb.o [3]
_LdtobFullNoMb          0x00203853     0x3fe  Code  Lc  xprintffull_nomb.o [3]
_LitobFullNoMb          0x00203703     0x10a  Code  Lc  xprintffull_nomb.o [3]
_Locale_lconv           0x20010048      0x38  Data  Lc  xlocale_c.o [3]
_PrintfFullNoMb         0x00203179     0x190  Code  Gb  xprintffull_nomb.o [3]
_Prout                  0x0020a08d      0x16  Code  Gb  xprout.o [3]
_PutcharsFullNoMb       0x00203ed1      0x2e  Code  Lc  xprintffull_nomb.o [3]
_PutfldFullNoMb         0x00203391     0x264  Code  Lc  xprintffull_nomb.o [3]
_PuttxtFullNoMb         0x002035f5     0x10e  Code  Lc  xprintffull_nomb.o [3]
_SProut                 0x00203f5f       0xa  Code  Gb  xsprout.o [3]
__aeabi_cdcmple         0x0020426d            Code  Gb  DblCmpLe.o [4]
__aeabi_cdrcmple        0x0020429d            Code  Gb  DblCmpGe.o [4]
__aeabi_d2iz            0x002043d1       0xe  Code  Gb  DblToS32.o [4]
__aeabi_d2uiz           0x00204411       0xe  Code  Gb  DblToU32.o [4]
__aeabi_ddiv            0x002043ff      0x12  Code  Gb  DblDiv.o [4]
__aeabi_dmul            0x00204143      0x12  Code  Gb  DblMul.o [4]
__aeabi_dsub            0x002043ed      0x12  Code  Gb  DblSub.o [4]
__aeabi_i2d             0x002043df       0xe  Code  Gb  S32ToDbl.o [4]
__aeabi_ldiv0           0x00204441            Code  Gb  I64DivZer.o [5]
__aeabi_memcpy          0x00204155            Code  Gb  ABImemcpy.o [5]
__aeabi_memcpy4         0x00204175            Code  Gb  ABImemcpy.o [5]
__aeabi_memcpy8         0x00204175            Code  Gb  ABImemcpy.o [5]
__aeabi_ui2d            0x0020441f       0xe  Code  Gb  U32ToDbl.o [4]
__aeabi_uldivmod        0x00204055            Code  Gb  I64DivMod.o [5]
__cmain                 0x0020a039            Code  Gb  cmain.o [5]
__exit                  0x00204445      0x14  Code  Gb  exit.o [6]
__iar_Fail_s            0x00203f81      0x1e  Code  Gb  xfail_s.o [3]
__iar_Memchr            0x00203ffd            Code  Gb  memchr.o [5]
__iar_Stdout            0x20010000      0x48  Data  Gb  xfiles.o [3]
__iar_Strchr            0x00203f69            Code  Gb  strchr.o [5]
__iar_copy_init3        0x00209f71      0x2c  Code  Gb  copy_init3.o [5]
__iar_data_init3        0x00209f9d      0x28  Code  Gb  data_init.o [5]
__iar_frexp             0x00204209            Code  Gb  frexp.o [4]
__iar_frexpl            0x00204209            Code  Gb  frexp.o [4]
__iar_init_vfp          0x00209fe9            Code  Gb  fpinit_M.o [4]
__iar_ldexp64           0x002042e1            Code  Gb  ldexp.o [4]
__iar_program_start     0x0020a0e1            Code  Gb  cstartup_M.o [5]
__iar_scalbln64         0x002042e1            Code  Gb  ldexp.o [4]
__iar_scalbn64          0x002042e1            Code  Gb  ldexp.o [4]
__iar_softfp___iar_frexp64
                        0x002041fd            Code  Gb  frexp.o [4]
__iar_softfp___iar_ldexp64
                        0x002042cd            Code  Gb  ldexp.o [4]
__iar_softfp___iar_scalbln64
                        0x002042cd            Code  Gb  ldexp.o [4]
__iar_softfp___iar_scalbn64
                        0x002042cd            Code  Gb  ldexp.o [4]
__iar_softfp_frexp      0x002041fd            Code  Gb  frexp.o [4]
__iar_softfp_frexpl     0x002041fd            Code  Gb  frexp.o [4]
__iar_softfp_ldexp      0x002042cd            Code  Gb  ldexp.o [4]
__iar_softfp_ldexpl     0x002042cd            Code  Gb  ldexp.o [4]
__iar_softfp_scalbln    0x002042cd            Code  Gb  ldexp.o [4]
__iar_softfp_scalblnl   0x002042cd            Code  Gb  ldexp.o [4]
__iar_softfp_scalbn     0x002042cd            Code  Gb  ldexp.o [4]
__iar_softfp_scalbnl    0x002042cd            Code  Gb  ldexp.o [4]
__iar_systems$$module {Abs}
                        0x00000001            Data  Gb  command line/config [2]
__iar_zero_init3        0x00209ed5      0x40  Code  Gb  zero_init3.o [5]
__low_level_init        0x0020a053       0x4  Code  Gb  low_level_init.o [3]
__vector_table          0x00200000            Data  Gb  startup_stm32f767xx.o [1]
_call_main              0x0020a045            Code  Gb  cmain.o [5]
_exit                   0x0020a05d            Code  Gb  cexit.o [5]
_main                   0x0020a04f            Code  Gb  cmain.o [5]
abort                   0x00204439       0x6  Code  Gb  abort.o [3]
asc2_1206               0x00209898     0x474  Data  Lc  rgb.o [1]
asc2_1608               0x002092a8     0x5f0  Data  Lc  rgb.o [1]
asc2_2412               0x00204458     0xd5c  Data  Lc  rgb.o [1]
asc2_3216               0x002001f8    0x2f80  Data  Lc  rgb.o [1]
exit                    0x0020a057       0x4  Code  Gb  exit.o [3]
fputc                   0x00206cb7      0x16  Code  Gb  apollo.o [1]
ic_state                0x200103f0       0x1  Data  Gb  apollo.o [1]
ic_value                0x200103dc       0x4  Data  Gb  apollo.o [1]
lcddev                  0x200103c0      0x10  Data  Gb  rgb.o [1]
lcdltdc                 0x20010374      0x20  Data  Gb  rgb.o [1]
ldexp                   0x002042e1            Code  Gb  ldexp.o [4]
ldexpl                  0x002042e1            Code  Gb  ldexp.o [4]
led_flag                0x200103d8       0x4  Data  Gb  apollo.o [1]
localeconv              0x0020442d       0x4  Code  Gb  xlocale_c.o [3]
ltdc_framebuf           0x200103d0       0x8  Data  Gb  rgb.o [1]
ltdc_lcd_framebuf       0xc0000000  0x1f4000  Data  Gb  rgb.o [1]
main                    0x00209d0d      0xf0  Code  Gb  main.o [1]
memchr                  0x00203ffd            Code  Gb  memchr.o [5]
mpudata                 0x20010080       0x4  Data  Gb  main.o [1]
mpup                    0x200103e0       0x4  Data  Gb  main.o [1]
obuf                    0x20010228      0x50  Data  Lc  xfiles.o [3]
printf                  0x002090b5      0x28  Code  Gb  printf.o [3]
putchar                 0x0020a0a5       0xc  Code  Gb  putchar.o [3]
ret                     0x200103f1       0x1  Data  Gb  rgb.o [1]
rstr                    0x20010138      0x80  Data  Gb  apollo.o [1]
scalbln                 0x002042e1            Code  Gb  ldexp.o [4]
scalblnl                0x002042e1            Code  Gb  ldexp.o [4]
scalbn                  0x002042e1            Code  Gb  ldexp.o [4]
scalbnl                 0x002042e1            Code  Gb  ldexp.o [4]
scale                   0x0020380d      0x46  Code  Lc  xprintffull_nomb.o [3]
sec_hand                0x200103ec       0x4  Data  Lc  xfail_s.o [3]
sprintf                 0x00209e29      0x40  Code  Gb  sprintf.o [3]
strchr                  0x00203f69            Code  Gb  strchr.o [5]
strlen                  0x00203fc5            Code  Gb  strlen.o [5]
uwTick                  0x200103e8       0x4  Data  Gb  stm32f7xx_hal.o [1]


[1] = D:\Apollo\gpio\Debug\Obj
[2] = command line
[3] = dl7M_tlf.a
[4] = m7M_tlv.a
[5] = rt7M_tl.a
[6] = shb_l.a

  23 162 bytes of readonly  code memory
  18 602 bytes of readonly  data memory
   9 202 bytes of readwrite data memory (+ 2 048 000 absolute)

Errors: none
Warnings: none
