###############################################################################
#
# IAR ELF Linker V8.11.1.13263/W32 for ARM                28/Apr/2017  20:11:33
# Copyright 2007-2017 IAR Systems AB.
#
#    Output file  =  D:\Apollo\gpio\Debug\Exe\gpio.out
#    Map file     =  D:\Apollo\gpio\Debug\List\gpio.map
#    Command line =  
#        -f C:\Users\iysheng\AppData\Local\Temp\EWF926.tmp
#        (D:\Apollo\gpio\Debug\Obj\apollo.o D:\Apollo\gpio\Debug\Obj\main.o
#        D:\Apollo\gpio\Debug\Obj\startup_stm32f767xx.o
#        D:\Apollo\gpio\Debug\Obj\stm32f7xx_hal.o
#        D:\Apollo\gpio\Debug\Obj\stm32f7xx_hal_adc.o
#        D:\Apollo\gpio\Debug\Obj\stm32f7xx_hal_cortex.o
#        D:\Apollo\gpio\Debug\Obj\stm32f7xx_hal_dma.o
#        D:\Apollo\gpio\Debug\Obj\stm32f7xx_hal_gpio.o
#        D:\Apollo\gpio\Debug\Obj\stm32f7xx_hal_pwr_ex.o
#        D:\Apollo\gpio\Debug\Obj\stm32f7xx_hal_rcc.o
#        D:\Apollo\gpio\Debug\Obj\stm32f7xx_hal_sdram.o
#        D:\Apollo\gpio\Debug\Obj\stm32f7xx_hal_tim.o
#        D:\Apollo\gpio\Debug\Obj\stm32f7xx_hal_tim_ex.o
#        D:\Apollo\gpio\Debug\Obj\stm32f7xx_hal_uart.o
#        D:\Apollo\gpio\Debug\Obj\stm32f7xx_it.o
#        D:\Apollo\gpio\Debug\Obj\stm32f7xx_ll_fmc.o
#        D:\Apollo\gpio\Debug\Obj\system_stm32f7xx.o -o
#        D:\Apollo\gpio\Debug\Exe\gpio.out --redirect _Printf=_PrintfFullNoMb
#        --redirect _Scanf=_ScanfFullNoMb --map
#        D:\Apollo\gpio\Debug\List\gpio.map --config "D:\Program Files
#        (x86)\IAR Systems\Embedded Workbench
#        8.0\arm\config\linker\ST\stm32f767xG.icf" --semihosting --entry
#        __iar_program_start --vfe --text_out locale)
#
###############################################################################

*******************************************************************************
*** RUNTIME MODEL ATTRIBUTES
***

CppFlavor       = *
__SystemLibrary = DLib
__dlib_version  = 6


*******************************************************************************
*** HEAP SELECTION
***

The basic heap was selected because no calls to memory allocation
functions were found in the application outside of system library
functions, and there are calls to deallocation functions in the
application.


*******************************************************************************
*** PLACEMENT SUMMARY
***

"A0":  place at 0x00200000 { ro section .intvec };
"P1":  place in [from 0x00200000 to 0x002fffff] { ro };
"P4":  place in [from 0x20000000 to 0x2000ffff] { block CSTACK };
"P5":  place in [from 0x20010000 to 0x2004bfff] |
                [from 0x2004c000 to 0x2004ffff] { rw, block HEAP };
initialize by copy { rw };

  Section            Kind        Address    Size  Object
  -------            ----        -------    ----  ------
"A0":                                      0x1f8
  .intvec            ro code  0x00200000   0x1f8  startup_stm32f767xx.o [1]
                            - 0x002001f8   0x1f8

"P1":                                     0x42e4
  .text              ro code  0x002001f8   0xde6  xprintffull_nomb.o [3]
  .text              ro code  0x00200fde     0xa  xsprout.o [3]
  .text              ro code  0x00200fe8    0x16  strchr.o [5]
  .text              ro code  0x00201000    0x44  xfail_s.o [3]
  .text              ro code  0x00201044    0x36  strlen.o [5]
  .text              ro code  0x0020107c    0x58  memchr.o [5]
  .text              ro code  0x002010d4    0xee  I64DivMod.o [5]
  .text              ro code  0x002011c2    0x12  DblMul.o [4]
  .text              ro code  0x002011d4    0xa6  ABImemcpy.o [5]
  .text              ro code  0x0020127c    0x70  frexp.o [4]
  .text              ro code  0x002012ec    0x2e  DblCmpLe.o [4]
  .text              ro code  0x0020131c    0x2e  DblCmpGe.o [4]
  .text              ro code  0x0020134c   0x104  ldexp.o [4]
  .text              ro code  0x00201450     0xe  DblToS32.o [4]
  .text              ro code  0x0020145e     0xe  S32ToDbl.o [4]
  .text              ro code  0x0020146c    0x12  DblSub.o [4]
  .text              ro code  0x0020147e    0x12  DblDiv.o [4]
  .text              ro code  0x00201490     0xe  DblToU32.o [4]
  .text              ro code  0x0020149e     0xe  U32ToDbl.o [4]
  .text              ro code  0x002014ac     0xc  xlocale_c.o [3]
  .text              ro code  0x002014b8     0x6  abort.o [3]
  .text              ro code  0x002014c0     0x2  I64DivZer.o [5]
  .text              ro code  0x002014c4    0x14  exit.o [6]
  .text              ro code  0x002014d8   0x8cc  stm32f7xx_hal_uart.o [1]
  .text              ro code  0x00201da4   0x810  apollo.o [1]
  .text              ro code  0x002025b4     0xc  stm32f7xx_hal.o [1]
  .text              ro code  0x002025c0    0x26  stm32f7xx_hal_dma.o [1]
  .text              ro code  0x002025e6     0x2  stm32f7xx_hal_uart.o [1]
  .text              ro code  0x002025e8     0x2  stm32f7xx_hal_uart.o [1]
  .text              ro code  0x002025ea     0x2  stm32f7xx_hal_uart.o [1]
  .text              ro code  0x002025ec   0x75c  stm32f7xx_hal_rcc.o [1]
  .text              ro code  0x00202d48   0x250  stm32f7xx_hal_gpio.o [1]
  .text              ro code  0x00202f98    0x88  stm32f7xx_hal_pwr_ex.o [1]
  .text              ro code  0x00203020   0x1c8  stm32f7xx_hal_cortex.o [1]
  .text              ro code  0x002031e8   0x46e  stm32f7xx_hal_adc.o [1]
  .text              ro code  0x00203658   0x5c0  stm32f7xx_hal_tim.o [1]
  .text              ro code  0x00203c18    0xa2  stm32f7xx_hal_sdram.o [1]
  .text              ro code  0x00203cba    0x1a  stm32f7xx_hal.o [1]
  .text              ro code  0x00203cd4    0x28  printf.o [3]
  .text              ro code  0x00203cfc    0x28  stm32f7xx_hal.o [1]
  .text              ro code  0x00203d24     0x2  stm32f7xx_hal_tim.o [1]
  .text              ro code  0x00203d26     0x2  stm32f7xx_hal_tim.o [1]
  .text              ro code  0x00203d28     0x2  stm32f7xx_hal_tim_ex.o [1]
  .text              ro code  0x00203d2a     0x2  stm32f7xx_hal_tim.o [1]
  .text              ro code  0x00203d2c     0x2  stm32f7xx_hal_tim_ex.o [1]
  .text              ro code  0x00203d30   0x16c  stm32f7xx_ll_fmc.o [1]
  .text              ro code  0x00203e9c   0x110  main.o [1]
  .text              ro code  0x00203fac    0x2a  stm32f7xx_hal.o [1]
  .text              ro code  0x00203fd8    0x40  sprintf.o [3]
  .text              ro code  0x00204018    0x6c  system_stm32f7xx.o [1]
  .text              ro code  0x00204084    0x40  zero_init3.o [5]
  .rodata            const    0x002040c4    0x30  main.o [1]
  .rodata            const    0x002040f4    0x2c  main.o [1]
  .text              ro code  0x00204120    0x2c  copy_init3.o [5]
  .text              ro code  0x0020414c    0x28  data_init.o [5]
  .text              ro code  0x00204174    0x22  fpinit_M.o [4]
  .iar.init_table    const    0x00204198    0x2c  - Linker created -
  .text              ro code  0x002041c4    0x1a  cmain.o [5]
  .text              ro code  0x002041de     0x4  low_level_init.o [3]
  .text              ro code  0x002041e2     0x4  exit.o [3]
  .text              ro code  0x002041e8     0xa  cexit.o [5]
  .rodata            const    0x002041f4    0x18  main.o [1]
  .rodata            const    0x0020420c    0x18  main.o [1]
  .text              ro code  0x00204224    0x16  stm32f7xx_it.o [1]
  .text              ro code  0x0020423c    0x10  stm32f7xx_hal.o [1]
  .text              ro code  0x0020424c    0x16  xprout.o [3]
  .text              ro code  0x00204264     0xc  putchar.o [3]
  .rodata            const    0x00204270    0x10  apollo.o [1]
  .rodata            const    0x00204280    0x10  system_stm32f7xx.o [1]
  .text              ro code  0x00204290    0x10  startup_stm32f767xx.o [1]
  .text              ro code  0x002042a0     0xc  cstartup_M.o [5]
  .rodata            const    0x002042ac     0x8  system_stm32f7xx.o [1]
  .rodata            const    0x002042b4     0x4  xlocale_c.o [3]
  .text              ro code  0x002042b8     0x4  startup_stm32f767xx.o [1]
  .text              ro code  0x002042bc     0x4  startup_stm32f767xx.o [1]
  .text              ro code  0x002042c0     0x4  startup_stm32f767xx.o [1]
  .text              ro code  0x002042c4     0x4  startup_stm32f767xx.o [1]
  .text              ro code  0x002042c8     0x4  startup_stm32f767xx.o [1]
  .text              ro code  0x002042cc     0x4  startup_stm32f767xx.o [1]
  .text              ro code  0x002042d0     0x4  startup_stm32f767xx.o [1]
  .text              ro code  0x002042d4     0x4  startup_stm32f767xx.o [1]
  .text              ro code  0x002042d8     0x4  startup_stm32f767xx.o [1]
  .text              ro code  0x002042dc     0x4  startup_stm32f767xx.o [1]
  .text              ro code  0x002042e0     0x4  startup_stm32f767xx.o [1]
  .text              ro code  0x002042e4     0x4  startup_stm32f767xx.o [1]
  .text              ro code  0x002042e8     0x4  startup_stm32f767xx.o [1]
  .text              ro code  0x002042ec     0x4  startup_stm32f767xx.o [1]
  .text              ro code  0x002042f0     0x4  startup_stm32f767xx.o [1]
  .text              ro code  0x002042f4     0x4  startup_stm32f767xx.o [1]
  .text              ro code  0x002042f8     0x4  startup_stm32f767xx.o [1]
  .text              ro code  0x002042fc     0x4  startup_stm32f767xx.o [1]
  .text              ro code  0x00204300     0x4  startup_stm32f767xx.o [1]
  .text              ro code  0x00204304     0x4  startup_stm32f767xx.o [1]
  .text              ro code  0x00204308     0x4  startup_stm32f767xx.o [1]
  .text              ro code  0x0020430c     0x4  startup_stm32f767xx.o [1]
  .text              ro code  0x00204310     0x4  startup_stm32f767xx.o [1]
  .text              ro code  0x00204314     0x4  startup_stm32f767xx.o [1]
  .text              ro code  0x00204318     0x4  startup_stm32f767xx.o [1]
  .text              ro code  0x0020431c     0x4  startup_stm32f767xx.o [1]
  .text              ro code  0x00204320     0x4  startup_stm32f767xx.o [1]
  .text              ro code  0x00204324     0x4  startup_stm32f767xx.o [1]
  .text              ro code  0x00204328     0x4  startup_stm32f767xx.o [1]
  .text              ro code  0x0020432c     0x4  startup_stm32f767xx.o [1]
  .text              ro code  0x00204330     0x4  startup_stm32f767xx.o [1]
  .text              ro code  0x00204334     0x4  startup_stm32f767xx.o [1]
  .text              ro code  0x00204338     0x4  startup_stm32f767xx.o [1]
  .text              ro code  0x0020433c     0x4  startup_stm32f767xx.o [1]
  .text              ro code  0x00204340     0x4  startup_stm32f767xx.o [1]
  .text              ro code  0x00204344     0x4  startup_stm32f767xx.o [1]
  .text              ro code  0x00204348     0x4  startup_stm32f767xx.o [1]
  .text              ro code  0x0020434c     0x4  startup_stm32f767xx.o [1]
  .text              ro code  0x00204350     0x4  startup_stm32f767xx.o [1]
  .text              ro code  0x00204354     0x4  startup_stm32f767xx.o [1]
  .text              ro code  0x00204358     0x4  startup_stm32f767xx.o [1]
  .text              ro code  0x0020435c     0x4  startup_stm32f767xx.o [1]
  .text              ro code  0x00204360     0x4  startup_stm32f767xx.o [1]
  .text              ro code  0x00204364     0x4  startup_stm32f767xx.o [1]
  .text              ro code  0x00204368     0x4  startup_stm32f767xx.o [1]
  .text              ro code  0x0020436c     0x4  startup_stm32f767xx.o [1]
  .text              ro code  0x00204370     0x4  startup_stm32f767xx.o [1]
  .text              ro code  0x00204374     0x4  startup_stm32f767xx.o [1]
  .text              ro code  0x00204378     0x4  startup_stm32f767xx.o [1]
  .text              ro code  0x0020437c     0x4  startup_stm32f767xx.o [1]
  .text              ro code  0x00204380     0x4  startup_stm32f767xx.o [1]
  .text              ro code  0x00204384     0x4  startup_stm32f767xx.o [1]
  .text              ro code  0x00204388     0x4  startup_stm32f767xx.o [1]
  .text              ro code  0x0020438c     0x4  startup_stm32f767xx.o [1]
  .text              ro code  0x00204390     0x4  startup_stm32f767xx.o [1]
  .text              ro code  0x00204394     0x4  startup_stm32f767xx.o [1]
  .text              ro code  0x00204398     0x4  startup_stm32f767xx.o [1]
  .text              ro code  0x0020439c     0x4  startup_stm32f767xx.o [1]
  .text              ro code  0x002043a0     0x4  startup_stm32f767xx.o [1]
  .text              ro code  0x002043a4     0x4  startup_stm32f767xx.o [1]
  .text              ro code  0x002043a8     0x4  startup_stm32f767xx.o [1]
  .text              ro code  0x002043ac     0x4  startup_stm32f767xx.o [1]
  .text              ro code  0x002043b0     0x4  startup_stm32f767xx.o [1]
  .text              ro code  0x002043b4     0x4  startup_stm32f767xx.o [1]
  .text              ro code  0x002043b8     0x4  startup_stm32f767xx.o [1]
  .text              ro code  0x002043bc     0x4  startup_stm32f767xx.o [1]
  .text              ro code  0x002043c0     0x4  startup_stm32f767xx.o [1]
  .text              ro code  0x002043c4     0x4  startup_stm32f767xx.o [1]
  .text              ro code  0x002043c8     0x4  startup_stm32f767xx.o [1]
  .text              ro code  0x002043cc     0x4  startup_stm32f767xx.o [1]
  .text              ro code  0x002043d0     0x4  startup_stm32f767xx.o [1]
  .text              ro code  0x002043d4     0x4  startup_stm32f767xx.o [1]
  .text              ro code  0x002043d8     0x4  startup_stm32f767xx.o [1]
  .text              ro code  0x002043dc     0x4  startup_stm32f767xx.o [1]
  .text              ro code  0x002043e0     0x4  startup_stm32f767xx.o [1]
  .text              ro code  0x002043e4     0x4  startup_stm32f767xx.o [1]
  .text              ro code  0x002043e8     0x4  startup_stm32f767xx.o [1]
  .text              ro code  0x002043ec     0x4  startup_stm32f767xx.o [1]
  .text              ro code  0x002043f0     0x4  startup_stm32f767xx.o [1]
  .text              ro code  0x002043f4     0x4  startup_stm32f767xx.o [1]
  .text              ro code  0x002043f8     0x4  startup_stm32f767xx.o [1]
  .text              ro code  0x002043fc     0x4  startup_stm32f767xx.o [1]
  .text              ro code  0x00204400     0x4  startup_stm32f767xx.o [1]
  .text              ro code  0x00204404     0x4  startup_stm32f767xx.o [1]
  .text              ro code  0x00204408     0x4  startup_stm32f767xx.o [1]
  .text              ro code  0x0020440c     0x4  startup_stm32f767xx.o [1]
  .text              ro code  0x00204410     0x4  startup_stm32f767xx.o [1]
  .text              ro code  0x00204414     0x4  startup_stm32f767xx.o [1]
  .text              ro code  0x00204418     0x4  startup_stm32f767xx.o [1]
  .text              ro code  0x0020441c     0x4  startup_stm32f767xx.o [1]
  .text              ro code  0x00204420     0x4  startup_stm32f767xx.o [1]
  .text              ro code  0x00204424     0x4  startup_stm32f767xx.o [1]
  .text              ro code  0x00204428     0x4  startup_stm32f767xx.o [1]
  .text              ro code  0x0020442c     0x4  startup_stm32f767xx.o [1]
  .text              ro code  0x00204430     0x4  startup_stm32f767xx.o [1]
  .text              ro code  0x00204434     0x4  startup_stm32f767xx.o [1]
  .text              ro code  0x00204438     0x4  startup_stm32f767xx.o [1]
  .text              ro code  0x0020443c     0x4  startup_stm32f767xx.o [1]
  .text              ro code  0x00204440     0x4  startup_stm32f767xx.o [1]
  .text              ro code  0x00204444     0x4  startup_stm32f767xx.o [1]
  .text              ro code  0x00204448     0x4  startup_stm32f767xx.o [1]
  .text              ro code  0x0020444c     0x4  startup_stm32f767xx.o [1]
  .text              ro code  0x00204450     0x4  startup_stm32f767xx.o [1]
  .rodata            const    0x00204454     0x0  zero_init3.o [5]
  .rodata            const    0x00204454     0x0  copy_init3.o [5]
  Initializer bytes  const    0x00204454    0x88  <for P5 s0>
                            - 0x002044dc  0x42e4

"P4":                                     0x2000
  CSTACK                      0x20000000  0x2000  <Block>
    CSTACK           uninit   0x20000000  0x2000  <Block tail>
                            - 0x20002000  0x2000

"P5", part 1 of 2:                          0x88
  P5 s0                       0x20010000    0x88  <Init block>
    .data            inited   0x20010000    0x48  xfiles.o [3]
    .data            inited   0x20010048    0x38  xlocale_c.o [3]
    .data            inited   0x20010080     0x4  main.o [1]
    .data            inited   0x20010084     0x4  system_stm32f7xx.o [1]
                            - 0x20010088    0x88

"P5", part 2 of 2:                         0x250
  .bss               zero     0x20010088    0x70  apollo.o [1]
  .bss               zero     0x200100f8    0x50  xfiles.o [3]
  .bss               zero     0x20010148    0x48  apollo.o [1]
  .bss               zero     0x20010190    0x40  apollo.o [1]
  .bss               zero     0x200101d0    0x40  apollo.o [1]
  .bss               zero     0x20010210    0x40  apollo.o [1]
  .bss               zero     0x20010250    0x34  apollo.o [1]
  .bss               zero     0x20010284    0x1c  apollo.o [1]
  .bss               zero     0x200102a0    0x10  apollo.o [1]
  .bss               zero     0x200102b0    0x10  main.o [1]
  .bss               zero     0x200102c0     0x4  apollo.o [1]
  .bss               zero     0x200102c4     0x4  apollo.o [1]
  .bss               zero     0x200102c8     0x4  main.o [1]
  .bss               zero     0x200102cc     0x4  stm32f7xx_hal.o [1]
  .bss               zero     0x200102d0     0x4  xfail_s.o [3]
  .bss               zero     0x200102d4     0x1  apollo.o [1]
                            - 0x200102d5   0x24d

Absolute sections:                          0x10
  .bss               zero     0xc0000000    0x10  main.o [1]
                            - 0xc0000010    0x10


*******************************************************************************
*** INIT TABLE
***

          Address     Size
          -------     ----
Zero (__iar_zero_init3)
    2 destination ranges, total size 0x25d:
          0x20010088  0x24d
          0xc0000000   0x10

Copy (__iar_copy_init3)
    1 source range, total size 0x88:
          0x00204454   0x88
    1 destination range, total size 0x88:
          0x20010000   0x88



*******************************************************************************
*** MODULE SUMMARY
***

    Module                  ro code  ro data  rw data  rw data
                                                        (abs)
    ------                  -------  -------  -------  -------
D:\Apollo\gpio\Debug\Obj: [1]
    apollo.o                  2 064       16      481
    main.o                      272      144       24       16
    startup_stm32f767xx.o       932
    stm32f7xx_hal.o             136                 4
    stm32f7xx_hal_adc.o       1 134
    stm32f7xx_hal_cortex.o      456
    stm32f7xx_hal_dma.o          38
    stm32f7xx_hal_gpio.o        592
    stm32f7xx_hal_pwr_ex.o      136
    stm32f7xx_hal_rcc.o       1 884
    stm32f7xx_hal_sdram.o       162
    stm32f7xx_hal_tim.o       1 478
    stm32f7xx_hal_tim_ex.o        4
    stm32f7xx_hal_uart.o      2 258
    stm32f7xx_it.o               22
    stm32f7xx_ll_fmc.o          364
    system_stm32f7xx.o          108       28        4
    ----------------------------------------------------------
    Total:                   12 040      188      513       16

command line: [2]
    ----------------------------------------------------------
    Total:

dl7M_tlf.a: [3]
    abort.o                       6
    exit.o                        4
    low_level_init.o              4
    printf.o                     40
    putchar.o                    12
    sprintf.o                    64
    xfail_s.o                    68                 4
    xfiles.o                              72      152
    xlocale_c.o                  12       60       56
    xprintffull_nomb.o        3 558
    xprout.o                     22
    xsprout.o                    10
    ----------------------------------------------------------
    Total:                    3 800      132      212

m7M_tlv.a: [4]
    DblCmpGe.o                   46
    DblCmpLe.o                   46
    DblDiv.o                     18
    DblMul.o                     18
    DblSub.o                     18
    DblToS32.o                   14
    DblToU32.o                   14
    S32ToDbl.o                   14
    U32ToDbl.o                   14
    fpinit_M.o                   34
    frexp.o                     112
    ldexp.o                     260
    ----------------------------------------------------------
    Total:                      608

rt7M_tl.a: [5]
    ABImemcpy.o                 166
    I64DivMod.o                 238
    I64DivZer.o                   2
    cexit.o                      10
    cmain.o                      26
    copy_init3.o                 44
    cstartup_M.o                 12
    data_init.o                  40
    memchr.o                     88
    strchr.o                     22
    strlen.o                     54
    zero_init3.o                 64
    ----------------------------------------------------------
    Total:                      766

shb_l.a: [6]
    exit.o                       20
    ----------------------------------------------------------
    Total:                       20

    Gaps                         26        4
    Linker created                        44    8 192
--------------------------------------------------------------
    Grand Total:             17 260      368    8 917       16


*******************************************************************************
*** ENTRY LIST
***

Entry                      Address   Size  Type      Object
-----                      -------   ----  ----      ------
.iar.init_table$$Base   0x00204198          --   Gb  - Linker created -
.iar.init_table$$Limit  0x002041c4          --   Gb  - Linker created -
?main                   0x002041c5         Code  Gb  cmain.o [5]
ADC_Init                0x002034d1  0x166  Code  Lc  stm32f7xx_hal_adc.o [1]
AHBPrescTable           0x00204280   0x10  Data  Gb  system_stm32f7xx.o [1]
APBPrescTable           0x002042ac    0x8  Data  Gb  system_stm32f7xx.o [1]
BusFault_Handler        0x00204229    0x2  Code  Gb  stm32f7xx_it.o [1]
CSTACK$$Base            0x20000000          --   Gb  - Linker created -
CSTACK$$Limit           0x20002000          --   Gb  - Linker created -
DebugMon_Handler        0x0020422f    0x2  Code  Gb  stm32f7xx_it.o [1]
EXTI2_IRQHandler        0x002024df   0x1e  Code  Gb  apollo.o [1]
EXTI3_IRQHandler        0x002024fd   0x1e  Code  Gb  apollo.o [1]
FMC_SDRAM_Init          0x00203d31   0x74  Code  Gb  stm32f7xx_ll_fmc.o [1]
FMC_SDRAM_ProgramRefreshRate
                        0x00203e91    0xc  Code  Gb  stm32f7xx_ll_fmc.o [1]
FMC_SDRAM_SendCommand   0x00203e41   0x50  Code  Gb  stm32f7xx_ll_fmc.o [1]
FMC_SDRAM_Timing_Init   0x00203da5   0x96  Code  Gb  stm32f7xx_ll_fmc.o [1]
FMC_SDRAM_WriteBuffer   0x002023ff   0x1a  Code  Gb  apollo.o [1]
HAL_ADC_ConfigChannel   0x00203331  0x1a0  Code  Gb  stm32f7xx_hal_adc.o [1]
HAL_ADC_Init            0x002031e9   0x64  Code  Gb  stm32f7xx_hal_adc.o [1]
HAL_ADC_Start           0x0020324d   0xe4  Code  Gb  stm32f7xx_hal_adc.o [1]
HAL_DMA_Abort_IT        0x002025c1   0x26  Code  Gb  stm32f7xx_hal_dma.o [1]
HAL_Delay               0x00203cbb   0x1a  Code  Wk  stm32f7xx_hal.o [1]
HAL_GPIO_Init           0x00202d49  0x1fa  Code  Gb  stm32f7xx_hal_gpio.o [1]
HAL_GPIO_WritePin       0x00202f43   0x14  Code  Gb  stm32f7xx_hal_gpio.o [1]
HAL_GetTick             0x002025b5    0xc  Code  Wk  stm32f7xx_hal.o [1]
HAL_IncTick             0x0020423d   0x10  Code  Wk  stm32f7xx_hal.o [1]
HAL_Init                0x00203fad   0x22  Code  Gb  stm32f7xx_hal.o [1]
HAL_InitTick            0x00203cfd   0x28  Code  Wk  stm32f7xx_hal.o [1]
HAL_MPU_ConfigRegion    0x0020315b   0x58  Code  Gb  stm32f7xx_hal_cortex.o [1]
HAL_MPU_Disable         0x00203125   0x18  Code  Gb  stm32f7xx_hal_cortex.o [1]
HAL_MPU_Enable          0x0020313d   0x1e  Code  Gb  stm32f7xx_hal_cortex.o [1]
HAL_NVIC_EnableIRQ      0x00203113    0xa  Code  Gb  stm32f7xx_hal_cortex.o [1]
HAL_NVIC_SetPriority    0x002030f1   0x22  Code  Gb  stm32f7xx_hal_cortex.o [1]
HAL_NVIC_SetPriorityGrouping
                        0x002030e9    0x8  Code  Gb  stm32f7xx_hal_cortex.o [1]
HAL_PWREx_EnableOverDrive
                        0x00202f99   0x7a  Code  Gb  stm32f7xx_hal_pwr_ex.o [1]
HAL_RCC_ClockConfig     0x00202a9b  0x1a2  Code  Gb  stm32f7xx_hal_rcc.o [1]
HAL_RCC_GetHCLKFreq     0x00202cc9    0x6  Code  Gb  stm32f7xx_hal_rcc.o [1]
HAL_RCC_GetPCLK1Freq    0x00202ccf   0x20  Code  Gb  stm32f7xx_hal_rcc.o [1]
HAL_RCC_GetPCLK2Freq    0x00202cef   0x20  Code  Gb  stm32f7xx_hal_rcc.o [1]
HAL_RCC_GetSysClockFreq
                        0x00202c3d   0x8c  Code  Gb  stm32f7xx_hal_rcc.o [1]
HAL_RCC_OscConfig       0x002025ed  0x4ae  Code  Gb  stm32f7xx_hal_rcc.o [1]
HAL_SDRAM_Init          0x00203c19   0x44  Code  Gb  stm32f7xx_hal_sdram.o [1]
HAL_SDRAM_MspInit       0x0020228b   0xec  Code  Gb  apollo.o [1]
HAL_SDRAM_ProgramRefreshRate
                        0x00203c95   0x26  Code  Gb  stm32f7xx_hal_sdram.o [1]
HAL_SDRAM_SendCommand   0x00203c5d   0x38  Code  Gb  stm32f7xx_hal_sdram.o [1]
HAL_SYSTICK_Config      0x0020311d    0x8  Code  Gb  stm32f7xx_hal_cortex.o [1]
HAL_TIMEx_BreakCallback
                        0x00203d29    0x2  Code  Wk  stm32f7xx_hal_tim_ex.o [1]
HAL_TIMEx_CommutationCallback
                        0x00203d2d    0x2  Code  Wk  stm32f7xx_hal_tim_ex.o [1]
HAL_TIM_IC_CaptureCallback
                        0x00202469   0x76  Code  Gb  apollo.o [1]
HAL_TIM_IC_ConfigChannel
                        0x0020388d   0xd4  Code  Gb  stm32f7xx_hal_tim.o [1]
HAL_TIM_IC_Init         0x00203659   0x38  Code  Gb  stm32f7xx_hal_tim.o [1]
HAL_TIM_IC_MspInit      0x00202165   0x7c  Code  Gb  apollo.o [1]
HAL_TIM_IC_Start_IT     0x00203691   0x68  Code  Gb  stm32f7xx_hal_tim.o [1]
HAL_TIM_IRQHandler      0x002036f9  0x194  Code  Gb  stm32f7xx_hal_tim.o [1]
HAL_TIM_PeriodElapsedCallback
                        0x00202419   0x3c  Code  Gb  apollo.o [1]
HAL_TIM_ReadCapturedValue
                        0x00203961   0x48  Code  Gb  stm32f7xx_hal_tim.o [1]
HAL_UART_IRQHandler     0x00201623  0x146  Code  Gb  stm32f7xx_hal_uart.o [1]
HAL_UART_Init           0x002014d9   0x7e  Code  Gb  stm32f7xx_hal_uart.o [1]
HAL_UART_MspInit        0x0020202b   0xf0  Code  Gb  apollo.o [1]
HAL_UART_Transmit       0x00201557   0xcc  Code  Gb  stm32f7xx_hal_uart.o [1]
HardFault_Handler       0x00204227    0x2  Code  Gb  stm32f7xx_it.o [1]
IADC                    0x20010148   0x48  Data  Gb  apollo.o [1]
IC_Config               0x200102a0   0x10  Data  Gb  apollo.o [1]
IC_init                 0x0020211b   0x4a  Code  Gb  apollo.o [1]
ISDRAM                  0x20010250   0x34  Data  Gb  apollo.o [1]
ISDRAM_Timing           0x20010284   0x1c  Data  Gb  apollo.o [1]
ITIM                    0x20010190   0x40  Data  Gb  apollo.o [1]
ITIM5                   0x200101d0   0x40  Data  Gb  apollo.o [1]
IUART                   0x20010088   0x70  Data  Gb  apollo.o [1]
KEY_init                0x00201e3f   0x42  Code  Gb  apollo.o [1]
LED_init                0x00201dc7   0x40  Code  Gb  apollo.o [1]
LED_off                 0x00201e23   0x1c  Code  Gb  apollo.o [1]
LED_on                  0x00201e07   0x1c  Code  Gb  apollo.o [1]
LoadInt                 0x00200397   0x7a  Code  Lc  xprintffull_nomb.o [3]
MPU_init                0x00201f7f   0x12  Code  Gb  apollo.o [1]
MPU_set_protection      0x00201f31   0x4e  Code  Gb  apollo.o [1]
MemManage_Handler       0x00202525    0xe  Code  Gb  apollo.o [1]
NMI_Handler             0x00204225    0x2  Code  Gb  stm32f7xx_it.o [1]
NVIC_EnableIRQ          0x00203047   0x14  Code  Lc  stm32f7xx_hal_cortex.o [1]
NVIC_EncodePriority     0x0020307d   0x3e  Code  Lc  stm32f7xx_hal_cortex.o [1]
NVIC_GetPriorityGrouping
                        0x0020303d    0xa  Code  Lc  stm32f7xx_hal_cortex.o [1]
NVIC_SetPriority        0x0020305b   0x22  Code  Lc  stm32f7xx_hal_cortex.o [1]
NVIC_SetPriorityGrouping
                        0x00203021   0x1c  Code  Lc  stm32f7xx_hal_cortex.o [1]
NVIC_SystemReset        0x00201da5   0x22  Code  Lc  apollo.o [1]
PendSV_Handler          0x00204231    0x2  Code  Gb  stm32f7xx_it.o [1]
Region$$Table$$Base     0x00204198          --   Gb  - Linker created -
Region$$Table$$Limit    0x002041c4          --   Gb  - Linker created -
SDRAM_Initialization_Sequence
                        0x00202377   0x4a  Code  Gb  apollo.o [1]
SDRAM_Send_Cmd          0x002023c1   0x3e  Code  Gb  apollo.o [1]
SDRAM_init              0x002021e1   0xaa  Code  Gb  apollo.o [1]
SVC_Handler             0x0020422d    0x2  Code  Gb  stm32f7xx_it.o [1]
SysTick_Config          0x002030bb   0x2e  Code  Lc  stm32f7xx_hal_cortex.o [1]
SysTick_Handler         0x00204233    0x8  Code  Gb  stm32f7xx_it.o [1]
SystemClock_Config      0x00201ea9   0x72  Code  Gb  apollo.o [1]
SystemCoreClock         0x20010084    0x4  Data  Gb  system_stm32f7xx.o [1]
SystemInit              0x00204019   0x4c  Code  Gb  system_stm32f7xx.o [1]
TEMP_init               0x00201f91   0x9a  Code  Gb  apollo.o [1]
TIM3_IRQHandler         0x00202455    0xa  Code  Gb  apollo.o [1]
TIM5_IRQHandler         0x0020245f    0xa  Code  Gb  apollo.o [1]
TIM_Base_SetConfig      0x002039a9   0xec  Code  Gb  stm32f7xx_hal_tim.o [1]
TIM_CCxChannelCmd       0x00203bfb   0x1e  Code  Gb  stm32f7xx_hal_tim.o [1]
TIM_TI1_SetConfig       0x00203a95   0x7e  Code  Gb  stm32f7xx_hal_tim.o [1]
TIM_TI2_SetConfig       0x00203b41   0x3e  Code  Lc  stm32f7xx_hal_tim.o [1]
TIM_TI3_SetConfig       0x00203b7f   0x3e  Code  Lc  stm32f7xx_hal_tim.o [1]
TIM_TI4_SetConfig       0x00203bbd   0x3e  Code  Lc  stm32f7xx_hal_tim.o [1]
UART_AdvFeatureConfig   0x00201c81   0xda  Code  Gb  stm32f7xx_hal_uart.o [1]
UART_CheckIdleState     0x00201d5b   0x4a  Code  Gb  stm32f7xx_hal_uart.o [1]
UART_DMAAbortOnError    0x002017d9   0x16  Code  Lc  stm32f7xx_hal_uart.o [1]
UART_EndRxTransfer      0x002018fd   0x20  Code  Lc  stm32f7xx_hal_uart.o [1]
UART_EndTransmit_IT     0x0020185b   0x1c  Code  Lc  stm32f7xx_hal_uart.o [1]
UART_Receive_IT         0x00201877   0x86  Code  Lc  stm32f7xx_hal_uart.o [1]
UART_SetConfig          0x0020191d  0x330  Code  Gb  stm32f7xx_hal_uart.o [1]
UART_Transmit_IT        0x002017ef   0x6c  Code  Lc  stm32f7xx_hal_uart.o [1]
UART_WaitOnFlagUntilTimeout
                        0x00201769   0x6e  Code  Gb  stm32f7xx_hal_uart.o [1]
UART_init               0x00201e81   0x28  Code  Gb  apollo.o [1]
USART2_IRQHandler       0x0020251b    0xa  Code  Gb  apollo.o [1]
UsageFault_Handler      0x0020422b    0x2  Code  Gb  stm32f7xx_it.o [1]
_GenldFullNoMb          0x00200cfb  0x256  Code  Lc  xprintffull_nomb.o [3]
_LdtobFullNoMb          0x002008d3  0x3fe  Code  Lc  xprintffull_nomb.o [3]
_LitobFullNoMb          0x00200783  0x10a  Code  Lc  xprintffull_nomb.o [3]
_Locale_lconv           0x20010048   0x38  Data  Lc  xlocale_c.o [3]
_PrintfFullNoMb         0x002001f9  0x190  Code  Gb  xprintffull_nomb.o [3]
_Prout                  0x0020424d   0x16  Code  Gb  xprout.o [3]
_PutcharsFullNoMb       0x00200f51   0x2e  Code  Lc  xprintffull_nomb.o [3]
_PutfldFullNoMb         0x00200411  0x264  Code  Lc  xprintffull_nomb.o [3]
_PuttxtFullNoMb         0x00200675  0x10e  Code  Lc  xprintffull_nomb.o [3]
_SProut                 0x00200fdf    0xa  Code  Gb  xsprout.o [3]
__aeabi_cdcmple         0x002012ed         Code  Gb  DblCmpLe.o [4]
__aeabi_cdrcmple        0x0020131d         Code  Gb  DblCmpGe.o [4]
__aeabi_d2iz            0x00201451    0xe  Code  Gb  DblToS32.o [4]
__aeabi_d2uiz           0x00201491    0xe  Code  Gb  DblToU32.o [4]
__aeabi_ddiv            0x0020147f   0x12  Code  Gb  DblDiv.o [4]
__aeabi_dmul            0x002011c3   0x12  Code  Gb  DblMul.o [4]
__aeabi_dsub            0x0020146d   0x12  Code  Gb  DblSub.o [4]
__aeabi_i2d             0x0020145f    0xe  Code  Gb  S32ToDbl.o [4]
__aeabi_ldiv0           0x002014c1         Code  Gb  I64DivZer.o [5]
__aeabi_memcpy          0x002011d5         Code  Gb  ABImemcpy.o [5]
__aeabi_memcpy4         0x002011f5         Code  Gb  ABImemcpy.o [5]
__aeabi_memcpy8         0x002011f5         Code  Gb  ABImemcpy.o [5]
__aeabi_ui2d            0x0020149f    0xe  Code  Gb  U32ToDbl.o [4]
__aeabi_uldivmod        0x002010d5         Code  Gb  I64DivMod.o [5]
__cmain                 0x002041c5         Code  Gb  cmain.o [5]
__exit                  0x002014c5   0x14  Code  Gb  exit.o [6]
__iar_Fail_s            0x00201001   0x1e  Code  Gb  xfail_s.o [3]
__iar_Memchr            0x0020107d         Code  Gb  memchr.o [5]
__iar_Stdout            0x20010000   0x48  Data  Gb  xfiles.o [3]
__iar_Strchr            0x00200fe9         Code  Gb  strchr.o [5]
__iar_copy_init3        0x00204121   0x2c  Code  Gb  copy_init3.o [5]
__iar_data_init3        0x0020414d   0x28  Code  Gb  data_init.o [5]
__iar_frexp             0x00201289         Code  Gb  frexp.o [4]
__iar_frexpl            0x00201289         Code  Gb  frexp.o [4]
__iar_init_vfp          0x00204175         Code  Gb  fpinit_M.o [4]
__iar_ldexp64           0x00201361         Code  Gb  ldexp.o [4]
__iar_program_start     0x002042a1         Code  Gb  cstartup_M.o [5]
__iar_scalbln64         0x00201361         Code  Gb  ldexp.o [4]
__iar_scalbn64          0x00201361         Code  Gb  ldexp.o [4]
__iar_softfp___iar_frexp64
                        0x0020127d         Code  Gb  frexp.o [4]
__iar_softfp___iar_ldexp64
                        0x0020134d         Code  Gb  ldexp.o [4]
__iar_softfp___iar_scalbln64
                        0x0020134d         Code  Gb  ldexp.o [4]
__iar_softfp___iar_scalbn64
                        0x0020134d         Code  Gb  ldexp.o [4]
__iar_softfp_frexp      0x0020127d         Code  Gb  frexp.o [4]
__iar_softfp_frexpl     0x0020127d         Code  Gb  frexp.o [4]
__iar_softfp_ldexp      0x0020134d         Code  Gb  ldexp.o [4]
__iar_softfp_ldexpl     0x0020134d         Code  Gb  ldexp.o [4]
__iar_softfp_scalbln    0x0020134d         Code  Gb  ldexp.o [4]
__iar_softfp_scalblnl   0x0020134d         Code  Gb  ldexp.o [4]
__iar_softfp_scalbn     0x0020134d         Code  Gb  ldexp.o [4]
__iar_softfp_scalbnl    0x0020134d         Code  Gb  ldexp.o [4]
__iar_systems$$module {Abs}
                        0x00000001         Data  Gb  command line/config [2]
__iar_zero_init3        0x00204085   0x40  Code  Gb  zero_init3.o [5]
__low_level_init        0x002041df    0x4  Code  Gb  low_level_init.o [3]
__vector_table          0x00200000         Data  Gb  startup_stm32f767xx.o [1]
_call_main              0x002041d1         Code  Gb  cmain.o [5]
_exit                   0x002041e9         Code  Gb  cexit.o [5]
_main                   0x002041db         Code  Gb  cmain.o [5]
abort                   0x002014b9    0x6  Code  Gb  abort.o [3]
exit                    0x002041e3    0x4  Code  Gb  exit.o [3]
fputc                   0x00201f1b   0x16  Code  Gb  apollo.o [1]
ic_state                0x200102d4    0x1  Data  Gb  apollo.o [1]
ic_value                0x200102c4    0x4  Data  Gb  apollo.o [1]
ldexp                   0x00201361         Code  Gb  ldexp.o [4]
ldexpl                  0x00201361         Code  Gb  ldexp.o [4]
led_flag                0x200102c0    0x4  Data  Gb  apollo.o [1]
localeconv              0x002014ad    0x4  Code  Gb  xlocale_c.o [3]
main                    0x00203e9d  0x110  Code  Gb  main.o [1]
memchr                  0x0020107d         Code  Gb  memchr.o [5]
mpudata                 0x20010080    0x4  Data  Gb  main.o [1]
mpup                    0x200102c8    0x4  Data  Gb  main.o [1]
obuf                    0x200100f8   0x50  Data  Lc  xfiles.o [3]
printf                  0x00203cd5   0x28  Code  Gb  printf.o [3]
putchar                 0x00204265    0xc  Code  Gb  putchar.o [3]
rstr                    0x20010210   0x40  Data  Gb  apollo.o [1]
scalbln                 0x00201361         Code  Gb  ldexp.o [4]
scalblnl                0x00201361         Code  Gb  ldexp.o [4]
scalbn                  0x00201361         Code  Gb  ldexp.o [4]
scalbnl                 0x00201361         Code  Gb  ldexp.o [4]
scale                   0x0020088d   0x46  Code  Lc  xprintffull_nomb.o [3]
sdram_test              0x200102b0   0x10  Data  Gb  main.o [1]
sdramdata               0xc0000000   0x10  Data  Gb  main.o [1]
sec_hand                0x200102d0    0x4  Data  Lc  xfail_s.o [3]
sprintf                 0x00203fd9   0x40  Code  Gb  sprintf.o [3]
strchr                  0x00200fe9         Code  Gb  strchr.o [5]
strlen                  0x00201045         Code  Gb  strlen.o [5]
uwTick                  0x200102cc    0x4  Data  Gb  stm32f7xx_hal.o [1]


[1] = D:\Apollo\gpio\Debug\Obj
[2] = command line
[3] = dl7M_tlf.a
[4] = m7M_tlv.a
[5] = rt7M_tl.a
[6] = shb_l.a

  17 260 bytes of readonly  code memory
     368 bytes of readonly  data memory
   8 917 bytes of readwrite data memory (+ 16 absolute)

Errors: none
Warnings: none
