###############################################################################
#
# IAR ELF Linker V8.11.1.13263/W32 for ARM                03/May/2017  23:25:41
# Copyright 2007-2017 IAR Systems AB.
#
#    Output file  =  D:\Apollo\gpio\Debug\Exe\gpio.out
#    Map file     =  D:\Apollo\gpio\Debug\List\gpio.map
#    Command line =  
#        -f C:\Users\iysheng\AppData\Local\Temp\EW6C0.tmp
#        (D:\Apollo\gpio\Debug\Obj\apollo.o D:\Apollo\gpio\Debug\Obj\main.o
#        D:\Apollo\gpio\Debug\Obj\rgb.o
#        D:\Apollo\gpio\Debug\Obj\startup_stm32f767xx.o
#        D:\Apollo\gpio\Debug\Obj\stm32f7xx_hal.o
#        D:\Apollo\gpio\Debug\Obj\stm32f7xx_hal_adc.o
#        D:\Apollo\gpio\Debug\Obj\stm32f7xx_hal_cortex.o
#        D:\Apollo\gpio\Debug\Obj\stm32f7xx_hal_dma.o
#        D:\Apollo\gpio\Debug\Obj\stm32f7xx_hal_gpio.o
#        D:\Apollo\gpio\Debug\Obj\stm32f7xx_hal_ltdc.o
#        D:\Apollo\gpio\Debug\Obj\stm32f7xx_hal_pwr_ex.o
#        D:\Apollo\gpio\Debug\Obj\stm32f7xx_hal_rcc.o
#        D:\Apollo\gpio\Debug\Obj\stm32f7xx_hal_rcc_ex.o
#        D:\Apollo\gpio\Debug\Obj\stm32f7xx_hal_sdram.o
#        D:\Apollo\gpio\Debug\Obj\stm32f7xx_hal_tim.o
#        D:\Apollo\gpio\Debug\Obj\stm32f7xx_hal_tim_ex.o
#        D:\Apollo\gpio\Debug\Obj\stm32f7xx_hal_uart.o
#        D:\Apollo\gpio\Debug\Obj\stm32f7xx_it.o
#        D:\Apollo\gpio\Debug\Obj\stm32f7xx_ll_fmc.o
#        D:\Apollo\gpio\Debug\Obj\system_stm32f7xx.o
#        D:\Apollo\gpio\Debug\Obj\touch.o -o D:\Apollo\gpio\Debug\Exe\gpio.out
#        --redirect _Printf=_PrintfFullNoMb --redirect _Scanf=_ScanfFullNoMb
#        --map D:\Apollo\gpio\Debug\List\gpio.map --config "D:\Program Files
#        (x86)\IAR Systems\Embedded Workbench
#        8.0\arm\config\linker\ST\stm32f767xG.icf" --semihosting --entry
#        __iar_program_start --vfe --text_out locale)
#
###############################################################################

*******************************************************************************
*** RUNTIME MODEL ATTRIBUTES
***

CppFlavor       = *
__SystemLibrary = DLib
__dlib_version  = 6


*******************************************************************************
*** HEAP SELECTION
***

The basic heap was selected because no calls to memory allocation
functions were found in the application outside of system library
functions, and there are calls to deallocation functions in the
application.


*******************************************************************************
*** PLACEMENT SUMMARY
***

"A0":  place at 0x00200000 { ro section .intvec };
"P1":  place in [from 0x00200000 to 0x002fffff] { ro };
"P4":  place in [from 0x20000000 to 0x2000ffff] { block CSTACK };
"P5":  place in [from 0x20010000 to 0x2004bfff] |
                [from 0x2004c000 to 0x2004ffff] { rw, block HEAP };
initialize by copy { rw };

  Section            Kind        Address      Size  Object
  -------            ----        -------      ----  ------
"A0":                                        0x1f8
  .intvec            ro code  0x00200000     0x1f8  startup_stm32f767xx.o [1]
                            - 0x002001f8     0x1f8

"P1":                                      0xc6fe8
  .rodata            const    0x002001f8   0xbb808  main.o [1]
  .rodata            const    0x002bba00    0x2f80  rgb.o [1]
  .text              ro code  0x002be980     0xde6  xprintffull_nomb.o [3]
  .text              ro code  0x002bf766       0xa  xsprout.o [3]
  .text              ro code  0x002bf770      0x16  strchr.o [5]
  .text              ro code  0x002bf788      0x44  xfail_s.o [3]
  .text              ro code  0x002bf7cc      0x36  strlen.o [5]
  .text              ro code  0x002bf804      0x58  memchr.o [5]
  .text              ro code  0x002bf85c      0xee  I64DivMod.o [5]
  .text              ro code  0x002bf94a      0x12  DblMul.o [4]
  .text              ro code  0x002bf95c      0xa6  ABImemcpy.o [5]
  .text              ro code  0x002bfa04      0x70  frexp.o [4]
  .text              ro code  0x002bfa74      0x2e  DblCmpLe.o [4]
  .text              ro code  0x002bfaa4      0x2e  DblCmpGe.o [4]
  .text              ro code  0x002bfad4     0x104  ldexp.o [4]
  .text              ro code  0x002bfbd8       0xe  DblToS32.o [4]
  .text              ro code  0x002bfbe6       0xe  S32ToDbl.o [4]
  .text              ro code  0x002bfbf4      0x12  DblSub.o [4]
  .text              ro code  0x002bfc06      0x12  DblDiv.o [4]
  .text              ro code  0x002bfc18       0xe  DblToU32.o [4]
  .text              ro code  0x002bfc26       0xe  U32ToDbl.o [4]
  .text              ro code  0x002bfc34       0xc  xlocale_c.o [3]
  .text              ro code  0x002bfc40       0x6  abort.o [3]
  .text              ro code  0x002bfc48       0x2  I64DivZer.o [5]
  .text              ro code  0x002bfc4c      0x14  exit.o [6]
  .rodata            const    0x002bfc60     0xd5c  rgb.o [1]
  .text              ro code  0x002c09bc     0xbc0  apollo.o [1]
  .text              ro code  0x002c157c     0x26c  stm32f7xx_hal_gpio.o [1]
  .text              ro code  0x002c17e8     0x8cc  stm32f7xx_hal_uart.o [1]
  .text              ro code  0x002c20b4     0x75c  stm32f7xx_hal_rcc.o [1]
  .text              ro code  0x002c2810      0x88  stm32f7xx_hal_pwr_ex.o [1]
  .text              ro code  0x002c2898     0x1c8  stm32f7xx_hal_cortex.o [1]
  .text              ro code  0x002c2a60     0x49a  stm32f7xx_hal_dma.o [1]
  .text              ro code  0x002c2efc     0x53a  stm32f7xx_hal_adc.o [1]
  .text              ro code  0x002c3438      0x66  ABImemset.o [5]
  .text              ro code  0x002c34a0     0x858  stm32f7xx_hal_tim.o [1]
  .text              ro code  0x002c3cf8     0x268  stm32f7xx_hal_tim_ex.o [1]
  .text              ro code  0x002c3f60      0xa2  stm32f7xx_hal_sdram.o [1]
  .text              ro code  0x002c4002      0x1a  stm32f7xx_hal.o [1]
  .text              ro code  0x002c401c     0x5d8  touch.o [1]
  .text              ro code  0x002c45f4      0x28  printf.o [3]
  .text              ro code  0x002c461c       0xc  stm32f7xx_hal.o [1]
  .text              ro code  0x002c4628       0x2  stm32f7xx_hal_uart.o [1]
  .text              ro code  0x002c462a       0x2  stm32f7xx_hal_uart.o [1]
  .text              ro code  0x002c462c       0x2  stm32f7xx_hal_uart.o [1]
  .text              ro code  0x002c4630      0x28  stm32f7xx_hal.o [1]
  .text              ro code  0x002c4658       0x2  stm32f7xx_hal_adc.o [1]
  .text              ro code  0x002c465a       0x2  stm32f7xx_hal_adc.o [1]
  .text              ro code  0x002c465c       0x2  stm32f7xx_hal_tim.o [1]
  .text              ro code  0x002c465e       0x2  stm32f7xx_hal_tim.o [1]
  .text              ro code  0x002c4660       0x2  stm32f7xx_hal_tim_ex.o [1]
  .text              ro code  0x002c4662       0x2  stm32f7xx_hal_tim.o [1]
  .text              ro code  0x002c4664       0x2  stm32f7xx_hal_tim_ex.o [1]
  .text              ro code  0x002c4668     0x16c  stm32f7xx_ll_fmc.o [1]
  .text              ro code  0x002c47d4     0xa6c  rgb.o [1]
  .text              ro code  0x002c5240     0x474  stm32f7xx_hal_ltdc.o [1]
  .text              ro code  0x002c56b4     0x7f4  stm32f7xx_hal_rcc_ex.o [1]
  .rodata            const    0x002c5ea8     0x5f0  rgb.o [1]
  .rodata            const    0x002c6498     0x474  rgb.o [1]
  .text              ro code  0x002c690c     0x334  main.o [1]
  .text              ro code  0x002c6c40      0x2a  stm32f7xx_hal.o [1]
  .text              ro code  0x002c6c6c      0x40  sprintf.o [3]
  .text              ro code  0x002c6cac      0x6c  system_stm32f7xx.o [1]
  .text              ro code  0x002c6d18      0x40  zero_init3.o [5]
  .rodata            const    0x002c6d58      0x30  main.o [1]
  .rodata            const    0x002c6d88      0x2c  main.o [1]
  .text              ro code  0x002c6db4      0x2c  copy_init3.o [5]
  .text              ro code  0x002c6de0      0x28  data_init.o [5]
  .text              ro code  0x002c6e08      0x22  fpinit_M.o [4]
  .iar.init_table    const    0x002c6e2c      0x2c  - Linker created -
  .rodata            const    0x002c6e58      0x1c  main.o [1]
  .text              ro code  0x002c6e74      0x1a  cmain.o [5]
  .text              ro code  0x002c6e8e       0x4  low_level_init.o [3]
  .text              ro code  0x002c6e92       0x4  exit.o [3]
  .text              ro code  0x002c6e98       0xa  cexit.o [5]
  .text              ro code  0x002c6ea2      0x16  stm32f7xx_it.o [1]
  .text              ro code  0x002c6eb8      0x10  stm32f7xx_hal.o [1]
  .text              ro code  0x002c6ec8      0x16  xprout.o [3]
  .text              ro code  0x002c6ee0       0xc  putchar.o [3]
  .rodata            const    0x002c6eec      0x14  main.o [1]
  .rodata            const    0x002c6f00      0x10  apollo.o [1]
  .rodata            const    0x002c6f10      0x10  system_stm32f7xx.o [1]
  .text              ro code  0x002c6f20      0x10  startup_stm32f767xx.o [1]
  .rodata            const    0x002c6f30       0xc  main.o [1]
  .rodata            const    0x002c6f3c       0xc  main.o [1]
  .rodata            const    0x002c6f48       0xc  main.o [1]
  .rodata            const    0x002c6f54       0xc  touch.o [1]
  .rodata            const    0x002c6f60       0xc  touch.o [1]
  .text              ro code  0x002c6f6c       0xc  cstartup_M.o [5]
  .rodata            const    0x002c6f78       0x8  main.o [1]
  .rodata            const    0x002c6f80       0x8  main.o [1]
  .rodata            const    0x002c6f88       0x8  stm32f7xx_hal_dma.o [1]
  .rodata            const    0x002c6f90       0x8  system_stm32f7xx.o [1]
  .rodata            const    0x002c6f98       0x4  xlocale_c.o [3]
  .text              ro code  0x002c6f9c       0x4  startup_stm32f767xx.o [1]
  .text              ro code  0x002c6fa0       0x4  startup_stm32f767xx.o [1]
  .text              ro code  0x002c6fa4       0x4  startup_stm32f767xx.o [1]
  .text              ro code  0x002c6fa8       0x4  startup_stm32f767xx.o [1]
  .text              ro code  0x002c6fac       0x4  startup_stm32f767xx.o [1]
  .text              ro code  0x002c6fb0       0x4  startup_stm32f767xx.o [1]
  .text              ro code  0x002c6fb4       0x4  startup_stm32f767xx.o [1]
  .text              ro code  0x002c6fb8       0x4  startup_stm32f767xx.o [1]
  .text              ro code  0x002c6fbc       0x4  startup_stm32f767xx.o [1]
  .text              ro code  0x002c6fc0       0x4  startup_stm32f767xx.o [1]
  .text              ro code  0x002c6fc4       0x4  startup_stm32f767xx.o [1]
  .text              ro code  0x002c6fc8       0x4  startup_stm32f767xx.o [1]
  .text              ro code  0x002c6fcc       0x4  startup_stm32f767xx.o [1]
  .text              ro code  0x002c6fd0       0x4  startup_stm32f767xx.o [1]
  .text              ro code  0x002c6fd4       0x4  startup_stm32f767xx.o [1]
  .text              ro code  0x002c6fd8       0x4  startup_stm32f767xx.o [1]
  .text              ro code  0x002c6fdc       0x4  startup_stm32f767xx.o [1]
  .text              ro code  0x002c6fe0       0x4  startup_stm32f767xx.o [1]
  .text              ro code  0x002c6fe4       0x4  startup_stm32f767xx.o [1]
  .text              ro code  0x002c6fe8       0x4  startup_stm32f767xx.o [1]
  .text              ro code  0x002c6fec       0x4  startup_stm32f767xx.o [1]
  .text              ro code  0x002c6ff0       0x4  startup_stm32f767xx.o [1]
  .text              ro code  0x002c6ff4       0x4  startup_stm32f767xx.o [1]
  .text              ro code  0x002c6ff8       0x4  startup_stm32f767xx.o [1]
  .text              ro code  0x002c6ffc       0x4  startup_stm32f767xx.o [1]
  .text              ro code  0x002c7000       0x4  startup_stm32f767xx.o [1]
  .text              ro code  0x002c7004       0x4  startup_stm32f767xx.o [1]
  .text              ro code  0x002c7008       0x4  startup_stm32f767xx.o [1]
  .text              ro code  0x002c700c       0x4  startup_stm32f767xx.o [1]
  .text              ro code  0x002c7010       0x4  startup_stm32f767xx.o [1]
  .text              ro code  0x002c7014       0x4  startup_stm32f767xx.o [1]
  .text              ro code  0x002c7018       0x4  startup_stm32f767xx.o [1]
  .text              ro code  0x002c701c       0x4  startup_stm32f767xx.o [1]
  .text              ro code  0x002c7020       0x4  startup_stm32f767xx.o [1]
  .text              ro code  0x002c7024       0x4  startup_stm32f767xx.o [1]
  .text              ro code  0x002c7028       0x4  startup_stm32f767xx.o [1]
  .text              ro code  0x002c702c       0x4  startup_stm32f767xx.o [1]
  .text              ro code  0x002c7030       0x4  startup_stm32f767xx.o [1]
  .text              ro code  0x002c7034       0x4  startup_stm32f767xx.o [1]
  .text              ro code  0x002c7038       0x4  startup_stm32f767xx.o [1]
  .text              ro code  0x002c703c       0x4  startup_stm32f767xx.o [1]
  .text              ro code  0x002c7040       0x4  startup_stm32f767xx.o [1]
  .text              ro code  0x002c7044       0x4  startup_stm32f767xx.o [1]
  .text              ro code  0x002c7048       0x4  startup_stm32f767xx.o [1]
  .text              ro code  0x002c704c       0x4  startup_stm32f767xx.o [1]
  .text              ro code  0x002c7050       0x4  startup_stm32f767xx.o [1]
  .text              ro code  0x002c7054       0x4  startup_stm32f767xx.o [1]
  .text              ro code  0x002c7058       0x4  startup_stm32f767xx.o [1]
  .text              ro code  0x002c705c       0x4  startup_stm32f767xx.o [1]
  .text              ro code  0x002c7060       0x4  startup_stm32f767xx.o [1]
  .text              ro code  0x002c7064       0x4  startup_stm32f767xx.o [1]
  .text              ro code  0x002c7068       0x4  startup_stm32f767xx.o [1]
  .text              ro code  0x002c706c       0x4  startup_stm32f767xx.o [1]
  .text              ro code  0x002c7070       0x4  startup_stm32f767xx.o [1]
  .text              ro code  0x002c7074       0x4  startup_stm32f767xx.o [1]
  .text              ro code  0x002c7078       0x4  startup_stm32f767xx.o [1]
  .text              ro code  0x002c707c       0x4  startup_stm32f767xx.o [1]
  .text              ro code  0x002c7080       0x4  startup_stm32f767xx.o [1]
  .text              ro code  0x002c7084       0x4  startup_stm32f767xx.o [1]
  .text              ro code  0x002c7088       0x4  startup_stm32f767xx.o [1]
  .text              ro code  0x002c708c       0x4  startup_stm32f767xx.o [1]
  .text              ro code  0x002c7090       0x4  startup_stm32f767xx.o [1]
  .text              ro code  0x002c7094       0x4  startup_stm32f767xx.o [1]
  .text              ro code  0x002c7098       0x4  startup_stm32f767xx.o [1]
  .text              ro code  0x002c709c       0x4  startup_stm32f767xx.o [1]
  .text              ro code  0x002c70a0       0x4  startup_stm32f767xx.o [1]
  .text              ro code  0x002c70a4       0x4  startup_stm32f767xx.o [1]
  .text              ro code  0x002c70a8       0x4  startup_stm32f767xx.o [1]
  .text              ro code  0x002c70ac       0x4  startup_stm32f767xx.o [1]
  .text              ro code  0x002c70b0       0x4  startup_stm32f767xx.o [1]
  .text              ro code  0x002c70b4       0x4  startup_stm32f767xx.o [1]
  .text              ro code  0x002c70b8       0x4  startup_stm32f767xx.o [1]
  .text              ro code  0x002c70bc       0x4  startup_stm32f767xx.o [1]
  .text              ro code  0x002c70c0       0x4  startup_stm32f767xx.o [1]
  .text              ro code  0x002c70c4       0x4  startup_stm32f767xx.o [1]
  .text              ro code  0x002c70c8       0x4  startup_stm32f767xx.o [1]
  .text              ro code  0x002c70cc       0x4  startup_stm32f767xx.o [1]
  .text              ro code  0x002c70d0       0x4  startup_stm32f767xx.o [1]
  .text              ro code  0x002c70d4       0x4  startup_stm32f767xx.o [1]
  .text              ro code  0x002c70d8       0x4  startup_stm32f767xx.o [1]
  .text              ro code  0x002c70dc       0x4  startup_stm32f767xx.o [1]
  .text              ro code  0x002c70e0       0x4  startup_stm32f767xx.o [1]
  .text              ro code  0x002c70e4       0x4  startup_stm32f767xx.o [1]
  .text              ro code  0x002c70e8       0x4  startup_stm32f767xx.o [1]
  .text              ro code  0x002c70ec       0x4  startup_stm32f767xx.o [1]
  .text              ro code  0x002c70f0       0x4  startup_stm32f767xx.o [1]
  .text              ro code  0x002c70f4       0x4  startup_stm32f767xx.o [1]
  .text              ro code  0x002c70f8       0x4  startup_stm32f767xx.o [1]
  .text              ro code  0x002c70fc       0x4  startup_stm32f767xx.o [1]
  .text              ro code  0x002c7100       0x4  startup_stm32f767xx.o [1]
  .text              ro code  0x002c7104       0x4  startup_stm32f767xx.o [1]
  .text              ro code  0x002c7108       0x4  startup_stm32f767xx.o [1]
  .text              ro code  0x002c710c       0x4  startup_stm32f767xx.o [1]
  .text              ro code  0x002c7110       0x4  startup_stm32f767xx.o [1]
  .text              ro code  0x002c7114       0x4  startup_stm32f767xx.o [1]
  .text              ro code  0x002c7118       0x4  startup_stm32f767xx.o [1]
  .text              ro code  0x002c711c       0x4  startup_stm32f767xx.o [1]
  .text              ro code  0x002c7120       0x4  startup_stm32f767xx.o [1]
  .text              ro code  0x002c7124       0x4  startup_stm32f767xx.o [1]
  .text              ro code  0x002c7128       0x4  startup_stm32f767xx.o [1]
  .text              ro code  0x002c712c       0x4  startup_stm32f767xx.o [1]
  .rodata            const    0x002c7130       0x0  zero_init3.o [5]
  .rodata            const    0x002c7130       0x0  copy_init3.o [5]
  Initializer bytes  const    0x002c7130      0xb0  <for P5 s0>
                            - 0x002c71e0   0xc6fe8

"P4":                                       0x2000
  CSTACK                      0x20000000    0x2000  <Block>
    CSTACK           uninit   0x20000000    0x2000  <Block tail>
                            - 0x20002000    0x2000

"P5", part 1 of 2:                            0xb0
  P5 s0                       0x20010000      0xb0  <Init block>
    .data            inited   0x20010000      0x48  xfiles.o [3]
    .data            inited   0x20010048      0x38  xlocale_c.o [3]
    .data            inited   0x20010080      0x20  touch.o [1]
    .data            inited   0x200100a0       0x4  main.o [1]
    .data            inited   0x200100a4       0x4  rgb.o [1]
    .data            inited   0x200100a8       0x4  rgb.o [1]
    .data            inited   0x200100ac       0x4  system_stm32f7xx.o [1]
                            - 0x200100b0      0xb0

"P5", part 2 of 2:                           0x40c
  .bss               zero     0x200100b0      0xa8  rgb.o [1]
  .bss               zero     0x20010158      0x80  apollo.o [1]
  .bss               zero     0x200101d8      0x70  apollo.o [1]
  .bss               zero     0x20010248      0x60  apollo.o [1]
  .bss               zero     0x200102a8      0x50  xfiles.o [3]
  .bss               zero     0x200102f8      0x48  apollo.o [1]
  .bss               zero     0x20010340      0x40  apollo.o [1]
  .bss               zero     0x20010380      0x40  apollo.o [1]
  .bss               zero     0x200103c0      0x40  apollo.o [1]
  .bss               zero     0x20010400      0x34  apollo.o [1]
  .bss               zero     0x20010434      0x20  rgb.o [1]
  .bss               zero     0x20010454      0x1c  apollo.o [1]
  .bss               zero     0x20010470      0x10  apollo.o [1]
  .bss               zero     0x20010480      0x10  rgb.o [1]
  .bss               zero     0x20010490       0x8  apollo.o [1]
  .bss               zero     0x20010498       0x8  main.o [1]
  .bss               zero     0x200104a0       0x8  rgb.o [1]
  .bss               zero     0x200104a8       0x4  apollo.o [1]
  .bss               zero     0x200104ac       0x4  rgb.o [1]
  .bss               zero     0x200104b0       0x4  stm32f7xx_hal.o [1]
  .bss               zero     0x200104b4       0x4  xfail_s.o [3]
  .bss               zero     0x200104b8       0x2  apollo.o [1]
  .bss               zero     0x200104ba       0x1  apollo.o [1]
  .bss               zero     0x200104bb       0x1  rgb.o [1]
                            - 0x200104bc     0x40c

Absolute sections:                        0x1f4000
  .bss               zero     0xc0000000  0x1f4000  rgb.o [1]
                            - 0xc01f4000  0x1f4000


*******************************************************************************
*** INIT TABLE
***

          Address     Size
          -------     ----
Zero (__iar_zero_init3)
    2 destination ranges, total size 0x1f440c:
          0x200100b0     0x40c
          0xc0000000  0x1f4000

Copy (__iar_copy_init3)
    1 source range, total size 0xb0:
          0x002c7130      0xb0
    1 destination range, total size 0xb0:
          0x20010000      0xb0



*******************************************************************************
*** MODULE SUMMARY
***

    Module                  ro code  ro data  rw data    rw data
                                                          (abs)
    ------                  -------  -------  -------    -------
D:\Apollo\gpio\Debug\Obj: [1]
    apollo.o                  3 008       16      711
    main.o                      820  768 204       12
    rgb.o                     2 668   18 248      237  2 048 000
    startup_stm32f767xx.o       924
    stm32f7xx_hal.o             136                 4
    stm32f7xx_hal_adc.o       1 342
    stm32f7xx_hal_cortex.o      456
    stm32f7xx_hal_dma.o       1 178        8
    stm32f7xx_hal_gpio.o        620
    stm32f7xx_hal_ltdc.o      1 140
    stm32f7xx_hal_pwr_ex.o      136
    stm32f7xx_hal_rcc.o       1 884
    stm32f7xx_hal_rcc_ex.o    2 036
    stm32f7xx_hal_sdram.o       162
    stm32f7xx_hal_tim.o       2 142
    stm32f7xx_hal_tim_ex.o      620
    stm32f7xx_hal_uart.o      2 258
    stm32f7xx_it.o               22
    stm32f7xx_ll_fmc.o          364
    system_stm32f7xx.o          108       28        4
    touch.o                   1 496       56       32
    ------------------------------------------------------------
    Total:                   23 520  786 560    1 000  2 048 000

command line: [2]
    ------------------------------------------------------------
    Total:

dl7M_tlf.a: [3]
    abort.o                       6
    exit.o                        4
    low_level_init.o              4
    printf.o                     40
    putchar.o                    12
    sprintf.o                    64
    xfail_s.o                    68                 4
    xfiles.o                              72      152
    xlocale_c.o                  12       60       56
    xprintffull_nomb.o        3 558
    xprout.o                     22
    xsprout.o                    10
    ------------------------------------------------------------
    Total:                    3 800      132      212

m7M_tlv.a: [4]
    DblCmpGe.o                   46
    DblCmpLe.o                   46
    DblDiv.o                     18
    DblMul.o                     18
    DblSub.o                     18
    DblToS32.o                   14
    DblToU32.o                   14
    S32ToDbl.o                   14
    U32ToDbl.o                   14
    fpinit_M.o                   34
    frexp.o                     112
    ldexp.o                     260
    ------------------------------------------------------------
    Total:                      608

rt7M_tl.a: [5]
    ABImemcpy.o                 166
    ABImemset.o                 102
    I64DivMod.o                 238
    I64DivZer.o                   2
    cexit.o                      10
    cmain.o                      26
    copy_init3.o                 44
    cstartup_M.o                 12
    data_init.o                  40
    memchr.o                     88
    strchr.o                     22
    strlen.o                     54
    zero_init3.o                 64
    ------------------------------------------------------------
    Total:                      868

shb_l.a: [6]
    exit.o                       20
    ------------------------------------------------------------
    Total:                       20

    Gaps                         30        2
    Linker created                        44    8 192
----------------------------------------------------------------
    Grand Total:             28 846  786 738    9 404  2 048 000


*******************************************************************************
*** ENTRY LIST
***

Entry                      Address      Size  Type      Object
-----                      -------      ----  ----      ------
.iar.init_table$$Base   0x002c6e2c             --   Gb  - Linker created -
.iar.init_table$$Limit  0x002c6e58             --   Gb  - Linker created -
?main                   0x002c6e75            Code  Gb  cmain.o [5]
ADC_DMAConvCplt         0x002c33ad      0x68  Code  Lc  stm32f7xx_hal_adc.o [1]
ADC_DMAError            0x002c3421      0x16  Code  Lc  stm32f7xx_hal_adc.o [1]
ADC_DMAHalfConvCplt     0x002c3415       0xa  Code  Lc  stm32f7xx_hal_adc.o [1]
ADC_Init                0x002c3227     0x166  Code  Lc  stm32f7xx_hal_adc.o [1]
AHBPrescTable           0x002c6f10      0x10  Data  Gb  system_stm32f7xx.o [1]
APBPrescTable           0x002c6f90       0x8  Data  Gb  system_stm32f7xx.o [1]
APPOLO_RGB              0x002c51bd      0x84  Code  Gb  rgb.o [1]
BACK_COLOR              0x200100a8       0x4  Data  Gb  rgb.o [1]
BusFault_Handler        0x002c6ea7       0x2  Code  Gb  stm32f7xx_it.o [1]
CEKONG_init             0x002c0d57      0xf0  Code  Gb  apollo.o [1]
CPU_CACHE_Enable        0x002c0b11       0xc  Code  Gb  apollo.o [1]
CSTACK$$Base            0x20000000             --   Gb  - Linker created -
CSTACK$$Limit           0x20002000             --   Gb  - Linker created -
CT_Delay                0x002c403f       0xa  Code  Gb  touch.o [1]
CT_IIC_Ack              0x002c4183      0x60  Code  Gb  touch.o [1]
CT_IIC_Init             0x002c4049      0x6c  Code  Gb  touch.o [1]
CT_IIC_NAck             0x002c41e3      0x60  Code  Gb  touch.o [1]
CT_IIC_Read_Byte        0x002c4295      0x6a  Code  Gb  touch.o [1]
CT_IIC_Send_Byte        0x002c42ff      0x78  Code  Gb  touch.o [1]
CT_IIC_Start            0x002c40b5      0x5e  Code  Gb  touch.o [1]
CT_IIC_Stop             0x002c4243      0x52  Code  Gb  touch.o [1]
CT_IIC_Wait_Ack         0x002c4113      0x70  Code  Gb  touch.o [1]
DMA2_Stream0_IRQHandler
                        0x002c0d4b       0xc  Code  Gb  apollo.o [1]
DMA_CalcBaseAndBitshift
                        0x002c2e1f      0x30  Code  Lc  stm32f7xx_hal_dma.o [1]
DMA_CalcBaseAndBitshift::flagBitshiftOffset
                        0x002c6f88       0x8  Data  Lc  stm32f7xx_hal_dma.o [1]
DMA_CheckFifoParam      0x002c2e65      0x96  Code  Lc  stm32f7xx_hal_dma.o [1]
DMA_SetConfig           0x002c2df1      0x2e  Code  Lc  stm32f7xx_hal_dma.o [1]
DebugMon_Handler        0x002c6ead       0x2  Code  Gb  stm32f7xx_it.o [1]
EXTI2_IRQHandler        0x002c1483      0x12  Code  Gb  apollo.o [1]
EXTI3_IRQHandler        0x002c1495      0x1a  Code  Gb  apollo.o [1]
EXTI9_5_IRQHandler      0x002c14af       0xe  Code  Gb  apollo.o [1]
FMC_SDRAM_Init          0x002c4669      0x74  Code  Gb  stm32f7xx_ll_fmc.o [1]
FMC_SDRAM_ProgramRefreshRate
                        0x002c47c9       0xc  Code  Gb  stm32f7xx_ll_fmc.o [1]
FMC_SDRAM_SendCommand   0x002c4779      0x50  Code  Gb  stm32f7xx_ll_fmc.o [1]
FMC_SDRAM_Timing_Init   0x002c46dd      0x96  Code  Gb  stm32f7xx_ll_fmc.o [1]
FT5206_Init             0x002c442d     0x108  Code  Gb  touch.o [1]
FT5206_RD_Reg           0x002c43cb      0x62  Code  Gb  touch.o [1]
FT5206_Scan             0x002c4535      0xa2  Code  Gb  touch.o [1]
FT5206_TPX_TBL          0x002c6f60       0xc  Data  Gb  touch.o [1]
FT5206_WR_Reg           0x002c4377      0x54  Code  Gb  touch.o [1]
HAL_ADC_ConfigChannel   0x002c3087     0x1a0  Code  Gb  stm32f7xx_hal_adc.o [1]
HAL_ADC_ConvCpltCallback
                        0x002c0d2f      0x1c  Code  Gb  apollo.o [1]
HAL_ADC_Init            0x002c2efd      0x64  Code  Gb  stm32f7xx_hal_adc.o [1]
HAL_ADC_MspInit         0x002c0c41      0xee  Code  Gb  apollo.o [1]
HAL_ADC_Start_DMA       0x002c2f61     0x126  Code  Gb  stm32f7xx_hal_adc.o [1]
HAL_DMA_Abort_IT        0x002c2bbb      0x26  Code  Gb  stm32f7xx_hal_dma.o [1]
HAL_DMA_IRQHandler      0x002c2be1     0x210  Code  Gb  stm32f7xx_hal_dma.o [1]
HAL_DMA_Init            0x002c2a61      0xda  Code  Gb  stm32f7xx_hal_dma.o [1]
HAL_DMA_Start_IT        0x002c2b3b      0x80  Code  Gb  stm32f7xx_hal_dma.o [1]
HAL_Delay               0x002c4003      0x1a  Code  Wk  stm32f7xx_hal.o [1]
HAL_GPIO_Init           0x002c157d     0x1fa  Code  Gb  stm32f7xx_hal_gpio.o [1]
HAL_GPIO_ReadPin        0x002c1777      0x12  Code  Gb  stm32f7xx_hal_gpio.o [1]
HAL_GPIO_TogglePin      0x002c179d       0xa  Code  Gb  stm32f7xx_hal_gpio.o [1]
HAL_GPIO_WritePin       0x002c1789      0x14  Code  Gb  stm32f7xx_hal_gpio.o [1]
HAL_GetTick             0x002c461d       0xc  Code  Wk  stm32f7xx_hal.o [1]
HAL_IncTick             0x002c6eb9      0x10  Code  Wk  stm32f7xx_hal.o [1]
HAL_Init                0x002c6c41      0x22  Code  Gb  stm32f7xx_hal.o [1]
HAL_InitTick            0x002c4631      0x28  Code  Wk  stm32f7xx_hal.o [1]
HAL_LTDC_ConfigLayer    0x002c536d      0x52  Code  Gb  stm32f7xx_hal_ltdc.o [1]
HAL_LTDC_Init           0x002c5241     0x12c  Code  Gb  stm32f7xx_hal_ltdc.o [1]
HAL_LTDC_MspInit        0x002c503d     0x110  Code  Gb  rgb.o [1]
HAL_LTDC_SetWindowPosition
                        0x002c541d      0x56  Code  Gb  stm32f7xx_hal_ltdc.o [1]
HAL_LTDC_SetWindowSize  0x002c53bf      0x5e  Code  Gb  stm32f7xx_hal_ltdc.o [1]
HAL_MPU_ConfigRegion    0x002c29d3      0x58  Code  Gb  stm32f7xx_hal_cortex.o [1]
HAL_MPU_Disable         0x002c299d      0x18  Code  Gb  stm32f7xx_hal_cortex.o [1]
HAL_MPU_Enable          0x002c29b5      0x1e  Code  Gb  stm32f7xx_hal_cortex.o [1]
HAL_NVIC_EnableIRQ      0x002c298b       0xa  Code  Gb  stm32f7xx_hal_cortex.o [1]
HAL_NVIC_SetPriority    0x002c2969      0x22  Code  Gb  stm32f7xx_hal_cortex.o [1]
HAL_NVIC_SetPriorityGrouping
                        0x002c2961       0x8  Code  Gb  stm32f7xx_hal_cortex.o [1]
HAL_PWREx_EnableOverDrive
                        0x002c2811      0x7a  Code  Gb  stm32f7xx_hal_pwr_ex.o [1]
HAL_RCCEx_PeriphCLKConfig
                        0x002c56b5     0x7c8  Code  Gb  stm32f7xx_hal_rcc_ex.o [1]
HAL_RCC_ClockConfig     0x002c2563     0x1a2  Code  Gb  stm32f7xx_hal_rcc.o [1]
HAL_RCC_GetHCLKFreq     0x002c2791       0x6  Code  Gb  stm32f7xx_hal_rcc.o [1]
HAL_RCC_GetPCLK1Freq    0x002c2797      0x20  Code  Gb  stm32f7xx_hal_rcc.o [1]
HAL_RCC_GetPCLK2Freq    0x002c27b7      0x20  Code  Gb  stm32f7xx_hal_rcc.o [1]
HAL_RCC_GetSysClockFreq
                        0x002c2705      0x8c  Code  Gb  stm32f7xx_hal_rcc.o [1]
HAL_RCC_OscConfig       0x002c20b5     0x4ae  Code  Gb  stm32f7xx_hal_rcc.o [1]
HAL_SDRAM_Init          0x002c3f61      0x44  Code  Gb  stm32f7xx_hal_sdram.o [1]
HAL_SDRAM_MspInit       0x002c1267      0xec  Code  Gb  apollo.o [1]
HAL_SDRAM_ProgramRefreshRate
                        0x002c3fdd      0x26  Code  Gb  stm32f7xx_hal_sdram.o [1]
HAL_SDRAM_SendCommand   0x002c3fa5      0x38  Code  Gb  stm32f7xx_hal_sdram.o [1]
HAL_SYSTICK_Config      0x002c2995       0x8  Code  Gb  stm32f7xx_hal_cortex.o [1]
HAL_TIMEx_BreakCallback
                        0x002c4661       0x2  Code  Wk  stm32f7xx_hal_tim_ex.o [1]
HAL_TIMEx_CommutationCallback
                        0x002c4665       0x2  Code  Wk  stm32f7xx_hal_tim_ex.o [1]
HAL_TIMEx_MasterConfigSynchronization
                        0x002c3cf9      0x5c  Code  Gb  stm32f7xx_hal_tim_ex.o [1]
HAL_TIM_Base_Init       0x002c34a1      0x38  Code  Gb  stm32f7xx_hal_tim.o [1]
HAL_TIM_Base_MspInit    0x002c1145      0x7c  Code  Gb  apollo.o [1]
HAL_TIM_Base_Start      0x002c34d9      0x1c  Code  Gb  stm32f7xx_hal_tim.o [1]
HAL_TIM_IC_CaptureCallback
                        0x002c140d      0x76  Code  Gb  apollo.o [1]
HAL_TIM_IC_ConfigChannel
                        0x002c37b1      0xd4  Code  Gb  stm32f7xx_hal_tim.o [1]
HAL_TIM_IC_Init         0x002c3575      0x38  Code  Gb  stm32f7xx_hal_tim.o [1]
HAL_TIM_IC_MspInit      0x002c10c9      0x7c  Code  Gb  apollo.o [1]
HAL_TIM_IC_Start_IT     0x002c35ad      0x68  Code  Gb  stm32f7xx_hal_tim.o [1]
HAL_TIM_IRQHandler      0x002c361d     0x194  Code  Gb  stm32f7xx_hal_tim.o [1]
HAL_TIM_PWM_ConfigChannel
                        0x002c3d55     0x162  Code  Gb  stm32f7xx_hal_tim_ex.o [1]
HAL_TIM_PWM_Init        0x002c34f5      0x38  Code  Gb  stm32f7xx_hal_tim.o [1]
HAL_TIM_PWM_MspInit     0x002c1031      0x4e  Code  Gb  apollo.o [1]
HAL_TIM_PWM_Start       0x002c352d      0x48  Code  Gb  stm32f7xx_hal_tim.o [1]
HAL_TIM_PeriodElapsedCallback
                        0x002c13db      0x1e  Code  Gb  apollo.o [1]
HAL_TIM_ReadCapturedValue
                        0x002c3885      0x48  Code  Gb  stm32f7xx_hal_tim.o [1]
HAL_UART_IRQHandler     0x002c1933     0x146  Code  Gb  stm32f7xx_hal_uart.o [1]
HAL_UART_Init           0x002c17e9      0x7e  Code  Gb  stm32f7xx_hal_uart.o [1]
HAL_UART_MspInit        0x002c0e47      0xf0  Code  Gb  apollo.o [1]
HAL_UART_Transmit       0x002c1867      0xcc  Code  Gb  stm32f7xx_hal_uart.o [1]
HardFault_Handler       0x002c6ea5       0x2  Code  Gb  stm32f7xx_it.o [1]
ICEKONG                 0x200102f8      0x48  Data  Gb  apollo.o [1]
IC_Config               0x20010470      0x10  Data  Gb  apollo.o [1]
IC_init                 0x002c107f      0x4a  Code  Gb  apollo.o [1]
IDMA_ADC                0x20010248      0x60  Data  Gb  apollo.o [1]
ISDRAM                  0x20010400      0x34  Data  Gb  apollo.o [1]
ISDRAM_Timing           0x20010454      0x1c  Data  Gb  apollo.o [1]
ITIM2                   0x20010340      0x40  Data  Gb  apollo.o [1]
ITIM3                   0x20010380      0x40  Data  Gb  apollo.o [1]
ITIM5                   0x200103c0      0x40  Data  Gb  apollo.o [1]
IUART                   0x200101d8      0x70  Data  Gb  apollo.o [1]
KEY_init                0x002c0aa7      0x42  Code  Gb  apollo.o [1]
LCD_Init                0x002c47d5      0x1c  Code  Gb  rgb.o [1]
LCD_ShowChar            0x002c4ea5     0x140  Code  Gb  rgb.o [1]
LCD_ShowString          0x002c4e37      0x6e  Code  Gb  rgb.o [1]
LED_init                0x002c0a67      0x40  Code  Gb  apollo.o [1]
LTDC_Clear              0x002c4cdf      0x22  Code  Gb  rgb.o [1]
LTDC_Clk_Set            0x002c4e15      0x22  Code  Gb  rgb.o [1]
LTDC_Display_Dir        0x002c4c91      0x46  Code  Gb  rgb.o [1]
LTDC_Draw_Point         0x002c4fe5      0x58  Code  Gb  rgb.o [1]
LTDC_Fill               0x002c4d01     0x114  Code  Gb  rgb.o [1]
LTDC_Fill::timeout      0x200104ac       0x4  Data  Lc  rgb.o [1]
LTDC_Handler            0x200100b0      0xa8  Data  Gb  rgb.o [1]
LTDC_Init               0x002c47f1     0x31e  Code  Gb  rgb.o [1]
LTDC_Layer_Parameter_Config
                        0x002c4be3      0x80  Code  Gb  rgb.o [1]
LTDC_Layer_Window_Config
                        0x002c4c63      0x2e  Code  Gb  rgb.o [1]
LTDC_PanelID_Read       0x002c4b0f      0xd4  Code  Gb  rgb.o [1]
LTDC_Select_Layer       0x002c4cd7       0x8  Code  Gb  rgb.o [1]
LTDC_SetConfig          0x002c5473     0x238  Code  Lc  stm32f7xx_hal_ltdc.o [1]
LoadInt                 0x002beb1f      0x7a  Code  Lc  xprintffull_nomb.o [3]
MPU_init                0x002c0c2f      0x12  Code  Gb  apollo.o [1]
MPU_set_protection      0x002c0be1      0x4e  Code  Gb  apollo.o [1]
MemManage_Handler       0x002c14c7       0xe  Code  Gb  apollo.o [1]
NMI_Handler             0x002c6ea3       0x2  Code  Gb  stm32f7xx_it.o [1]
NVIC_EnableIRQ          0x002c28bf      0x14  Code  Lc  stm32f7xx_hal_cortex.o [1]
NVIC_EncodePriority     0x002c28f5      0x3e  Code  Lc  stm32f7xx_hal_cortex.o [1]
NVIC_GetPriorityGrouping
                        0x002c28b5       0xa  Code  Lc  stm32f7xx_hal_cortex.o [1]
NVIC_SetPriority        0x002c28d3      0x22  Code  Lc  stm32f7xx_hal_cortex.o [1]
NVIC_SetPriorityGrouping
                        0x002c2899      0x1c  Code  Lc  stm32f7xx_hal_cortex.o [1]
NVIC_SystemReset        0x002c09bd      0x22  Code  Lc  apollo.o [1]
POINT_COLOR             0x200100a4       0x4  Data  Gb  rgb.o [1]
PendSV_Handler          0x002c6eaf       0x2  Code  Gb  stm32f7xx_it.o [1]
Region$$Table$$Base     0x002c6e2c             --   Gb  - Linker created -
Region$$Table$$Limit    0x002c6e58             --   Gb  - Linker created -
SCB_EnableDCache        0x002c0a09      0x5e  Code  Lc  apollo.o [1]
SCB_EnableICache        0x002c09df      0x2a  Code  Lc  apollo.o [1]
SDRAM_Initialization_Sequence
                        0x002c1353      0x4a  Code  Gb  apollo.o [1]
SDRAM_Send_Cmd          0x002c139d      0x3e  Code  Gb  apollo.o [1]
SDRAM_init              0x002c11c1      0xa6  Code  Gb  apollo.o [1]
SVC_Handler             0x002c6eab       0x2  Code  Gb  stm32f7xx_it.o [1]
SysTick_Config          0x002c2933      0x2e  Code  Lc  stm32f7xx_hal_cortex.o [1]
SysTick_Handler         0x002c6eb1       0x8  Code  Gb  stm32f7xx_it.o [1]
SystemClock_Config      0x002c0b1d      0xae  Code  Gb  apollo.o [1]
SystemCoreClock         0x200100ac       0x4  Data  Gb  system_stm32f7xx.o [1]
SystemInit              0x002c6cad      0x4c  Code  Gb  system_stm32f7xx.o [1]
TIM2_init               0x002c0f37      0x76  Code  Gb  apollo.o [1]
TIM3_IRQHandler         0x002c13f9       0xa  Code  Gb  apollo.o [1]
TIM3_init               0x002c0fad      0x84  Code  Gb  apollo.o [1]
TIM5_IRQHandler         0x002c1403       0xa  Code  Gb  apollo.o [1]
TIM_Base_SetConfig      0x002c38cd      0xec  Code  Gb  stm32f7xx_hal_tim.o [1]
TIM_CCxChannelCmd       0x002c3cdb      0x1e  Code  Gb  stm32f7xx_hal_tim.o [1]
TIM_OC1_SetConfig       0x002c39b9      0x6c  Code  Gb  stm32f7xx_hal_tim.o [1]
TIM_OC2_SetConfig       0x002c3a25      0x76  Code  Gb  stm32f7xx_hal_tim.o [1]
TIM_OC3_SetConfig       0x002c3a9b      0x74  Code  Gb  stm32f7xx_hal_tim.o [1]
TIM_OC4_SetConfig       0x002c3b0f      0x5e  Code  Gb  stm32f7xx_hal_tim.o [1]
TIM_OC5_SetConfig       0x002c3eb7      0x4c  Code  Lc  stm32f7xx_hal_tim_ex.o [1]
TIM_OC6_SetConfig       0x002c3f03      0x4e  Code  Lc  stm32f7xx_hal_tim_ex.o [1]
TIM_TI1_SetConfig       0x002c3b6d      0x7e  Code  Gb  stm32f7xx_hal_tim.o [1]
TIM_TI2_SetConfig       0x002c3c21      0x3e  Code  Lc  stm32f7xx_hal_tim.o [1]
TIM_TI3_SetConfig       0x002c3c5f      0x3e  Code  Lc  stm32f7xx_hal_tim.o [1]
TIM_TI4_SetConfig       0x002c3c9d      0x3e  Code  Lc  stm32f7xx_hal_tim.o [1]
UART_AdvFeatureConfig   0x002c1f91      0xda  Code  Gb  stm32f7xx_hal_uart.o [1]
UART_CheckIdleState     0x002c206b      0x4a  Code  Gb  stm32f7xx_hal_uart.o [1]
UART_DMAAbortOnError    0x002c1ae9      0x16  Code  Lc  stm32f7xx_hal_uart.o [1]
UART_EndRxTransfer      0x002c1c0d      0x20  Code  Lc  stm32f7xx_hal_uart.o [1]
UART_EndTransmit_IT     0x002c1b6b      0x1c  Code  Lc  stm32f7xx_hal_uart.o [1]
UART_Receive_IT         0x002c1b87      0x86  Code  Lc  stm32f7xx_hal_uart.o [1]
UART_SetConfig          0x002c1c2d     0x330  Code  Gb  stm32f7xx_hal_uart.o [1]
UART_Transmit_IT        0x002c1aff      0x6c  Code  Lc  stm32f7xx_hal_uart.o [1]
UART_WaitOnFlagUntilTimeout
                        0x002c1a79      0x6e  Code  Gb  stm32f7xx_hal_uart.o [1]
UART_init               0x002c0ae9      0x28  Code  Gb  apollo.o [1]
USART2_IRQHandler       0x002c14bd       0xa  Code  Gb  apollo.o [1]
UsageFault_Handler      0x002c6ea9       0x2  Code  Gb  stm32f7xx_it.o [1]
_GenldFullNoMb          0x002bf483     0x256  Code  Lc  xprintffull_nomb.o [3]
_LdtobFullNoMb          0x002bf05b     0x3fe  Code  Lc  xprintffull_nomb.o [3]
_LitobFullNoMb          0x002bef0b     0x10a  Code  Lc  xprintffull_nomb.o [3]
_Locale_lconv           0x20010048      0x38  Data  Lc  xlocale_c.o [3]
_PrintfFullNoMb         0x002be981     0x190  Code  Gb  xprintffull_nomb.o [3]
_Prout                  0x002c6ec9      0x16  Code  Gb  xprout.o [3]
_PutcharsFullNoMb       0x002bf6d9      0x2e  Code  Lc  xprintffull_nomb.o [3]
_PutfldFullNoMb         0x002beb99     0x264  Code  Lc  xprintffull_nomb.o [3]
_PuttxtFullNoMb         0x002bedfd     0x10e  Code  Lc  xprintffull_nomb.o [3]
_SProut                 0x002bf767       0xa  Code  Gb  xsprout.o [3]
__aeabi_cdcmple         0x002bfa75            Code  Gb  DblCmpLe.o [4]
__aeabi_cdrcmple        0x002bfaa5            Code  Gb  DblCmpGe.o [4]
__aeabi_d2iz            0x002bfbd9       0xe  Code  Gb  DblToS32.o [4]
__aeabi_d2uiz           0x002bfc19       0xe  Code  Gb  DblToU32.o [4]
__aeabi_ddiv            0x002bfc07      0x12  Code  Gb  DblDiv.o [4]
__aeabi_dmul            0x002bf94b      0x12  Code  Gb  DblMul.o [4]
__aeabi_dsub            0x002bfbf5      0x12  Code  Gb  DblSub.o [4]
__aeabi_i2d             0x002bfbe7       0xe  Code  Gb  S32ToDbl.o [4]
__aeabi_ldiv0           0x002bfc49            Code  Gb  I64DivZer.o [5]
__aeabi_memcpy          0x002bf95d            Code  Gb  ABImemcpy.o [5]
__aeabi_memcpy4         0x002bf97d            Code  Gb  ABImemcpy.o [5]
__aeabi_memcpy8         0x002bf97d            Code  Gb  ABImemcpy.o [5]
__aeabi_memset          0x002c3439            Code  Gb  ABImemset.o [5]
__aeabi_ui2d            0x002bfc27       0xe  Code  Gb  U32ToDbl.o [4]
__aeabi_uldivmod        0x002bf85d            Code  Gb  I64DivMod.o [5]
__cmain                 0x002c6e75            Code  Gb  cmain.o [5]
__exit                  0x002bfc4d      0x14  Code  Gb  exit.o [6]
__iar_Fail_s            0x002bf789      0x1e  Code  Gb  xfail_s.o [3]
__iar_Memchr            0x002bf805            Code  Gb  memchr.o [5]
__iar_Memset            0x002c3439            Code  Gb  ABImemset.o [5]
__iar_Memset_word       0x002c3441            Code  Gb  ABImemset.o [5]
__iar_Stdout            0x20010000      0x48  Data  Gb  xfiles.o [3]
__iar_Strchr            0x002bf771            Code  Gb  strchr.o [5]
__iar_copy_init3        0x002c6db5      0x2c  Code  Gb  copy_init3.o [5]
__iar_data_init3        0x002c6de1      0x28  Code  Gb  data_init.o [5]
__iar_frexp             0x002bfa11            Code  Gb  frexp.o [4]
__iar_frexpl            0x002bfa11            Code  Gb  frexp.o [4]
__iar_init_vfp          0x002c6e09            Code  Gb  fpinit_M.o [4]
__iar_ldexp64           0x002bfae9            Code  Gb  ldexp.o [4]
__iar_program_start     0x002c6f6d            Code  Gb  cstartup_M.o [5]
__iar_scalbln64         0x002bfae9            Code  Gb  ldexp.o [4]
__iar_scalbn64          0x002bfae9            Code  Gb  ldexp.o [4]
__iar_softfp___iar_frexp64
                        0x002bfa05            Code  Gb  frexp.o [4]
__iar_softfp___iar_ldexp64
                        0x002bfad5            Code  Gb  ldexp.o [4]
__iar_softfp___iar_scalbln64
                        0x002bfad5            Code  Gb  ldexp.o [4]
__iar_softfp___iar_scalbn64
                        0x002bfad5            Code  Gb  ldexp.o [4]
__iar_softfp_frexp      0x002bfa05            Code  Gb  frexp.o [4]
__iar_softfp_frexpl     0x002bfa05            Code  Gb  frexp.o [4]
__iar_softfp_ldexp      0x002bfad5            Code  Gb  ldexp.o [4]
__iar_softfp_ldexpl     0x002bfad5            Code  Gb  ldexp.o [4]
__iar_softfp_scalbln    0x002bfad5            Code  Gb  ldexp.o [4]
__iar_softfp_scalblnl   0x002bfad5            Code  Gb  ldexp.o [4]
__iar_softfp_scalbn     0x002bfad5            Code  Gb  ldexp.o [4]
__iar_softfp_scalbnl    0x002bfad5            Code  Gb  ldexp.o [4]
__iar_systems$$module {Abs}
                        0x00000001            Data  Gb  command line/config [2]
__iar_zero_init3        0x002c6d19      0x40  Code  Gb  zero_init3.o [5]
__low_level_init        0x002c6e8f       0x4  Code  Gb  low_level_init.o [3]
__vector_table          0x00200000            Data  Gb  startup_stm32f767xx.o [1]
_call_main              0x002c6e81            Code  Gb  cmain.o [5]
_exit                   0x002c6e99            Code  Gb  cexit.o [5]
_main                   0x002c6e8b            Code  Gb  cmain.o [5]
abort                   0x002bfc41       0x6  Code  Gb  abort.o [3]
asc2_1206               0x002c6498     0x474  Data  Lc  rgb.o [1]
asc2_1608               0x002c5ea8     0x5f0  Data  Lc  rgb.o [1]
asc2_2412               0x002bfc60     0xd5c  Data  Lc  rgb.o [1]
asc2_3216               0x002bba00    0x2f80  Data  Lc  rgb.o [1]
delay_ms                0x002c401d       0x8  Code  Gb  touch.o [1]
delay_us                0x002c4025      0x1a  Code  Gb  touch.o [1]
dma_adc_flag            0x200104b8       0x2  Data  Gb  apollo.o [1]
exit                    0x002c6e93       0x4  Code  Gb  exit.o [3]
fputc                   0x002c0bcb      0x16  Code  Gb  apollo.o [1]
gImage_xiong            0x002001f8   0xbb808  Data  Lc  main.o [1]
hole_ic_value           0x20010490       0x8  Data  Gb  apollo.o [1]
ic_state                0x200104ba       0x1  Data  Gb  apollo.o [1]
ic_value                0x200104a8       0x4  Data  Gb  apollo.o [1]
lcddev                  0x20010480      0x10  Data  Gb  rgb.o [1]
lcdltdc                 0x20010434      0x20  Data  Gb  rgb.o [1]
ldexp                   0x002bfae9            Code  Gb  ldexp.o [4]
ldexpl                  0x002bfae9            Code  Gb  ldexp.o [4]
localeconv              0x002bfc35       0x4  Code  Gb  xlocale_c.o [3]
ltdc_framebuf           0x200104a0       0x8  Data  Gb  rgb.o [1]
ltdc_lcd_framebuf       0xc0000000  0x1f4000  Data  Gb  rgb.o [1]
main                    0x002c690d     0x334  Code  Gb  main.o [1]
memchr                  0x002bf805            Code  Gb  memchr.o [5]
mpudata                 0x200100a0       0x4  Data  Gb  main.o [1]
obuf                    0x200102a8      0x50  Data  Lc  xfiles.o [3]
printf                  0x002c45f5      0x28  Code  Gb  printf.o [3]
putchar                 0x002c6ee1       0xc  Code  Gb  putchar.o [3]
raw_icekong             0x20010498       0x8  Data  Gb  main.o [1]
ret                     0x200104bb       0x1  Data  Gb  rgb.o [1]
rstr                    0x20010158      0x80  Data  Gb  apollo.o [1]
scalbln                 0x002bfae9            Code  Gb  ldexp.o [4]
scalblnl                0x002bfae9            Code  Gb  ldexp.o [4]
scalbn                  0x002bfae9            Code  Gb  ldexp.o [4]
scalbnl                 0x002bfae9            Code  Gb  ldexp.o [4]
scale                   0x002bf015      0x46  Code  Lc  xprintffull_nomb.o [3]
sec_hand                0x200104b4       0x4  Data  Lc  xfail_s.o [3]
sprintf                 0x002c6c6d      0x40  Code  Gb  sprintf.o [3]
strchr                  0x002bf771            Code  Gb  strchr.o [5]
strlen                  0x002bf7cd            Code  Gb  strlen.o [5]
tp_dev                  0x20010080      0x20  Data  Gb  touch.o [1]
uwTick                  0x200104b0       0x4  Data  Gb  stm32f7xx_hal.o [1]


[1] = D:\Apollo\gpio\Debug\Obj
[2] = command line
[3] = dl7M_tlf.a
[4] = m7M_tlv.a
[5] = rt7M_tl.a
[6] = shb_l.a

   28 846 bytes of readonly  code memory
  786 738 bytes of readonly  data memory
    9 404 bytes of readwrite data memory (+ 2 048 000 absolute)

Errors: none
Warnings: none
