###############################################################################
#
# IAR ELF Linker V8.11.1.13263/W32 for ARM                23/Apr/2017  13:43:55
# Copyright 2007-2017 IAR Systems AB.
#
#    Output file  =  D:\Apollo\gpio\Debug\Exe\gpio.out
#    Map file     =  D:\Apollo\gpio\Debug\List\gpio.map
#    Command line =  
#        -f C:\Users\iysheng\AppData\Local\Temp\EW6AEB.tmp
#        (D:\Apollo\gpio\Debug\Obj\delay.o D:\Apollo\gpio\Debug\Obj\main.o
#        D:\Apollo\gpio\Debug\Obj\startup_stm32f767xx.o
#        D:\Apollo\gpio\Debug\Obj\stm32f7xx_hal.o
#        D:\Apollo\gpio\Debug\Obj\stm32f7xx_hal_cortex.o
#        D:\Apollo\gpio\Debug\Obj\stm32f7xx_hal_dma.o
#        D:\Apollo\gpio\Debug\Obj\stm32f7xx_hal_gpio.o
#        D:\Apollo\gpio\Debug\Obj\stm32f7xx_hal_pwr_ex.o
#        D:\Apollo\gpio\Debug\Obj\stm32f7xx_hal_rcc.o
#        D:\Apollo\gpio\Debug\Obj\stm32f7xx_hal_uart.o
#        D:\Apollo\gpio\Debug\Obj\stm32f7xx_it.o
#        D:\Apollo\gpio\Debug\Obj\system_stm32f7xx.o -o
#        D:\Apollo\gpio\Debug\Exe\gpio.out --redirect _Printf=_PrintfFullNoMb
#        --redirect _Scanf=_ScanfFullNoMb --map
#        D:\Apollo\gpio\Debug\List\gpio.map --config "D:\Program Files
#        (x86)\IAR Systems\Embedded Workbench
#        8.0\arm\config\linker\ST\stm32f767xG.icf" --semihosting --entry
#        __iar_program_start --vfe --text_out locale)
#
###############################################################################

*******************************************************************************
*** RUNTIME MODEL ATTRIBUTES
***

CppFlavor       = *
__Heap_Handler  = NoFree
__SystemLibrary = DLib
__dlib_version  = 6


*******************************************************************************
*** HEAP SELECTION
***

The no free heap was selected because no calls to memory
deallocation functions were found in the application.


*******************************************************************************
*** PLACEMENT SUMMARY
***

"A0":  place at 0x00200000 { ro section .intvec };
"P1":  place in [from 0x00200000 to 0x002fffff] { ro };
"P4":  place in [from 0x20000000 to 0x2000ffff] { block CSTACK };
"P5":  place in [from 0x20010000 to 0x2004bfff] |
                [from 0x2004c000 to 0x2004ffff] { rw, block HEAP };
initialize by copy { rw };

  Section            Kind        Address    Size  Object
  -------            ----        -------    ----  ------
"A0":                                      0x1f8
  .intvec            ro code  0x00200000   0x1f8  startup_stm32f767xx.o [1]
                            - 0x002001f8   0x1f8

"P1":                                     0x29d0
  .text              ro code  0x002001f8   0xde6  xprintffull_nomb.o [3]
  .text              ro code  0x00200fe0    0x16  strchr.o [5]
  .text              ro code  0x00200ff8    0x44  xfail_s.o [3]
  .text              ro code  0x0020103c    0x36  strlen.o [5]
  .text              ro code  0x00201074    0x58  memchr.o [5]
  .text              ro code  0x002010cc    0xee  I64DivMod.o [5]
  .text              ro code  0x002011ba    0x12  DblMul.o [4]
  .text              ro code  0x002011cc    0xa6  ABImemcpy.o [5]
  .text              ro code  0x00201274    0x70  frexp.o [4]
  .text              ro code  0x002012e4    0x2e  DblCmpLe.o [4]
  .text              ro code  0x00201314    0x2e  DblCmpGe.o [4]
  .text              ro code  0x00201344   0x104  ldexp.o [4]
  .text              ro code  0x00201448     0xe  DblToS32.o [4]
  .text              ro code  0x00201456     0xe  S32ToDbl.o [4]
  .text              ro code  0x00201464    0x12  DblSub.o [4]
  .text              ro code  0x00201476    0x12  DblDiv.o [4]
  .text              ro code  0x00201488     0xe  DblToU32.o [4]
  .text              ro code  0x00201496     0xe  U32ToDbl.o [4]
  .text              ro code  0x002014a4     0xc  xlocale_c.o [3]
  .text              ro code  0x002014b0     0x6  abort.o [3]
  .text              ro code  0x002014b8     0x2  I64DivZer.o [5]
  .text              ro code  0x002014bc    0x14  exit.o [6]
  .text              ro code  0x002014d0   0x9dc  stm32f7xx_hal_uart.o [1]
  .text              ro code  0x00201eac   0x298  main.o [1]
  .text              ro code  0x00202144     0xc  stm32f7xx_hal.o [1]
  .text              ro code  0x00202150    0x26  stm32f7xx_hal_dma.o [1]
  .text              ro code  0x00202176     0x2  stm32f7xx_hal_uart.o [1]
  .text              ro code  0x00202178     0x2  stm32f7xx_hal_uart.o [1]
  .text              ro code  0x0020217a     0x2  stm32f7xx_hal_uart.o [1]
  .text              ro code  0x0020217c    0xf0  stm32f7xx_hal_rcc.o [1]
  .text              ro code  0x0020226c   0x250  stm32f7xx_hal_gpio.o [1]
  .text              ro code  0x002024bc    0x44  no_free_heap0.o [3]
  .text              ro code  0x00202500    0x66  ABImemset.o [5]
  .text              ro code  0x00202568    0x2a  stm32f7xx_hal.o [1]
  .text              ro code  0x00202594   0x124  stm32f7xx_hal_cortex.o [1]
  .text              ro code  0x002026b8    0x28  printf.o [3]
  .text              ro code  0x002026e0    0x1a  stm32f7xx_hal.o [1]
  .text              ro code  0x002026fc    0x2c  xgetmemchunk.o [3]
  .text              ro code  0x00202728    0x28  stm32f7xx_hal.o [1]
  .text              ro code  0x00202750    0x6c  system_stm32f7xx.o [1]
  .rodata            const    0x002027bc    0x54  main.o [1]
  .text              ro code  0x00202810    0x40  zero_init3.o [5]
  .text              ro code  0x00202850    0x2c  copy_init3.o [5]
  .text              ro code  0x0020287c    0x28  data_init.o [5]
  .text              ro code  0x002028a4    0x22  fpinit_M.o [4]
  .iar.init_table    const    0x002028c8    0x24  - Linker created -
  .text              ro code  0x002028ec    0x1a  cmain.o [5]
  .text              ro code  0x00202906     0x4  low_level_init.o [3]
  .text              ro code  0x0020290a     0x4  exit.o [3]
  .text              ro code  0x00202910     0xa  cexit.o [5]
  .text              ro code  0x0020291a    0x18  stm32f7xx_it.o [1]
  .text              ro code  0x00202934    0x10  stm32f7xx_hal.o [1]
  .text              ro code  0x00202944    0x16  xprout.o [3]
  .text              ro code  0x0020295c     0xc  putchar.o [3]
  .rodata            const    0x00202968    0x10  main.o [1]
  .text              ro code  0x00202978    0x10  startup_stm32f767xx.o [1]
  .text              ro code  0x00202988     0xc  cstartup_M.o [5]
  .rodata            const    0x00202994     0x8  system_stm32f7xx.o [1]
  .rodata            const    0x0020299c     0x4  xlocale_c.o [3]
  .text              ro code  0x002029a0     0x4  startup_stm32f767xx.o [1]
  .text              ro code  0x002029a4     0x4  startup_stm32f767xx.o [1]
  .text              ro code  0x002029a8     0x4  startup_stm32f767xx.o [1]
  .text              ro code  0x002029ac     0x4  startup_stm32f767xx.o [1]
  .text              ro code  0x002029b0     0x4  startup_stm32f767xx.o [1]
  .text              ro code  0x002029b4     0x4  startup_stm32f767xx.o [1]
  .text              ro code  0x002029b8     0x4  startup_stm32f767xx.o [1]
  .text              ro code  0x002029bc     0x4  startup_stm32f767xx.o [1]
  .text              ro code  0x002029c0     0x4  startup_stm32f767xx.o [1]
  .text              ro code  0x002029c4     0x4  startup_stm32f767xx.o [1]
  .text              ro code  0x002029c8     0x4  startup_stm32f767xx.o [1]
  .text              ro code  0x002029cc     0x4  startup_stm32f767xx.o [1]
  .text              ro code  0x002029d0     0x4  startup_stm32f767xx.o [1]
  .text              ro code  0x002029d4     0x4  startup_stm32f767xx.o [1]
  .text              ro code  0x002029d8     0x4  startup_stm32f767xx.o [1]
  .text              ro code  0x002029dc     0x4  startup_stm32f767xx.o [1]
  .text              ro code  0x002029e0     0x4  startup_stm32f767xx.o [1]
  .text              ro code  0x002029e4     0x4  startup_stm32f767xx.o [1]
  .text              ro code  0x002029e8     0x4  startup_stm32f767xx.o [1]
  .text              ro code  0x002029ec     0x4  startup_stm32f767xx.o [1]
  .text              ro code  0x002029f0     0x4  startup_stm32f767xx.o [1]
  .text              ro code  0x002029f4     0x4  startup_stm32f767xx.o [1]
  .text              ro code  0x002029f8     0x4  startup_stm32f767xx.o [1]
  .text              ro code  0x002029fc     0x4  startup_stm32f767xx.o [1]
  .text              ro code  0x00202a00     0x4  startup_stm32f767xx.o [1]
  .text              ro code  0x00202a04     0x4  startup_stm32f767xx.o [1]
  .text              ro code  0x00202a08     0x4  startup_stm32f767xx.o [1]
  .text              ro code  0x00202a0c     0x4  startup_stm32f767xx.o [1]
  .text              ro code  0x00202a10     0x4  startup_stm32f767xx.o [1]
  .text              ro code  0x00202a14     0x4  startup_stm32f767xx.o [1]
  .text              ro code  0x00202a18     0x4  startup_stm32f767xx.o [1]
  .text              ro code  0x00202a1c     0x4  startup_stm32f767xx.o [1]
  .text              ro code  0x00202a20     0x4  startup_stm32f767xx.o [1]
  .text              ro code  0x00202a24     0x4  startup_stm32f767xx.o [1]
  .text              ro code  0x00202a28     0x4  startup_stm32f767xx.o [1]
  .text              ro code  0x00202a2c     0x4  startup_stm32f767xx.o [1]
  .text              ro code  0x00202a30     0x4  startup_stm32f767xx.o [1]
  .text              ro code  0x00202a34     0x4  startup_stm32f767xx.o [1]
  .text              ro code  0x00202a38     0x4  startup_stm32f767xx.o [1]
  .text              ro code  0x00202a3c     0x4  startup_stm32f767xx.o [1]
  .text              ro code  0x00202a40     0x4  startup_stm32f767xx.o [1]
  .text              ro code  0x00202a44     0x4  startup_stm32f767xx.o [1]
  .text              ro code  0x00202a48     0x4  startup_stm32f767xx.o [1]
  .text              ro code  0x00202a4c     0x4  startup_stm32f767xx.o [1]
  .text              ro code  0x00202a50     0x4  startup_stm32f767xx.o [1]
  .text              ro code  0x00202a54     0x4  startup_stm32f767xx.o [1]
  .text              ro code  0x00202a58     0x4  startup_stm32f767xx.o [1]
  .text              ro code  0x00202a5c     0x4  startup_stm32f767xx.o [1]
  .text              ro code  0x00202a60     0x4  startup_stm32f767xx.o [1]
  .text              ro code  0x00202a64     0x4  startup_stm32f767xx.o [1]
  .text              ro code  0x00202a68     0x4  startup_stm32f767xx.o [1]
  .text              ro code  0x00202a6c     0x4  startup_stm32f767xx.o [1]
  .text              ro code  0x00202a70     0x4  startup_stm32f767xx.o [1]
  .text              ro code  0x00202a74     0x4  startup_stm32f767xx.o [1]
  .text              ro code  0x00202a78     0x4  startup_stm32f767xx.o [1]
  .text              ro code  0x00202a7c     0x4  startup_stm32f767xx.o [1]
  .text              ro code  0x00202a80     0x4  startup_stm32f767xx.o [1]
  .text              ro code  0x00202a84     0x4  startup_stm32f767xx.o [1]
  .text              ro code  0x00202a88     0x4  startup_stm32f767xx.o [1]
  .text              ro code  0x00202a8c     0x4  startup_stm32f767xx.o [1]
  .text              ro code  0x00202a90     0x4  startup_stm32f767xx.o [1]
  .text              ro code  0x00202a94     0x4  startup_stm32f767xx.o [1]
  .text              ro code  0x00202a98     0x4  startup_stm32f767xx.o [1]
  .text              ro code  0x00202a9c     0x4  startup_stm32f767xx.o [1]
  .text              ro code  0x00202aa0     0x4  startup_stm32f767xx.o [1]
  .text              ro code  0x00202aa4     0x4  startup_stm32f767xx.o [1]
  .text              ro code  0x00202aa8     0x4  startup_stm32f767xx.o [1]
  .text              ro code  0x00202aac     0x4  startup_stm32f767xx.o [1]
  .text              ro code  0x00202ab0     0x4  startup_stm32f767xx.o [1]
  .text              ro code  0x00202ab4     0x4  startup_stm32f767xx.o [1]
  .text              ro code  0x00202ab8     0x4  startup_stm32f767xx.o [1]
  .text              ro code  0x00202abc     0x4  startup_stm32f767xx.o [1]
  .text              ro code  0x00202ac0     0x4  startup_stm32f767xx.o [1]
  .text              ro code  0x00202ac4     0x4  startup_stm32f767xx.o [1]
  .text              ro code  0x00202ac8     0x4  startup_stm32f767xx.o [1]
  .text              ro code  0x00202acc     0x4  startup_stm32f767xx.o [1]
  .text              ro code  0x00202ad0     0x4  startup_stm32f767xx.o [1]
  .text              ro code  0x00202ad4     0x4  startup_stm32f767xx.o [1]
  .text              ro code  0x00202ad8     0x4  startup_stm32f767xx.o [1]
  .text              ro code  0x00202adc     0x4  startup_stm32f767xx.o [1]
  .text              ro code  0x00202ae0     0x4  startup_stm32f767xx.o [1]
  .text              ro code  0x00202ae4     0x4  startup_stm32f767xx.o [1]
  .text              ro code  0x00202ae8     0x4  startup_stm32f767xx.o [1]
  .text              ro code  0x00202aec     0x4  startup_stm32f767xx.o [1]
  .text              ro code  0x00202af0     0x4  startup_stm32f767xx.o [1]
  .text              ro code  0x00202af4     0x4  startup_stm32f767xx.o [1]
  .text              ro code  0x00202af8     0x4  startup_stm32f767xx.o [1]
  .text              ro code  0x00202afc     0x4  startup_stm32f767xx.o [1]
  .text              ro code  0x00202b00     0x4  startup_stm32f767xx.o [1]
  .text              ro code  0x00202b04     0x4  startup_stm32f767xx.o [1]
  .text              ro code  0x00202b08     0x4  startup_stm32f767xx.o [1]
  .text              ro code  0x00202b0c     0x4  startup_stm32f767xx.o [1]
  .text              ro code  0x00202b10     0x4  startup_stm32f767xx.o [1]
  .text              ro code  0x00202b14     0x4  startup_stm32f767xx.o [1]
  .text              ro code  0x00202b18     0x4  startup_stm32f767xx.o [1]
  .text              ro code  0x00202b1c     0x4  startup_stm32f767xx.o [1]
  .text              ro code  0x00202b20     0x4  startup_stm32f767xx.o [1]
  .text              ro code  0x00202b24     0x4  startup_stm32f767xx.o [1]
  .text              ro code  0x00202b28     0x4  startup_stm32f767xx.o [1]
  .text              ro code  0x00202b2c     0x4  startup_stm32f767xx.o [1]
  .text              ro code  0x00202b30     0x4  startup_stm32f767xx.o [1]
  .text              ro code  0x00202b34     0x4  startup_stm32f767xx.o [1]
  .text              ro code  0x00202b38     0x4  startup_stm32f767xx.o [1]
  .text              ro code  0x00202b3c     0x4  startup_stm32f767xx.o [1]
  .text              ro code  0x00202b40     0x4  startup_stm32f767xx.o [1]
  .rodata            const    0x00202b44     0x0  zero_init3.o [5]
  .rodata            const    0x00202b44     0x0  copy_init3.o [5]
  Initializer bytes  const    0x00202b44    0x84  <for P5 s0>
                            - 0x00202bc8  0x29d0

"P4":                                     0x2000
  CSTACK                      0x20000000  0x2000  <Block>
    CSTACK           uninit   0x20000000  0x2000  <Block tail>
                            - 0x20002000  0x2000

"P5", part 1 of 3:                          0x84
  P5 s0                       0x20010000    0x84  <Init block>
    .data            inited   0x20010000    0x48  xfiles.o [3]
    .data            inited   0x20010048    0x38  xlocale_c.o [3]
    .data            inited   0x20010080     0x4  system_stm32f7xx.o [1]
                            - 0x20010084    0x84

"P5", part 2 of 3:                          0xd0
  .bss               zero     0x20010084    0x70  main.o [1]
  .bss               zero     0x200100f4    0x50  xfiles.o [3]
  .bss               zero     0x20010144     0x4  stm32f7xx_hal.o [1]
  .bss               zero     0x20010148     0x4  xfail_s.o [3]
  .bss               zero     0x2001014c     0x4  no_free_heap0.o [3]
  .bss               zero     0x20010150     0x4  xgetmemchunk.o [3]
                            - 0x20010154    0xd0

"P5", part 3 of 3:                        0x2000
  HEAP                        0x20010158  0x2000  <Block>
    HEAP             uninit   0x20010158  0x2000  <Block tail>
                            - 0x20012158  0x2000


*******************************************************************************
*** INIT TABLE
***

          Address     Size
          -------     ----
Zero (__iar_zero_init3)
    1 destination range, total size 0xd0:
          0x20010084  0xd0

Copy (__iar_copy_init3)
    1 source range, total size 0x84:
          0x00202b44  0x84
    1 destination range, total size 0x84:
          0x20010000  0x84



*******************************************************************************
*** MODULE SUMMARY
***

    Module                  ro code  ro data  rw data
    ------                  -------  -------  -------
D:\Apollo\gpio\Debug\Obj: [1]
    main.o                      664      100      112
    startup_stm32f767xx.o       940
    stm32f7xx_hal.o             136                 4
    stm32f7xx_hal_cortex.o      292
    stm32f7xx_hal_dma.o          38
    stm32f7xx_hal_gpio.o        592
    stm32f7xx_hal_rcc.o         240
    stm32f7xx_hal_uart.o      2 530
    stm32f7xx_it.o               24
    system_stm32f7xx.o          108       12        4
    -------------------------------------------------
    Total:                    5 564      112      120

command line: [2]
    -------------------------------------------------
    Total:

dl7M_tlf.a: [3]
    abort.o                       6
    exit.o                        4
    low_level_init.o              4
    no_free_heap0.o              68                 4
    printf.o                     40
    putchar.o                    12
    xfail_s.o                    68                 4
    xfiles.o                              72      152
    xgetmemchunk.o               44                 4
    xlocale_c.o                  12       60       56
    xprintffull_nomb.o        3 558
    xprout.o                     22
    -------------------------------------------------
    Total:                    3 838      132      220

m7M_tlv.a: [4]
    DblCmpGe.o                   46
    DblCmpLe.o                   46
    DblDiv.o                     18
    DblMul.o                     18
    DblSub.o                     18
    DblToS32.o                   14
    DblToU32.o                   14
    S32ToDbl.o                   14
    U32ToDbl.o                   14
    fpinit_M.o                   34
    frexp.o                     112
    ldexp.o                     260
    -------------------------------------------------
    Total:                      608

rt7M_tl.a: [5]
    ABImemcpy.o                 166
    ABImemset.o                 102
    I64DivMod.o                 238
    I64DivZer.o                   2
    cexit.o                      10
    cmain.o                      26
    copy_init3.o                 44
    cstartup_M.o                 12
    data_init.o                  40
    memchr.o                     88
    strchr.o                     22
    strlen.o                     54
    zero_init3.o                 64
    -------------------------------------------------
    Total:                      868

shb_l.a: [6]
    exit.o                       20
    -------------------------------------------------
    Total:                       20

    Gaps                         28        2
    Linker created                        36   16 384
-----------------------------------------------------
    Grand Total:             10 926      282   16 724


*******************************************************************************
*** ENTRY LIST
***

Entry                      Address   Size  Type      Object
-----                      -------   ----  ----      ------
.iar.init_table$$Base   0x002028c8          --   Gb  - Linker created -
.iar.init_table$$Limit  0x002028ec          --   Gb  - Linker created -
?main                   0x002028ed         Code  Gb  cmain.o [5]
APBPrescTable           0x00202994    0x8  Data  Gb  system_stm32f7xx.o [1]
BusFault_Handler        0x00202921    0x2  Code  Gb  stm32f7xx_it.o [1]
CSTACK$$Base            0x20000000          --   Gb  - Linker created -
CSTACK$$Limit           0x20002000          --   Gb  - Linker created -
DebugMon_Handler        0x00202927    0x2  Code  Gb  stm32f7xx_it.o [1]
EXTI2_IRQHandler        0x002020d3   0x1e  Code  Gb  main.o [1]
EXTI3_IRQHandler        0x002020f1   0x1e  Code  Gb  main.o [1]
HAL_DMA_Abort_IT        0x00202151   0x26  Code  Gb  stm32f7xx_hal_dma.o [1]
HAL_Delay               0x002026e1   0x1a  Code  Wk  stm32f7xx_hal.o [1]
HAL_GPIO_Init           0x0020226d  0x1fa  Code  Gb  stm32f7xx_hal_gpio.o [1]
HAL_GPIO_WritePin       0x00202467   0x14  Code  Gb  stm32f7xx_hal_gpio.o [1]
HAL_GetTick             0x00202145    0xc  Code  Wk  stm32f7xx_hal.o [1]
HAL_IncTick             0x00202935   0x10  Code  Wk  stm32f7xx_hal.o [1]
HAL_Init                0x00202569   0x22  Code  Gb  stm32f7xx_hal.o [1]
HAL_NVIC_EnableIRQ      0x00202687    0xa  Code  Gb  stm32f7xx_hal_cortex.o [1]
HAL_NVIC_SetPriority    0x00202665   0x22  Code  Gb  stm32f7xx_hal_cortex.o [1]
HAL_NVIC_SetPriorityGrouping
                        0x0020265d    0x8  Code  Gb  stm32f7xx_hal_cortex.o [1]
HAL_RCC_GetHCLKFreq     0x00202209    0x6  Code  Gb  stm32f7xx_hal_rcc.o [1]
HAL_RCC_GetPCLK1Freq    0x0020220f   0x20  Code  Gb  stm32f7xx_hal_rcc.o [1]
HAL_RCC_GetPCLK2Freq    0x0020222f   0x20  Code  Gb  stm32f7xx_hal_rcc.o [1]
HAL_RCC_GetSysClockFreq
                        0x0020217d   0x8c  Code  Gb  stm32f7xx_hal_rcc.o [1]
HAL_SYSTICK_Config      0x00202691    0x8  Code  Gb  stm32f7xx_hal_cortex.o [1]
HAL_UART_IRQHandler     0x0020172b  0x146  Code  Gb  stm32f7xx_hal_uart.o [1]
HAL_UART_Init           0x002014d1   0x7e  Code  Gb  stm32f7xx_hal_uart.o [1]
HAL_UART_MspInit        0x00201ead   0xce  Code  Gb  main.o [1]
HAL_UART_Receive_IT     0x00201671   0xba  Code  Gb  stm32f7xx_hal_uart.o [1]
HAL_UART_Transmit       0x0020154f   0xcc  Code  Gb  stm32f7xx_hal_uart.o [1]
HAL_UART_Transmit_IT    0x0020161b   0x56  Code  Gb  stm32f7xx_hal_uart.o [1]
HEAP$$Base              0x20010158          --   Gb  - Linker created -
HEAP$$Limit             0x20012158          --   Gb  - Linker created -
HardFault_Handler       0x0020291d    0x2  Code  Gb  stm32f7xx_it.o [1]
JUART2                  0x20010084   0x70  Data  Gb  main.o [1]
LoadInt                 0x00200397   0x7a  Code  Lc  xprintffull_nomb.o [3]
MemManage_Handler       0x0020291f    0x2  Code  Gb  stm32f7xx_it.o [1]
NMI_Handler             0x0020291b    0x2  Code  Gb  stm32f7xx_it.o [1]
NVIC_EnableIRQ          0x002025bb   0x14  Code  Lc  stm32f7xx_hal_cortex.o [1]
NVIC_EncodePriority     0x002025f1   0x3e  Code  Lc  stm32f7xx_hal_cortex.o [1]
NVIC_GetPriorityGrouping
                        0x002025b1    0xa  Code  Lc  stm32f7xx_hal_cortex.o [1]
NVIC_SetPriority        0x002025cf   0x22  Code  Lc  stm32f7xx_hal_cortex.o [1]
NVIC_SetPriorityGrouping
                        0x00202595   0x1c  Code  Lc  stm32f7xx_hal_cortex.o [1]
PendSV_Handler          0x00202929    0x2  Code  Gb  stm32f7xx_it.o [1]
Region$$Table$$Base     0x002028c8          --   Gb  - Linker created -
Region$$Table$$Limit    0x002028ec          --   Gb  - Linker created -
SVC_Handler             0x00202925    0x2  Code  Gb  stm32f7xx_it.o [1]
SysTick_Config          0x0020262f   0x2e  Code  Lc  stm32f7xx_hal_cortex.o [1]
SysTick_Handler         0x0020292b    0x8  Code  Gb  stm32f7xx_it.o [1]
SystemCoreClock         0x20010080    0x4  Data  Gb  system_stm32f7xx.o [1]
SystemInit              0x00202751   0x4c  Code  Gb  system_stm32f7xx.o [1]
UART_AdvFeatureConfig   0x00201d89   0xda  Code  Gb  stm32f7xx_hal_uart.o [1]
UART_CheckIdleState     0x00201e63   0x4a  Code  Gb  stm32f7xx_hal_uart.o [1]
UART_DMAAbortOnError    0x002018e1   0x16  Code  Lc  stm32f7xx_hal_uart.o [1]
UART_EndRxTransfer      0x00201a05   0x20  Code  Lc  stm32f7xx_hal_uart.o [1]
UART_EndTransmit_IT     0x00201963   0x1c  Code  Lc  stm32f7xx_hal_uart.o [1]
UART_Receive_IT         0x0020197f   0x86  Code  Lc  stm32f7xx_hal_uart.o [1]
UART_SetConfig          0x00201a25  0x330  Code  Gb  stm32f7xx_hal_uart.o [1]
UART_Transmit_IT        0x002018f7   0x6c  Code  Lc  stm32f7xx_hal_uart.o [1]
UART_WaitOnFlagUntilTimeout
                        0x00201871   0x6e  Code  Gb  stm32f7xx_hal_uart.o [1]
USART2_IRQHandler       0x002020c9    0xa  Code  Gb  main.o [1]
UsageFault_Handler      0x00202923    0x2  Code  Gb  stm32f7xx_it.o [1]
_GenldFullNoMb          0x00200cfb  0x256  Code  Lc  xprintffull_nomb.o [3]
_LdtobFullNoMb          0x002008d3  0x3fe  Code  Lc  xprintffull_nomb.o [3]
_LitobFullNoMb          0x00200783  0x10a  Code  Lc  xprintffull_nomb.o [3]
_Locale_lconv           0x20010048   0x38  Data  Lc  xlocale_c.o [3]
_PrintfFullNoMb         0x002001f9  0x190  Code  Gb  xprintffull_nomb.o [3]
_Prout                  0x00202945   0x16  Code  Gb  xprout.o [3]
_PutcharsFullNoMb       0x00200f51   0x2e  Code  Lc  xprintffull_nomb.o [3]
_PutfldFullNoMb         0x00200411  0x264  Code  Lc  xprintffull_nomb.o [3]
_PuttxtFullNoMb         0x00200675  0x10e  Code  Lc  xprintffull_nomb.o [3]
__aeabi_cdcmple         0x002012e5         Code  Gb  DblCmpLe.o [4]
__aeabi_cdrcmple        0x00201315         Code  Gb  DblCmpGe.o [4]
__aeabi_d2iz            0x00201449    0xe  Code  Gb  DblToS32.o [4]
__aeabi_d2uiz           0x00201489    0xe  Code  Gb  DblToU32.o [4]
__aeabi_ddiv            0x00201477   0x12  Code  Gb  DblDiv.o [4]
__aeabi_dmul            0x002011bb   0x12  Code  Gb  DblMul.o [4]
__aeabi_dsub            0x00201465   0x12  Code  Gb  DblSub.o [4]
__aeabi_i2d             0x00201457    0xe  Code  Gb  S32ToDbl.o [4]
__aeabi_ldiv0           0x002014b9         Code  Gb  I64DivZer.o [5]
__aeabi_memcpy          0x002011cd         Code  Gb  ABImemcpy.o [5]
__aeabi_memcpy4         0x002011ed         Code  Gb  ABImemcpy.o [5]
__aeabi_memcpy8         0x002011ed         Code  Gb  ABImemcpy.o [5]
__aeabi_memset          0x00202501         Code  Gb  ABImemset.o [5]
__aeabi_ui2d            0x00201497    0xe  Code  Gb  U32ToDbl.o [4]
__aeabi_uldivmod        0x002010cd         Code  Gb  I64DivMod.o [5]
__cmain                 0x002028ed         Code  Gb  cmain.o [5]
__data_GetMemChunk      0x002026fd   0x2c  Code  Gb  xgetmemchunk.o [3]
__data_GetMemChunk::start
                        0x20010150    0x4  Data  Lc  xgetmemchunk.o [3]
__exit                  0x002014bd   0x14  Code  Gb  exit.o [6]
__iar_Fail_s            0x00200ff9   0x1e  Code  Gb  xfail_s.o [3]
__iar_Memchr            0x00201075         Code  Gb  memchr.o [5]
__iar_Memset            0x00202501         Code  Gb  ABImemset.o [5]
__iar_Memset_word       0x00202509         Code  Gb  ABImemset.o [5]
__iar_Stdout            0x20010000   0x48  Data  Gb  xfiles.o [3]
__iar_Strchr            0x00200fe1         Code  Gb  strchr.o [5]
__iar_copy_init3        0x00202851   0x2c  Code  Gb  copy_init3.o [5]
__iar_data_init3        0x0020287d   0x28  Code  Gb  data_init.o [5]
__iar_frexp             0x00201281         Code  Gb  frexp.o [4]
__iar_frexpl            0x00201281         Code  Gb  frexp.o [4]
__iar_init_vfp          0x002028a5         Code  Gb  fpinit_M.o [4]
__iar_ldexp64           0x00201359         Code  Gb  ldexp.o [4]
__iar_program_start     0x00202989         Code  Gb  cstartup_M.o [5]
__iar_scalbln64         0x00201359         Code  Gb  ldexp.o [4]
__iar_scalbn64          0x00201359         Code  Gb  ldexp.o [4]
__iar_softfp___iar_frexp64
                        0x00201275         Code  Gb  frexp.o [4]
__iar_softfp___iar_ldexp64
                        0x00201345         Code  Gb  ldexp.o [4]
__iar_softfp___iar_scalbln64
                        0x00201345         Code  Gb  ldexp.o [4]
__iar_softfp___iar_scalbn64
                        0x00201345         Code  Gb  ldexp.o [4]
__iar_softfp_frexp      0x00201275         Code  Gb  frexp.o [4]
__iar_softfp_frexpl     0x00201275         Code  Gb  frexp.o [4]
__iar_softfp_ldexp      0x00201345         Code  Gb  ldexp.o [4]
__iar_softfp_ldexpl     0x00201345         Code  Gb  ldexp.o [4]
__iar_softfp_scalbln    0x00201345         Code  Gb  ldexp.o [4]
__iar_softfp_scalblnl   0x00201345         Code  Gb  ldexp.o [4]
__iar_softfp_scalbn     0x00201345         Code  Gb  ldexp.o [4]
__iar_softfp_scalbnl    0x00201345         Code  Gb  ldexp.o [4]
__iar_systems$$module {Abs}
                        0x00000001         Data  Gb  command line/config [2]
__iar_zero_init3        0x00202811   0x40  Code  Gb  zero_init3.o [5]
__low_level_init        0x00202907    0x4  Code  Gb  low_level_init.o [3]
__no_free_malloc        0x002024bd   0x40  Code  Gb  no_free_heap0.o [3]
__vector_table          0x00200000         Data  Gb  startup_stm32f767xx.o [1]
_call_main              0x002028f9         Code  Gb  cmain.o [5]
_exit                   0x00202911         Code  Gb  cexit.o [5]
_main                   0x00202903         Code  Gb  cmain.o [5]
abort                   0x002014b1    0x6  Code  Gb  abort.o [3]
exit                    0x0020290b    0x4  Code  Gb  exit.o [3]
fputc                   0x00201f7b   0x14  Code  Gb  main.o [1]
ldexp                   0x00201359         Code  Gb  ldexp.o [4]
ldexpl                  0x00201359         Code  Gb  ldexp.o [4]
localeconv              0x002014a5    0x4  Code  Gb  xlocale_c.o [3]
main                    0x00201f8f  0x13a  Code  Gb  main.o [1]
memchr                  0x00201075         Code  Gb  memchr.o [5]
obuf                    0x200100f4   0x50  Data  Lc  xfiles.o [3]
printf                  0x002026b9   0x28  Code  Gb  printf.o [3]
putchar                 0x0020295d    0xc  Code  Gb  putchar.o [3]
qs                      0x2001014c    0x4  Data  Lc  no_free_heap0.o [3]
scalbln                 0x00201359         Code  Gb  ldexp.o [4]
scalblnl                0x00201359         Code  Gb  ldexp.o [4]
scalbn                  0x00201359         Code  Gb  ldexp.o [4]
scalbnl                 0x00201359         Code  Gb  ldexp.o [4]
scale                   0x0020088d   0x46  Code  Lc  xprintffull_nomb.o [3]
sec_hand                0x20010148    0x4  Data  Lc  xfail_s.o [3]
strchr                  0x00200fe1         Code  Gb  strchr.o [5]
strlen                  0x0020103d         Code  Gb  strlen.o [5]
uwTick                  0x20010144    0x4  Data  Gb  stm32f7xx_hal.o [1]


[1] = D:\Apollo\gpio\Debug\Obj
[2] = command line
[3] = dl7M_tlf.a
[4] = m7M_tlv.a
[5] = rt7M_tl.a
[6] = shb_l.a

  10 926 bytes of readonly  code memory
     282 bytes of readonly  data memory
  16 724 bytes of readwrite data memory

Errors: none
Warnings: none
