###############################################################################
#
# IAR ELF Linker V8.11.1.13263/W32 for ARM                01/May/2017  11:54:16
# Copyright 2007-2017 IAR Systems AB.
#
#    Output file  =  D:\Apollo\gpio\Debug\Exe\gpio.out
#    Map file     =  D:\Apollo\gpio\Debug\List\gpio.map
#    Command line =  
#        -f C:\Users\iysheng\AppData\Local\Temp\EWCAA1.tmp
#        (D:\Apollo\gpio\Debug\Obj\apollo.o D:\Apollo\gpio\Debug\Obj\main.o
#        D:\Apollo\gpio\Debug\Obj\rgb.o
#        D:\Apollo\gpio\Debug\Obj\startup_stm32f767xx.o
#        D:\Apollo\gpio\Debug\Obj\stm32f7xx_hal.o
#        D:\Apollo\gpio\Debug\Obj\stm32f7xx_hal_adc.o
#        D:\Apollo\gpio\Debug\Obj\stm32f7xx_hal_cortex.o
#        D:\Apollo\gpio\Debug\Obj\stm32f7xx_hal_dma.o
#        D:\Apollo\gpio\Debug\Obj\stm32f7xx_hal_gpio.o
#        D:\Apollo\gpio\Debug\Obj\stm32f7xx_hal_ltdc.o
#        D:\Apollo\gpio\Debug\Obj\stm32f7xx_hal_pwr_ex.o
#        D:\Apollo\gpio\Debug\Obj\stm32f7xx_hal_rcc.o
#        D:\Apollo\gpio\Debug\Obj\stm32f7xx_hal_rcc_ex.o
#        D:\Apollo\gpio\Debug\Obj\stm32f7xx_hal_sdram.o
#        D:\Apollo\gpio\Debug\Obj\stm32f7xx_hal_tim.o
#        D:\Apollo\gpio\Debug\Obj\stm32f7xx_hal_tim_ex.o
#        D:\Apollo\gpio\Debug\Obj\stm32f7xx_hal_uart.o
#        D:\Apollo\gpio\Debug\Obj\stm32f7xx_it.o
#        D:\Apollo\gpio\Debug\Obj\stm32f7xx_ll_fmc.o
#        D:\Apollo\gpio\Debug\Obj\system_stm32f7xx.o -o
#        D:\Apollo\gpio\Debug\Exe\gpio.out --redirect _Printf=_PrintfFullNoMb
#        --redirect _Scanf=_ScanfFullNoMb --map
#        D:\Apollo\gpio\Debug\List\gpio.map --config "D:\Program Files
#        (x86)\IAR Systems\Embedded Workbench
#        8.0\arm\config\linker\ST\stm32f767xG.icf" --semihosting --entry
#        __iar_program_start --vfe --text_out locale)
#
###############################################################################

*******************************************************************************
*** RUNTIME MODEL ATTRIBUTES
***

CppFlavor       = *
__SystemLibrary = DLib
__dlib_version  = 6


*******************************************************************************
*** HEAP SELECTION
***

The basic heap was selected because no calls to memory allocation
functions were found in the application outside of system library
functions, and there are calls to deallocation functions in the
application.


*******************************************************************************
*** PLACEMENT SUMMARY
***

"A0":  place at 0x00200000 { ro section .intvec };
"P1":  place in [from 0x00200000 to 0x002fffff] { ro };
"P4":  place in [from 0x20000000 to 0x2000ffff] { block CSTACK };
"P5":  place in [from 0x20010000 to 0x2004bfff] |
                [from 0x2004c000 to 0x2004ffff] { rw, block HEAP };
initialize by copy { rw };

  Section            Kind        Address      Size  Object
  -------            ----        -------      ----  ------
"A0":                                        0x1f8
  .intvec            ro code  0x00200000     0x1f8  startup_stm32f767xx.o [1]
                            - 0x002001f8     0x1f8

"P1":                                      0xebe30
  .rodata            const    0x002001f8   0xafc88  main.o [1]
  .rodata            const    0x002afe80   0x31ec0  main.o [1]
  .rodata            const    0x002e1d40    0x2f80  rgb.o [1]
  .text              ro code  0x002e4cc0     0xde6  xprintffull_nomb.o [3]
  .text              ro code  0x002e5aa6       0xa  xsprout.o [3]
  .text              ro code  0x002e5ab0      0x16  strchr.o [5]
  .text              ro code  0x002e5ac8      0x44  xfail_s.o [3]
  .text              ro code  0x002e5b0c      0x36  strlen.o [5]
  .text              ro code  0x002e5b44      0x58  memchr.o [5]
  .text              ro code  0x002e5b9c      0xee  I64DivMod.o [5]
  .text              ro code  0x002e5c8a      0x12  DblMul.o [4]
  .text              ro code  0x002e5c9c      0xa6  ABImemcpy.o [5]
  .text              ro code  0x002e5d44      0x70  frexp.o [4]
  .text              ro code  0x002e5db4      0x2e  DblCmpLe.o [4]
  .text              ro code  0x002e5de4      0x2e  DblCmpGe.o [4]
  .text              ro code  0x002e5e14     0x104  ldexp.o [4]
  .text              ro code  0x002e5f18       0xe  DblToS32.o [4]
  .text              ro code  0x002e5f26       0xe  S32ToDbl.o [4]
  .text              ro code  0x002e5f34      0x12  DblSub.o [4]
  .text              ro code  0x002e5f46      0x12  DblDiv.o [4]
  .text              ro code  0x002e5f58       0xe  DblToU32.o [4]
  .text              ro code  0x002e5f66       0xe  U32ToDbl.o [4]
  .text              ro code  0x002e5f74       0xc  xlocale_c.o [3]
  .text              ro code  0x002e5f80       0x6  abort.o [3]
  .text              ro code  0x002e5f88       0x2  I64DivZer.o [5]
  .text              ro code  0x002e5f8c      0x14  exit.o [6]
  .rodata            const    0x002e5fa0     0xd5c  rgb.o [1]
  .text              ro code  0x002e6cfc     0xa6c  rgb.o [1]
  .text              ro code  0x002e7768     0x474  stm32f7xx_hal_ltdc.o [1]
  .text              ro code  0x002e7bdc     0x260  stm32f7xx_hal_gpio.o [1]
  .text              ro code  0x002e7e3c     0x7f4  stm32f7xx_hal_rcc_ex.o [1]
  .text              ro code  0x002e8630       0xc  stm32f7xx_hal.o [1]
  .text              ro code  0x002e863c     0x8e0  apollo.o [1]
  .text              ro code  0x002e8f1c     0x8cc  stm32f7xx_hal_uart.o [1]
  .text              ro code  0x002e97e8     0x75c  stm32f7xx_hal_rcc.o [1]
  .text              ro code  0x002e9f44      0x88  stm32f7xx_hal_pwr_ex.o [1]
  .text              ro code  0x002e9fcc     0x1c8  stm32f7xx_hal_cortex.o [1]
  .text              ro code  0x002ea194     0x46e  stm32f7xx_hal_adc.o [1]
  .text              ro code  0x002ea604     0x5c0  stm32f7xx_hal_tim.o [1]
  .text              ro code  0x002eabc4      0xa2  stm32f7xx_hal_sdram.o [1]
  .text              ro code  0x002eac66      0x1a  stm32f7xx_hal.o [1]
  .text              ro code  0x002eac80      0x28  printf.o [3]
  .text              ro code  0x002eaca8      0x26  stm32f7xx_hal_dma.o [1]
  .text              ro code  0x002eacce       0x2  stm32f7xx_hal_uart.o [1]
  .text              ro code  0x002eacd0       0x2  stm32f7xx_hal_uart.o [1]
  .text              ro code  0x002eacd2       0x2  stm32f7xx_hal_uart.o [1]
  .text              ro code  0x002eacd4      0x28  stm32f7xx_hal.o [1]
  .text              ro code  0x002eacfc       0x2  stm32f7xx_hal_tim.o [1]
  .text              ro code  0x002eacfe       0x2  stm32f7xx_hal_tim.o [1]
  .text              ro code  0x002ead00       0x2  stm32f7xx_hal_tim_ex.o [1]
  .text              ro code  0x002ead02       0x2  stm32f7xx_hal_tim.o [1]
  .text              ro code  0x002ead04       0x2  stm32f7xx_hal_tim_ex.o [1]
  .text              ro code  0x002ead08     0x16c  stm32f7xx_ll_fmc.o [1]
  .rodata            const    0x002eae74     0x5f0  rgb.o [1]
  .rodata            const    0x002eb464     0x474  rgb.o [1]
  .text              ro code  0x002eb8d8     0x228  main.o [1]
  .text              ro code  0x002ebb00      0x2a  stm32f7xx_hal.o [1]
  .text              ro code  0x002ebb2c      0x40  sprintf.o [3]
  .text              ro code  0x002ebb6c      0x6c  system_stm32f7xx.o [1]
  .text              ro code  0x002ebbd8      0x40  zero_init3.o [5]
  .rodata            const    0x002ebc18      0x30  main.o [1]
  .rodata            const    0x002ebc48      0x2c  main.o [1]
  .text              ro code  0x002ebc74      0x2c  copy_init3.o [5]
  .text              ro code  0x002ebca0      0x28  data_init.o [5]
  .rodata            const    0x002ebcc8      0x24  main.o [1]
  .text              ro code  0x002ebcec      0x22  fpinit_M.o [4]
  .iar.init_table    const    0x002ebd10      0x2c  - Linker created -
  .text              ro code  0x002ebd3c      0x1a  cmain.o [5]
  .text              ro code  0x002ebd56       0x4  low_level_init.o [3]
  .text              ro code  0x002ebd5a       0x4  exit.o [3]
  .text              ro code  0x002ebd60       0xa  cexit.o [5]
  .text              ro code  0x002ebd6a      0x16  stm32f7xx_it.o [1]
  .text              ro code  0x002ebd80      0x10  stm32f7xx_hal.o [1]
  .text              ro code  0x002ebd90      0x16  xprout.o [3]
  .text              ro code  0x002ebda8       0xc  putchar.o [3]
  .rodata            const    0x002ebdb4      0x10  apollo.o [1]
  .rodata            const    0x002ebdc4      0x10  system_stm32f7xx.o [1]
  .text              ro code  0x002ebdd4      0x10  startup_stm32f767xx.o [1]
  .text              ro code  0x002ebde4       0xc  cstartup_M.o [5]
  .rodata            const    0x002ebdf0       0x8  system_stm32f7xx.o [1]
  .rodata            const    0x002ebdf8       0x4  xlocale_c.o [3]
  .text              ro code  0x002ebdfc       0x4  startup_stm32f767xx.o [1]
  .text              ro code  0x002ebe00       0x4  startup_stm32f767xx.o [1]
  .text              ro code  0x002ebe04       0x4  startup_stm32f767xx.o [1]
  .text              ro code  0x002ebe08       0x4  startup_stm32f767xx.o [1]
  .text              ro code  0x002ebe0c       0x4  startup_stm32f767xx.o [1]
  .text              ro code  0x002ebe10       0x4  startup_stm32f767xx.o [1]
  .text              ro code  0x002ebe14       0x4  startup_stm32f767xx.o [1]
  .text              ro code  0x002ebe18       0x4  startup_stm32f767xx.o [1]
  .text              ro code  0x002ebe1c       0x4  startup_stm32f767xx.o [1]
  .text              ro code  0x002ebe20       0x4  startup_stm32f767xx.o [1]
  .text              ro code  0x002ebe24       0x4  startup_stm32f767xx.o [1]
  .text              ro code  0x002ebe28       0x4  startup_stm32f767xx.o [1]
  .text              ro code  0x002ebe2c       0x4  startup_stm32f767xx.o [1]
  .text              ro code  0x002ebe30       0x4  startup_stm32f767xx.o [1]
  .text              ro code  0x002ebe34       0x4  startup_stm32f767xx.o [1]
  .text              ro code  0x002ebe38       0x4  startup_stm32f767xx.o [1]
  .text              ro code  0x002ebe3c       0x4  startup_stm32f767xx.o [1]
  .text              ro code  0x002ebe40       0x4  startup_stm32f767xx.o [1]
  .text              ro code  0x002ebe44       0x4  startup_stm32f767xx.o [1]
  .text              ro code  0x002ebe48       0x4  startup_stm32f767xx.o [1]
  .text              ro code  0x002ebe4c       0x4  startup_stm32f767xx.o [1]
  .text              ro code  0x002ebe50       0x4  startup_stm32f767xx.o [1]
  .text              ro code  0x002ebe54       0x4  startup_stm32f767xx.o [1]
  .text              ro code  0x002ebe58       0x4  startup_stm32f767xx.o [1]
  .text              ro code  0x002ebe5c       0x4  startup_stm32f767xx.o [1]
  .text              ro code  0x002ebe60       0x4  startup_stm32f767xx.o [1]
  .text              ro code  0x002ebe64       0x4  startup_stm32f767xx.o [1]
  .text              ro code  0x002ebe68       0x4  startup_stm32f767xx.o [1]
  .text              ro code  0x002ebe6c       0x4  startup_stm32f767xx.o [1]
  .text              ro code  0x002ebe70       0x4  startup_stm32f767xx.o [1]
  .text              ro code  0x002ebe74       0x4  startup_stm32f767xx.o [1]
  .text              ro code  0x002ebe78       0x4  startup_stm32f767xx.o [1]
  .text              ro code  0x002ebe7c       0x4  startup_stm32f767xx.o [1]
  .text              ro code  0x002ebe80       0x4  startup_stm32f767xx.o [1]
  .text              ro code  0x002ebe84       0x4  startup_stm32f767xx.o [1]
  .text              ro code  0x002ebe88       0x4  startup_stm32f767xx.o [1]
  .text              ro code  0x002ebe8c       0x4  startup_stm32f767xx.o [1]
  .text              ro code  0x002ebe90       0x4  startup_stm32f767xx.o [1]
  .text              ro code  0x002ebe94       0x4  startup_stm32f767xx.o [1]
  .text              ro code  0x002ebe98       0x4  startup_stm32f767xx.o [1]
  .text              ro code  0x002ebe9c       0x4  startup_stm32f767xx.o [1]
  .text              ro code  0x002ebea0       0x4  startup_stm32f767xx.o [1]
  .text              ro code  0x002ebea4       0x4  startup_stm32f767xx.o [1]
  .text              ro code  0x002ebea8       0x4  startup_stm32f767xx.o [1]
  .text              ro code  0x002ebeac       0x4  startup_stm32f767xx.o [1]
  .text              ro code  0x002ebeb0       0x4  startup_stm32f767xx.o [1]
  .text              ro code  0x002ebeb4       0x4  startup_stm32f767xx.o [1]
  .text              ro code  0x002ebeb8       0x4  startup_stm32f767xx.o [1]
  .text              ro code  0x002ebebc       0x4  startup_stm32f767xx.o [1]
  .text              ro code  0x002ebec0       0x4  startup_stm32f767xx.o [1]
  .text              ro code  0x002ebec4       0x4  startup_stm32f767xx.o [1]
  .text              ro code  0x002ebec8       0x4  startup_stm32f767xx.o [1]
  .text              ro code  0x002ebecc       0x4  startup_stm32f767xx.o [1]
  .text              ro code  0x002ebed0       0x4  startup_stm32f767xx.o [1]
  .text              ro code  0x002ebed4       0x4  startup_stm32f767xx.o [1]
  .text              ro code  0x002ebed8       0x4  startup_stm32f767xx.o [1]
  .text              ro code  0x002ebedc       0x4  startup_stm32f767xx.o [1]
  .text              ro code  0x002ebee0       0x4  startup_stm32f767xx.o [1]
  .text              ro code  0x002ebee4       0x4  startup_stm32f767xx.o [1]
  .text              ro code  0x002ebee8       0x4  startup_stm32f767xx.o [1]
  .text              ro code  0x002ebeec       0x4  startup_stm32f767xx.o [1]
  .text              ro code  0x002ebef0       0x4  startup_stm32f767xx.o [1]
  .text              ro code  0x002ebef4       0x4  startup_stm32f767xx.o [1]
  .text              ro code  0x002ebef8       0x4  startup_stm32f767xx.o [1]
  .text              ro code  0x002ebefc       0x4  startup_stm32f767xx.o [1]
  .text              ro code  0x002ebf00       0x4  startup_stm32f767xx.o [1]
  .text              ro code  0x002ebf04       0x4  startup_stm32f767xx.o [1]
  .text              ro code  0x002ebf08       0x4  startup_stm32f767xx.o [1]
  .text              ro code  0x002ebf0c       0x4  startup_stm32f767xx.o [1]
  .text              ro code  0x002ebf10       0x4  startup_stm32f767xx.o [1]
  .text              ro code  0x002ebf14       0x4  startup_stm32f767xx.o [1]
  .text              ro code  0x002ebf18       0x4  startup_stm32f767xx.o [1]
  .text              ro code  0x002ebf1c       0x4  startup_stm32f767xx.o [1]
  .text              ro code  0x002ebf20       0x4  startup_stm32f767xx.o [1]
  .text              ro code  0x002ebf24       0x4  startup_stm32f767xx.o [1]
  .text              ro code  0x002ebf28       0x4  startup_stm32f767xx.o [1]
  .text              ro code  0x002ebf2c       0x4  startup_stm32f767xx.o [1]
  .text              ro code  0x002ebf30       0x4  startup_stm32f767xx.o [1]
  .text              ro code  0x002ebf34       0x4  startup_stm32f767xx.o [1]
  .text              ro code  0x002ebf38       0x4  startup_stm32f767xx.o [1]
  .text              ro code  0x002ebf3c       0x4  startup_stm32f767xx.o [1]
  .text              ro code  0x002ebf40       0x4  startup_stm32f767xx.o [1]
  .text              ro code  0x002ebf44       0x4  startup_stm32f767xx.o [1]
  .text              ro code  0x002ebf48       0x4  startup_stm32f767xx.o [1]
  .text              ro code  0x002ebf4c       0x4  startup_stm32f767xx.o [1]
  .text              ro code  0x002ebf50       0x4  startup_stm32f767xx.o [1]
  .text              ro code  0x002ebf54       0x4  startup_stm32f767xx.o [1]
  .text              ro code  0x002ebf58       0x4  startup_stm32f767xx.o [1]
  .text              ro code  0x002ebf5c       0x4  startup_stm32f767xx.o [1]
  .text              ro code  0x002ebf60       0x4  startup_stm32f767xx.o [1]
  .text              ro code  0x002ebf64       0x4  startup_stm32f767xx.o [1]
  .text              ro code  0x002ebf68       0x4  startup_stm32f767xx.o [1]
  .text              ro code  0x002ebf6c       0x4  startup_stm32f767xx.o [1]
  .text              ro code  0x002ebf70       0x4  startup_stm32f767xx.o [1]
  .text              ro code  0x002ebf74       0x4  startup_stm32f767xx.o [1]
  .text              ro code  0x002ebf78       0x4  startup_stm32f767xx.o [1]
  .text              ro code  0x002ebf7c       0x4  startup_stm32f767xx.o [1]
  .text              ro code  0x002ebf80       0x4  startup_stm32f767xx.o [1]
  .text              ro code  0x002ebf84       0x4  startup_stm32f767xx.o [1]
  .text              ro code  0x002ebf88       0x4  startup_stm32f767xx.o [1]
  .text              ro code  0x002ebf8c       0x4  startup_stm32f767xx.o [1]
  .text              ro code  0x002ebf90       0x4  startup_stm32f767xx.o [1]
  .text              ro code  0x002ebf94       0x4  startup_stm32f767xx.o [1]
  .rodata            const    0x002ebf98       0x0  zero_init3.o [5]
  .rodata            const    0x002ebf98       0x0  copy_init3.o [5]
  Initializer bytes  const    0x002ebf98      0x90  <for P5 s0>
                            - 0x002ec028   0xebe30

"P4":                                       0x2000
  CSTACK                      0x20000000    0x2000  <Block>
    CSTACK           uninit   0x20000000    0x2000  <Block tail>
                            - 0x20002000    0x2000

"P5", part 1 of 2:                            0x90
  P5 s0                       0x20010000      0x90  <Init block>
    .data            inited   0x20010000      0x48  xfiles.o [3]
    .data            inited   0x20010048      0x38  xlocale_c.o [3]
    .data            inited   0x20010080       0x4  main.o [1]
    .data            inited   0x20010084       0x4  rgb.o [1]
    .data            inited   0x20010088       0x4  rgb.o [1]
    .data            inited   0x2001008c       0x4  system_stm32f7xx.o [1]
                            - 0x20010090      0x90

"P5", part 2 of 2:                           0x370
  .bss               zero     0x20010090      0xa8  rgb.o [1]
  .bss               zero     0x20010138      0x80  apollo.o [1]
  .bss               zero     0x200101b8      0x70  apollo.o [1]
  .bss               zero     0x20010228      0x50  xfiles.o [3]
  .bss               zero     0x20010278      0x48  apollo.o [1]
  .bss               zero     0x200102c0      0x40  apollo.o [1]
  .bss               zero     0x20010300      0x40  apollo.o [1]
  .bss               zero     0x20010340      0x34  apollo.o [1]
  .bss               zero     0x20010374      0x20  rgb.o [1]
  .bss               zero     0x20010394      0x1c  apollo.o [1]
  .bss               zero     0x200103b0      0x10  apollo.o [1]
  .bss               zero     0x200103c0      0x10  rgb.o [1]
  .bss               zero     0x200103d0       0xc  main.o [1]
  .bss               zero     0x200103dc       0x8  rgb.o [1]
  .bss               zero     0x200103e4       0x4  apollo.o [1]
  .bss               zero     0x200103e8       0x4  apollo.o [1]
  .bss               zero     0x200103ec       0x4  main.o [1]
  .bss               zero     0x200103f0       0x4  rgb.o [1]
  .bss               zero     0x200103f4       0x4  stm32f7xx_hal.o [1]
  .bss               zero     0x200103f8       0x4  xfail_s.o [3]
  .bss               zero     0x200103fc       0x2  main.o [1]
  .bss               zero     0x200103fe       0x1  apollo.o [1]
  .bss               zero     0x200103ff       0x1  rgb.o [1]
                            - 0x20010400     0x370

Absolute sections:                        0x1f4000
  .bss               zero     0xc0000000  0x1f4000  rgb.o [1]
                            - 0xc01f4000  0x1f4000


*******************************************************************************
*** INIT TABLE
***

          Address     Size
          -------     ----
Zero (__iar_zero_init3)
    2 destination ranges, total size 0x1f4370:
          0x20010090     0x370
          0xc0000000  0x1f4000

Copy (__iar_copy_init3)
    1 source range, total size 0x90:
          0x002ebf98      0x90
    1 destination range, total size 0x90:
          0x20010000      0x90



*******************************************************************************
*** MODULE SUMMARY
***

    Module                  ro code  ro data  rw data    rw data
                                                          (abs)
    ------                  -------  -------  -------    -------
D:\Apollo\gpio\Debug\Obj: [1]
    apollo.o                  2 272       16      545
    main.o                      552  924 620       22
    rgb.o                     2 668   18 248      237  2 048 000
    startup_stm32f767xx.o       932
    stm32f7xx_hal.o             136                 4
    stm32f7xx_hal_adc.o       1 134
    stm32f7xx_hal_cortex.o      456
    stm32f7xx_hal_dma.o          38
    stm32f7xx_hal_gpio.o        608
    stm32f7xx_hal_ltdc.o      1 140
    stm32f7xx_hal_pwr_ex.o      136
    stm32f7xx_hal_rcc.o       1 884
    stm32f7xx_hal_rcc_ex.o    2 036
    stm32f7xx_hal_sdram.o       162
    stm32f7xx_hal_tim.o       1 478
    stm32f7xx_hal_tim_ex.o        4
    stm32f7xx_hal_uart.o      2 258
    stm32f7xx_it.o               22
    stm32f7xx_ll_fmc.o          364
    system_stm32f7xx.o          108       28        4
    ------------------------------------------------------------
    Total:                   18 388  942 912      812  2 048 000

command line: [2]
    ------------------------------------------------------------
    Total:

dl7M_tlf.a: [3]
    abort.o                       6
    exit.o                        4
    low_level_init.o              4
    printf.o                     40
    putchar.o                    12
    sprintf.o                    64
    xfail_s.o                    68                 4
    xfiles.o                              72      152
    xlocale_c.o                  12       60       56
    xprintffull_nomb.o        3 558
    xprout.o                     22
    xsprout.o                    10
    ------------------------------------------------------------
    Total:                    3 800      132      212

m7M_tlv.a: [4]
    DblCmpGe.o                   46
    DblCmpLe.o                   46
    DblDiv.o                     18
    DblMul.o                     18
    DblSub.o                     18
    DblToS32.o                   14
    DblToU32.o                   14
    S32ToDbl.o                   14
    U32ToDbl.o                   14
    fpinit_M.o                   34
    frexp.o                     112
    ldexp.o                     260
    ------------------------------------------------------------
    Total:                      608

rt7M_tl.a: [5]
    ABImemcpy.o                 166
    I64DivMod.o                 238
    I64DivZer.o                   2
    cexit.o                      10
    cmain.o                      26
    copy_init3.o                 44
    cstartup_M.o                 12
    data_init.o                  40
    memchr.o                     88
    strchr.o                     22
    strlen.o                     54
    zero_init3.o                 64
    ------------------------------------------------------------
    Total:                      766

shb_l.a: [6]
    exit.o                       20
    ------------------------------------------------------------
    Total:                       20

    Gaps                         24        2
    Linker created                        44    8 192
----------------------------------------------------------------
    Grand Total:             23 606  943 090    9 216  2 048 000


*******************************************************************************
*** ENTRY LIST
***

Entry                      Address      Size  Type      Object
-----                      -------      ----  ----      ------
.iar.init_table$$Base   0x002ebd10             --   Gb  - Linker created -
.iar.init_table$$Limit  0x002ebd3c             --   Gb  - Linker created -
?main                   0x002ebd3d            Code  Gb  cmain.o [5]
ADC_Init                0x002ea47d     0x166  Code  Lc  stm32f7xx_hal_adc.o [1]
AHBPrescTable           0x002ebdc4      0x10  Data  Gb  system_stm32f7xx.o [1]
APBPrescTable           0x002ebdf0       0x8  Data  Gb  system_stm32f7xx.o [1]
APPOLO_RGB              0x002e76e5      0x84  Code  Gb  rgb.o [1]
BACK_COLOR              0x20010088       0x4  Data  Gb  rgb.o [1]
BusFault_Handler        0x002ebd6f       0x2  Code  Gb  stm32f7xx_it.o [1]
CPU_CACHE_Enable        0x002e87c9       0xc  Code  Gb  apollo.o [1]
CSTACK$$Base            0x20000000             --   Gb  - Linker created -
CSTACK$$Limit           0x20002000             --   Gb  - Linker created -
DebugMon_Handler        0x002ebd75       0x2  Code  Gb  stm32f7xx_it.o [1]
EXTI2_IRQHandler        0x002e8e2f      0x1e  Code  Gb  apollo.o [1]
EXTI3_IRQHandler        0x002e8e4d      0x1e  Code  Gb  apollo.o [1]
FMC_SDRAM_Init          0x002ead09      0x74  Code  Gb  stm32f7xx_ll_fmc.o [1]
FMC_SDRAM_ProgramRefreshRate
                        0x002eae69       0xc  Code  Gb  stm32f7xx_ll_fmc.o [1]
FMC_SDRAM_SendCommand   0x002eae19      0x50  Code  Gb  stm32f7xx_ll_fmc.o [1]
FMC_SDRAM_Timing_Init   0x002ead7d      0x96  Code  Gb  stm32f7xx_ll_fmc.o [1]
HAL_ADC_ConfigChannel   0x002ea2dd     0x1a0  Code  Gb  stm32f7xx_hal_adc.o [1]
HAL_ADC_Init            0x002ea195      0x64  Code  Gb  stm32f7xx_hal_adc.o [1]
HAL_ADC_Start           0x002ea1f9      0xe4  Code  Gb  stm32f7xx_hal_adc.o [1]
HAL_DMA_Abort_IT        0x002eaca9      0x26  Code  Gb  stm32f7xx_hal_dma.o [1]
HAL_Delay               0x002eac67      0x1a  Code  Wk  stm32f7xx_hal.o [1]
HAL_GPIO_Init           0x002e7bdd     0x1fa  Code  Gb  stm32f7xx_hal_gpio.o [1]
HAL_GPIO_ReadPin        0x002e7dd7      0x12  Code  Gb  stm32f7xx_hal_gpio.o [1]
HAL_GPIO_WritePin       0x002e7de9      0x14  Code  Gb  stm32f7xx_hal_gpio.o [1]
HAL_GetTick             0x002e8631       0xc  Code  Wk  stm32f7xx_hal.o [1]
HAL_IncTick             0x002ebd81      0x10  Code  Wk  stm32f7xx_hal.o [1]
HAL_Init                0x002ebb01      0x22  Code  Gb  stm32f7xx_hal.o [1]
HAL_InitTick            0x002eacd5      0x28  Code  Wk  stm32f7xx_hal.o [1]
HAL_LTDC_ConfigLayer    0x002e7895      0x52  Code  Gb  stm32f7xx_hal_ltdc.o [1]
HAL_LTDC_Init           0x002e7769     0x12c  Code  Gb  stm32f7xx_hal_ltdc.o [1]
HAL_LTDC_MspInit        0x002e7565     0x110  Code  Gb  rgb.o [1]
HAL_LTDC_SetWindowPosition
                        0x002e7945      0x56  Code  Gb  stm32f7xx_hal_ltdc.o [1]
HAL_LTDC_SetWindowSize  0x002e78e7      0x5e  Code  Gb  stm32f7xx_hal_ltdc.o [1]
HAL_MPU_ConfigRegion    0x002ea107      0x58  Code  Gb  stm32f7xx_hal_cortex.o [1]
HAL_MPU_Disable         0x002ea0d1      0x18  Code  Gb  stm32f7xx_hal_cortex.o [1]
HAL_MPU_Enable          0x002ea0e9      0x1e  Code  Gb  stm32f7xx_hal_cortex.o [1]
HAL_NVIC_EnableIRQ      0x002ea0bf       0xa  Code  Gb  stm32f7xx_hal_cortex.o [1]
HAL_NVIC_SetPriority    0x002ea09d      0x22  Code  Gb  stm32f7xx_hal_cortex.o [1]
HAL_NVIC_SetPriorityGrouping
                        0x002ea095       0x8  Code  Gb  stm32f7xx_hal_cortex.o [1]
HAL_PWREx_EnableOverDrive
                        0x002e9f45      0x7a  Code  Gb  stm32f7xx_hal_pwr_ex.o [1]
HAL_RCCEx_PeriphCLKConfig
                        0x002e7e3d     0x7c8  Code  Gb  stm32f7xx_hal_rcc_ex.o [1]
HAL_RCC_ClockConfig     0x002e9c97     0x1a2  Code  Gb  stm32f7xx_hal_rcc.o [1]
HAL_RCC_GetHCLKFreq     0x002e9ec5       0x6  Code  Gb  stm32f7xx_hal_rcc.o [1]
HAL_RCC_GetPCLK1Freq    0x002e9ecb      0x20  Code  Gb  stm32f7xx_hal_rcc.o [1]
HAL_RCC_GetPCLK2Freq    0x002e9eeb      0x20  Code  Gb  stm32f7xx_hal_rcc.o [1]
HAL_RCC_GetSysClockFreq
                        0x002e9e39      0x8c  Code  Gb  stm32f7xx_hal_rcc.o [1]
HAL_RCC_OscConfig       0x002e97e9     0x4ae  Code  Gb  stm32f7xx_hal_rcc.o [1]
HAL_SDRAM_Init          0x002eabc5      0x44  Code  Gb  stm32f7xx_hal_sdram.o [1]
HAL_SDRAM_MspInit       0x002e8bf5      0xec  Code  Gb  apollo.o [1]
HAL_SDRAM_ProgramRefreshRate
                        0x002eac41      0x26  Code  Gb  stm32f7xx_hal_sdram.o [1]
HAL_SDRAM_SendCommand   0x002eac09      0x38  Code  Gb  stm32f7xx_hal_sdram.o [1]
HAL_SYSTICK_Config      0x002ea0c9       0x8  Code  Gb  stm32f7xx_hal_cortex.o [1]
HAL_TIMEx_BreakCallback
                        0x002ead01       0x2  Code  Wk  stm32f7xx_hal_tim_ex.o [1]
HAL_TIMEx_CommutationCallback
                        0x002ead05       0x2  Code  Wk  stm32f7xx_hal_tim_ex.o [1]
HAL_TIM_IC_CaptureCallback
                        0x002e8db9      0x76  Code  Gb  apollo.o [1]
HAL_TIM_IC_ConfigChannel
                        0x002ea839      0xd4  Code  Gb  stm32f7xx_hal_tim.o [1]
HAL_TIM_IC_Init         0x002ea605      0x38  Code  Gb  stm32f7xx_hal_tim.o [1]
HAL_TIM_IC_MspInit      0x002e8acd      0x7c  Code  Gb  apollo.o [1]
HAL_TIM_IC_Start_IT     0x002ea63d      0x68  Code  Gb  stm32f7xx_hal_tim.o [1]
HAL_TIM_IRQHandler      0x002ea6a5     0x194  Code  Gb  stm32f7xx_hal_tim.o [1]
HAL_TIM_PeriodElapsedCallback
                        0x002e8d69      0x3c  Code  Gb  apollo.o [1]
HAL_TIM_ReadCapturedValue
                        0x002ea90d      0x48  Code  Gb  stm32f7xx_hal_tim.o [1]
HAL_UART_IRQHandler     0x002e9067     0x146  Code  Gb  stm32f7xx_hal_uart.o [1]
HAL_UART_Init           0x002e8f1d      0x7e  Code  Gb  stm32f7xx_hal_uart.o [1]
HAL_UART_MspInit        0x002e8993      0xf0  Code  Gb  apollo.o [1]
HAL_UART_Transmit       0x002e8f9b      0xcc  Code  Gb  stm32f7xx_hal_uart.o [1]
HardFault_Handler       0x002ebd6d       0x2  Code  Gb  stm32f7xx_it.o [1]
IADC                    0x20010278      0x48  Data  Gb  apollo.o [1]
IC_Config               0x200103b0      0x10  Data  Gb  apollo.o [1]
IC_init                 0x002e8a83      0x4a  Code  Gb  apollo.o [1]
ISDRAM                  0x20010340      0x34  Data  Gb  apollo.o [1]
ISDRAM_Timing           0x20010394      0x1c  Data  Gb  apollo.o [1]
ITIM                    0x200102c0      0x40  Data  Gb  apollo.o [1]
ITIM5                   0x20010300      0x40  Data  Gb  apollo.o [1]
IUART                   0x200101b8      0x70  Data  Gb  apollo.o [1]
KEY_init                0x002e875f      0x42  Code  Gb  apollo.o [1]
LCD_Init                0x002e6cfd      0x1c  Code  Gb  rgb.o [1]
LCD_ShowChar            0x002e73cd     0x140  Code  Gb  rgb.o [1]
LCD_ShowString          0x002e735f      0x6e  Code  Gb  rgb.o [1]
LED_init                0x002e86e7      0x40  Code  Gb  apollo.o [1]
LED_off                 0x002e8743      0x1c  Code  Gb  apollo.o [1]
LED_on                  0x002e8727      0x1c  Code  Gb  apollo.o [1]
LTDC_Clear              0x002e7207      0x22  Code  Gb  rgb.o [1]
LTDC_Clk_Set            0x002e733d      0x22  Code  Gb  rgb.o [1]
LTDC_Display_Dir        0x002e71b9      0x46  Code  Gb  rgb.o [1]
LTDC_Draw_Point         0x002e750d      0x58  Code  Gb  rgb.o [1]
LTDC_Fill               0x002e7229     0x114  Code  Gb  rgb.o [1]
LTDC_Fill::timeout      0x200103f0       0x4  Data  Lc  rgb.o [1]
LTDC_Handler            0x20010090      0xa8  Data  Gb  rgb.o [1]
LTDC_Init               0x002e6d19     0x31e  Code  Gb  rgb.o [1]
LTDC_Layer_Parameter_Config
                        0x002e710b      0x80  Code  Gb  rgb.o [1]
LTDC_Layer_Window_Config
                        0x002e718b      0x2e  Code  Gb  rgb.o [1]
LTDC_PanelID_Read       0x002e7037      0xd4  Code  Gb  rgb.o [1]
LTDC_Select_Layer       0x002e71ff       0x8  Code  Gb  rgb.o [1]
LTDC_SetConfig          0x002e799b     0x238  Code  Lc  stm32f7xx_hal_ltdc.o [1]
LoadInt                 0x002e4e5f      0x7a  Code  Lc  xprintffull_nomb.o [3]
MPU_init                0x002e88e7      0x12  Code  Gb  apollo.o [1]
MPU_set_protection      0x002e8899      0x4e  Code  Gb  apollo.o [1]
MemManage_Handler       0x002e8e75       0xe  Code  Gb  apollo.o [1]
NMI_Handler             0x002ebd6b       0x2  Code  Gb  stm32f7xx_it.o [1]
NVIC_EnableIRQ          0x002e9ff3      0x14  Code  Lc  stm32f7xx_hal_cortex.o [1]
NVIC_EncodePriority     0x002ea029      0x3e  Code  Lc  stm32f7xx_hal_cortex.o [1]
NVIC_GetPriorityGrouping
                        0x002e9fe9       0xa  Code  Lc  stm32f7xx_hal_cortex.o [1]
NVIC_SetPriority        0x002ea007      0x22  Code  Lc  stm32f7xx_hal_cortex.o [1]
NVIC_SetPriorityGrouping
                        0x002e9fcd      0x1c  Code  Lc  stm32f7xx_hal_cortex.o [1]
NVIC_SystemReset        0x002e863d      0x22  Code  Lc  apollo.o [1]
POINT_COLOR             0x20010084       0x4  Data  Gb  rgb.o [1]
PendSV_Handler          0x002ebd77       0x2  Code  Gb  stm32f7xx_it.o [1]
Region$$Table$$Base     0x002ebd10             --   Gb  - Linker created -
Region$$Table$$Limit    0x002ebd3c             --   Gb  - Linker created -
SCB_EnableDCache        0x002e8689      0x5e  Code  Lc  apollo.o [1]
SCB_EnableICache        0x002e865f      0x2a  Code  Lc  apollo.o [1]
SDRAM_Initialization_Sequence
                        0x002e8ce1      0x4a  Code  Gb  apollo.o [1]
SDRAM_Send_Cmd          0x002e8d2b      0x3e  Code  Gb  apollo.o [1]
SDRAM_init              0x002e8b49      0xac  Code  Gb  apollo.o [1]
SVC_Handler             0x002ebd73       0x2  Code  Gb  stm32f7xx_it.o [1]
SysTick_Config          0x002ea067      0x2e  Code  Lc  stm32f7xx_hal_cortex.o [1]
SysTick_Handler         0x002ebd79       0x8  Code  Gb  stm32f7xx_it.o [1]
SystemClock_Config      0x002e87d5      0xae  Code  Gb  apollo.o [1]
SystemCoreClock         0x2001008c       0x4  Data  Gb  system_stm32f7xx.o [1]
SystemInit              0x002ebb6d      0x4c  Code  Gb  system_stm32f7xx.o [1]
TEMP_init               0x002e88f9      0x9a  Code  Gb  apollo.o [1]
TIM3_IRQHandler         0x002e8da5       0xa  Code  Gb  apollo.o [1]
TIM5_IRQHandler         0x002e8daf       0xa  Code  Gb  apollo.o [1]
TIM_Base_SetConfig      0x002ea955      0xec  Code  Gb  stm32f7xx_hal_tim.o [1]
TIM_CCxChannelCmd       0x002eaba7      0x1e  Code  Gb  stm32f7xx_hal_tim.o [1]
TIM_TI1_SetConfig       0x002eaa41      0x7e  Code  Gb  stm32f7xx_hal_tim.o [1]
TIM_TI2_SetConfig       0x002eaaed      0x3e  Code  Lc  stm32f7xx_hal_tim.o [1]
TIM_TI3_SetConfig       0x002eab2b      0x3e  Code  Lc  stm32f7xx_hal_tim.o [1]
TIM_TI4_SetConfig       0x002eab69      0x3e  Code  Lc  stm32f7xx_hal_tim.o [1]
UART_AdvFeatureConfig   0x002e96c5      0xda  Code  Gb  stm32f7xx_hal_uart.o [1]
UART_CheckIdleState     0x002e979f      0x4a  Code  Gb  stm32f7xx_hal_uart.o [1]
UART_DMAAbortOnError    0x002e921d      0x16  Code  Lc  stm32f7xx_hal_uart.o [1]
UART_EndRxTransfer      0x002e9341      0x20  Code  Lc  stm32f7xx_hal_uart.o [1]
UART_EndTransmit_IT     0x002e929f      0x1c  Code  Lc  stm32f7xx_hal_uart.o [1]
UART_Receive_IT         0x002e92bb      0x86  Code  Lc  stm32f7xx_hal_uart.o [1]
UART_SetConfig          0x002e9361     0x330  Code  Gb  stm32f7xx_hal_uart.o [1]
UART_Transmit_IT        0x002e9233      0x6c  Code  Lc  stm32f7xx_hal_uart.o [1]
UART_WaitOnFlagUntilTimeout
                        0x002e91ad      0x6e  Code  Gb  stm32f7xx_hal_uart.o [1]
UART_init               0x002e87a1      0x28  Code  Gb  apollo.o [1]
USART2_IRQHandler       0x002e8e6b       0xa  Code  Gb  apollo.o [1]
UsageFault_Handler      0x002ebd71       0x2  Code  Gb  stm32f7xx_it.o [1]
_GenldFullNoMb          0x002e57c3     0x256  Code  Lc  xprintffull_nomb.o [3]
_LdtobFullNoMb          0x002e539b     0x3fe  Code  Lc  xprintffull_nomb.o [3]
_LitobFullNoMb          0x002e524b     0x10a  Code  Lc  xprintffull_nomb.o [3]
_Locale_lconv           0x20010048      0x38  Data  Lc  xlocale_c.o [3]
_PrintfFullNoMb         0x002e4cc1     0x190  Code  Gb  xprintffull_nomb.o [3]
_Prout                  0x002ebd91      0x16  Code  Gb  xprout.o [3]
_PutcharsFullNoMb       0x002e5a19      0x2e  Code  Lc  xprintffull_nomb.o [3]
_PutfldFullNoMb         0x002e4ed9     0x264  Code  Lc  xprintffull_nomb.o [3]
_PuttxtFullNoMb         0x002e513d     0x10e  Code  Lc  xprintffull_nomb.o [3]
_SProut                 0x002e5aa7       0xa  Code  Gb  xsprout.o [3]
__aeabi_cdcmple         0x002e5db5            Code  Gb  DblCmpLe.o [4]
__aeabi_cdrcmple        0x002e5de5            Code  Gb  DblCmpGe.o [4]
__aeabi_d2iz            0x002e5f19       0xe  Code  Gb  DblToS32.o [4]
__aeabi_d2uiz           0x002e5f59       0xe  Code  Gb  DblToU32.o [4]
__aeabi_ddiv            0x002e5f47      0x12  Code  Gb  DblDiv.o [4]
__aeabi_dmul            0x002e5c8b      0x12  Code  Gb  DblMul.o [4]
__aeabi_dsub            0x002e5f35      0x12  Code  Gb  DblSub.o [4]
__aeabi_i2d             0x002e5f27       0xe  Code  Gb  S32ToDbl.o [4]
__aeabi_ldiv0           0x002e5f89            Code  Gb  I64DivZer.o [5]
__aeabi_memcpy          0x002e5c9d            Code  Gb  ABImemcpy.o [5]
__aeabi_memcpy4         0x002e5cbd            Code  Gb  ABImemcpy.o [5]
__aeabi_memcpy8         0x002e5cbd            Code  Gb  ABImemcpy.o [5]
__aeabi_ui2d            0x002e5f67       0xe  Code  Gb  U32ToDbl.o [4]
__aeabi_uldivmod        0x002e5b9d            Code  Gb  I64DivMod.o [5]
__cmain                 0x002ebd3d            Code  Gb  cmain.o [5]
__exit                  0x002e5f8d      0x14  Code  Gb  exit.o [6]
__iar_Fail_s            0x002e5ac9      0x1e  Code  Gb  xfail_s.o [3]
__iar_Memchr            0x002e5b45            Code  Gb  memchr.o [5]
__iar_Stdout            0x20010000      0x48  Data  Gb  xfiles.o [3]
__iar_Strchr            0x002e5ab1            Code  Gb  strchr.o [5]
__iar_copy_init3        0x002ebc75      0x2c  Code  Gb  copy_init3.o [5]
__iar_data_init3        0x002ebca1      0x28  Code  Gb  data_init.o [5]
__iar_frexp             0x002e5d51            Code  Gb  frexp.o [4]
__iar_frexpl            0x002e5d51            Code  Gb  frexp.o [4]
__iar_init_vfp          0x002ebced            Code  Gb  fpinit_M.o [4]
__iar_ldexp64           0x002e5e29            Code  Gb  ldexp.o [4]
__iar_program_start     0x002ebde5            Code  Gb  cstartup_M.o [5]
__iar_scalbln64         0x002e5e29            Code  Gb  ldexp.o [4]
__iar_scalbn64          0x002e5e29            Code  Gb  ldexp.o [4]
__iar_softfp___iar_frexp64
                        0x002e5d45            Code  Gb  frexp.o [4]
__iar_softfp___iar_ldexp64
                        0x002e5e15            Code  Gb  ldexp.o [4]
__iar_softfp___iar_scalbln64
                        0x002e5e15            Code  Gb  ldexp.o [4]
__iar_softfp___iar_scalbn64
                        0x002e5e15            Code  Gb  ldexp.o [4]
__iar_softfp_frexp      0x002e5d45            Code  Gb  frexp.o [4]
__iar_softfp_frexpl     0x002e5d45            Code  Gb  frexp.o [4]
__iar_softfp_ldexp      0x002e5e15            Code  Gb  ldexp.o [4]
__iar_softfp_ldexpl     0x002e5e15            Code  Gb  ldexp.o [4]
__iar_softfp_scalbln    0x002e5e15            Code  Gb  ldexp.o [4]
__iar_softfp_scalblnl   0x002e5e15            Code  Gb  ldexp.o [4]
__iar_softfp_scalbn     0x002e5e15            Code  Gb  ldexp.o [4]
__iar_softfp_scalbnl    0x002e5e15            Code  Gb  ldexp.o [4]
__iar_systems$$module {Abs}
                        0x00000001            Data  Gb  command line/config [2]
__iar_zero_init3        0x002ebbd9      0x40  Code  Gb  zero_init3.o [5]
__low_level_init        0x002ebd57       0x4  Code  Gb  low_level_init.o [3]
__vector_table          0x00200000            Data  Gb  startup_stm32f767xx.o [1]
_call_main              0x002ebd49            Code  Gb  cmain.o [5]
_exit                   0x002ebd61            Code  Gb  cexit.o [5]
_main                   0x002ebd53            Code  Gb  cmain.o [5]
abort                   0x002e5f81       0x6  Code  Gb  abort.o [3]
asc2_1206               0x002eb464     0x474  Data  Lc  rgb.o [1]
asc2_1608               0x002eae74     0x5f0  Data  Lc  rgb.o [1]
asc2_2412               0x002e5fa0     0xd5c  Data  Lc  rgb.o [1]
asc2_3216               0x002e1d40    0x2f80  Data  Lc  rgb.o [1]
exit                    0x002ebd5b       0x4  Code  Gb  exit.o [3]
fputc                   0x002e8883      0x16  Code  Gb  apollo.o [1]
gImage_test1            0x002afe80   0x31ec0  Data  Gb  main.o [1]
gImage_xiong            0x002001f8   0xafc88  Data  Gb  main.o [1]
ic_state                0x200103fe       0x1  Data  Gb  apollo.o [1]
ic_value                0x200103e8       0x4  Data  Gb  apollo.o [1]
lcddev                  0x200103c0      0x10  Data  Gb  rgb.o [1]
lcdltdc                 0x20010374      0x20  Data  Gb  rgb.o [1]
ldexp                   0x002e5e29            Code  Gb  ldexp.o [4]
ldexpl                  0x002e5e29            Code  Gb  ldexp.o [4]
led_flag                0x200103e4       0x4  Data  Gb  apollo.o [1]
localeconv              0x002e5f75       0x4  Code  Gb  xlocale_c.o [3]
ltdc_framebuf           0x200103dc       0x8  Data  Gb  rgb.o [1]
ltdc_lcd_framebuf       0xc0000000  0x1f4000  Data  Gb  rgb.o [1]
main                    0x002eb8d9     0x228  Code  Gb  main.o [1]
main::piex              0x200103fc       0x2  Data  Lc  main.o [1]
main::uitemp            0x200103d0       0xc  Data  Lc  main.o [1]
memchr                  0x002e5b45            Code  Gb  memchr.o [5]
mpudata                 0x20010080       0x4  Data  Gb  main.o [1]
mpup                    0x200103ec       0x4  Data  Gb  main.o [1]
obuf                    0x20010228      0x50  Data  Lc  xfiles.o [3]
printf                  0x002eac81      0x28  Code  Gb  printf.o [3]
putchar                 0x002ebda9       0xc  Code  Gb  putchar.o [3]
ret                     0x200103ff       0x1  Data  Gb  rgb.o [1]
rstr                    0x20010138      0x80  Data  Gb  apollo.o [1]
scalbln                 0x002e5e29            Code  Gb  ldexp.o [4]
scalblnl                0x002e5e29            Code  Gb  ldexp.o [4]
scalbn                  0x002e5e29            Code  Gb  ldexp.o [4]
scalbnl                 0x002e5e29            Code  Gb  ldexp.o [4]
scale                   0x002e5355      0x46  Code  Lc  xprintffull_nomb.o [3]
sec_hand                0x200103f8       0x4  Data  Lc  xfail_s.o [3]
sprintf                 0x002ebb2d      0x40  Code  Gb  sprintf.o [3]
strchr                  0x002e5ab1            Code  Gb  strchr.o [5]
strlen                  0x002e5b0d            Code  Gb  strlen.o [5]
uwTick                  0x200103f4       0x4  Data  Gb  stm32f7xx_hal.o [1]


[1] = D:\Apollo\gpio\Debug\Obj
[2] = command line
[3] = dl7M_tlf.a
[4] = m7M_tlv.a
[5] = rt7M_tl.a
[6] = shb_l.a

   23 606 bytes of readonly  code memory
  943 090 bytes of readonly  data memory
    9 216 bytes of readwrite data memory (+ 2 048 000 absolute)

Errors: none
Warnings: none
