###############################################################################
#
# IAR ELF Linker V8.11.1.13263/W32 for ARM                03/May/2017  21:10:32
# Copyright 2007-2017 IAR Systems AB.
#
#    Output file  =  D:\Apollo\gpio\Debug\Exe\gpio.out
#    Map file     =  D:\Apollo\gpio\Debug\List\gpio.map
#    Command line =  
#        -f C:\Users\iysheng\AppData\Local\Temp\EW47E3.tmp
#        (D:\Apollo\gpio\Debug\Obj\apollo.o D:\Apollo\gpio\Debug\Obj\main.o
#        D:\Apollo\gpio\Debug\Obj\rgb.o
#        D:\Apollo\gpio\Debug\Obj\startup_stm32f767xx.o
#        D:\Apollo\gpio\Debug\Obj\stm32f7xx_hal.o
#        D:\Apollo\gpio\Debug\Obj\stm32f7xx_hal_adc.o
#        D:\Apollo\gpio\Debug\Obj\stm32f7xx_hal_cortex.o
#        D:\Apollo\gpio\Debug\Obj\stm32f7xx_hal_dma.o
#        D:\Apollo\gpio\Debug\Obj\stm32f7xx_hal_gpio.o
#        D:\Apollo\gpio\Debug\Obj\stm32f7xx_hal_ltdc.o
#        D:\Apollo\gpio\Debug\Obj\stm32f7xx_hal_pwr_ex.o
#        D:\Apollo\gpio\Debug\Obj\stm32f7xx_hal_rcc.o
#        D:\Apollo\gpio\Debug\Obj\stm32f7xx_hal_rcc_ex.o
#        D:\Apollo\gpio\Debug\Obj\stm32f7xx_hal_sdram.o
#        D:\Apollo\gpio\Debug\Obj\stm32f7xx_hal_tim.o
#        D:\Apollo\gpio\Debug\Obj\stm32f7xx_hal_tim_ex.o
#        D:\Apollo\gpio\Debug\Obj\stm32f7xx_hal_uart.o
#        D:\Apollo\gpio\Debug\Obj\stm32f7xx_it.o
#        D:\Apollo\gpio\Debug\Obj\stm32f7xx_ll_fmc.o
#        D:\Apollo\gpio\Debug\Obj\system_stm32f7xx.o
#        D:\Apollo\gpio\Debug\Obj\touch.o -o D:\Apollo\gpio\Debug\Exe\gpio.out
#        --redirect _Printf=_PrintfFullNoMb --redirect _Scanf=_ScanfFullNoMb
#        --map D:\Apollo\gpio\Debug\List\gpio.map --config "D:\Program Files
#        (x86)\IAR Systems\Embedded Workbench
#        8.0\arm\config\linker\ST\stm32f767xG.icf" --semihosting --entry
#        __iar_program_start --vfe --text_out locale)
#
###############################################################################

*******************************************************************************
*** RUNTIME MODEL ATTRIBUTES
***

CppFlavor       = *
__SystemLibrary = DLib
__dlib_version  = 6


*******************************************************************************
*** HEAP SELECTION
***

The basic heap was selected because no calls to memory allocation
functions were found in the application outside of system library
functions, and there are calls to deallocation functions in the
application.


*******************************************************************************
*** PLACEMENT SUMMARY
***

"A0":  place at 0x00200000 { ro section .intvec };
"P1":  place in [from 0x00200000 to 0x002fffff] { ro };
"P4":  place in [from 0x20000000 to 0x2000ffff] { block CSTACK };
"P5":  place in [from 0x20010000 to 0x2004bfff] |
                [from 0x2004c000 to 0x2004ffff] { rw, block HEAP };
initialize by copy { rw };

  Section            Kind        Address      Size  Object
  -------            ----        -------      ----  ------
"A0":                                        0x1f8
  .intvec            ro code  0x00200000     0x1f8  startup_stm32f767xx.o [1]
                            - 0x002001f8     0x1f8

"P1":                                       0x5344
  .text              ro code  0x002001f8     0xde6  xprintffull_nomb.o [3]
  .text              ro code  0x00200fde       0xa  xsprout.o [3]
  .text              ro code  0x00200fe8      0x16  strchr.o [5]
  .text              ro code  0x00201000      0x44  xfail_s.o [3]
  .text              ro code  0x00201044      0x36  strlen.o [5]
  .text              ro code  0x0020107c      0x58  memchr.o [5]
  .text              ro code  0x002010d4      0xee  I64DivMod.o [5]
  .text              ro code  0x002011c2      0x12  DblMul.o [4]
  .text              ro code  0x002011d4      0xa6  ABImemcpy.o [5]
  .text              ro code  0x0020127c      0x70  frexp.o [4]
  .text              ro code  0x002012ec      0x2e  DblCmpLe.o [4]
  .text              ro code  0x0020131c      0x2e  DblCmpGe.o [4]
  .text              ro code  0x0020134c     0x104  ldexp.o [4]
  .text              ro code  0x00201450       0xe  DblToS32.o [4]
  .text              ro code  0x0020145e       0xe  S32ToDbl.o [4]
  .text              ro code  0x0020146c      0x12  DblSub.o [4]
  .text              ro code  0x0020147e      0x12  DblDiv.o [4]
  .text              ro code  0x00201490       0xe  DblToU32.o [4]
  .text              ro code  0x0020149e       0xe  U32ToDbl.o [4]
  .text              ro code  0x002014ac       0xc  xlocale_c.o [3]
  .text              ro code  0x002014b8       0x6  abort.o [3]
  .text              ro code  0x002014c0       0x2  I64DivZer.o [5]
  .text              ro code  0x002014c4      0x14  exit.o [6]
  .text              ro code  0x002014d8     0x9a4  apollo.o [1]
  .text              ro code  0x00201e7c     0x26c  stm32f7xx_hal_gpio.o [1]
  .text              ro code  0x002020e8     0x8cc  stm32f7xx_hal_uart.o [1]
  .text              ro code  0x002029b4     0x75c  stm32f7xx_hal_rcc.o [1]
  .text              ro code  0x00203110      0x88  stm32f7xx_hal_pwr_ex.o [1]
  .text              ro code  0x00203198     0x49a  stm32f7xx_hal_dma.o [1]
  .text              ro code  0x00203634     0x124  stm32f7xx_hal_cortex.o [1]
  .text              ro code  0x00203758     0x53a  stm32f7xx_hal_adc.o [1]
  .text              ro code  0x00203c94      0x66  ABImemset.o [5]
  .text              ro code  0x00203cfc     0x858  stm32f7xx_hal_tim.o [1]
  .text              ro code  0x00204554     0x268  stm32f7xx_hal_tim_ex.o [1]
  .text              ro code  0x002047bc       0xc  stm32f7xx_hal.o [1]
  .text              ro code  0x002047c8     0x5d8  touch.o [1]
  .text              ro code  0x00204da0      0x28  printf.o [3]
  .text              ro code  0x00204dc8       0x2  stm32f7xx_hal_uart.o [1]
  .text              ro code  0x00204dca       0x2  stm32f7xx_hal_uart.o [1]
  .text              ro code  0x00204dcc       0x2  stm32f7xx_hal_uart.o [1]
  .text              ro code  0x00204dd0      0x28  stm32f7xx_hal.o [1]
  .text              ro code  0x00204df8       0x2  stm32f7xx_hal_adc.o [1]
  .text              ro code  0x00204dfa       0x2  stm32f7xx_hal_adc.o [1]
  .text              ro code  0x00204dfc       0x2  stm32f7xx_hal_tim.o [1]
  .text              ro code  0x00204dfe       0x2  stm32f7xx_hal_tim.o [1]
  .text              ro code  0x00204e00       0x2  stm32f7xx_hal_tim_ex.o [1]
  .text              ro code  0x00204e02       0x2  stm32f7xx_hal_tim.o [1]
  .text              ro code  0x00204e04       0x2  stm32f7xx_hal_tim_ex.o [1]
  .text              ro code  0x00204e06      0x1a  stm32f7xx_hal.o [1]
  .text              ro code  0x00204e20     0x1bc  main.o [1]
  .text              ro code  0x00204fdc      0x2a  stm32f7xx_hal.o [1]
  .text              ro code  0x00205008      0x40  sprintf.o [3]
  .text              ro code  0x00205048      0x6c  system_stm32f7xx.o [1]
  .text              ro code  0x002050b4      0x40  zero_init3.o [5]
  .rodata            const    0x002050f4      0x30  main.o [1]
  .rodata            const    0x00205124      0x2c  main.o [1]
  .text              ro code  0x00205150      0x2c  copy_init3.o [5]
  .text              ro code  0x0020517c      0x28  data_init.o [5]
  .text              ro code  0x002051a4      0x22  fpinit_M.o [4]
  .iar.init_table    const    0x002051c8      0x2c  - Linker created -
  .rodata            const    0x002051f4      0x20  main.o [1]
  .text              ro code  0x00205214      0x1a  cmain.o [5]
  .text              ro code  0x0020522e       0x4  low_level_init.o [3]
  .text              ro code  0x00205232       0x4  exit.o [3]
  .text              ro code  0x00205238       0xa  cexit.o [5]
  .text              ro code  0x00205242      0x16  stm32f7xx_it.o [1]
  .text              ro code  0x00205258      0x10  stm32f7xx_hal.o [1]
  .text              ro code  0x00205268      0x16  xprout.o [3]
  .text              ro code  0x00205280       0xc  putchar.o [3]
  .rodata            const    0x0020528c      0x10  apollo.o [1]
  .rodata            const    0x0020529c      0x10  system_stm32f7xx.o [1]
  .text              ro code  0x002052ac      0x10  startup_stm32f767xx.o [1]
  .rodata            const    0x002052bc       0xc  touch.o [1]
  .rodata            const    0x002052c8       0xc  touch.o [1]
  .text              ro code  0x002052d4       0xc  cstartup_M.o [5]
  .rodata            const    0x002052e0       0x8  main.o [1]
  .rodata            const    0x002052e8       0x8  stm32f7xx_hal_dma.o [1]
  .rodata            const    0x002052f0       0x8  system_stm32f7xx.o [1]
  .rodata            const    0x002052f8       0x4  xlocale_c.o [3]
  .text              ro code  0x002052fc       0x4  startup_stm32f767xx.o [1]
  .text              ro code  0x00205300       0x4  startup_stm32f767xx.o [1]
  .text              ro code  0x00205304       0x4  startup_stm32f767xx.o [1]
  .text              ro code  0x00205308       0x4  startup_stm32f767xx.o [1]
  .text              ro code  0x0020530c       0x4  startup_stm32f767xx.o [1]
  .text              ro code  0x00205310       0x4  startup_stm32f767xx.o [1]
  .text              ro code  0x00205314       0x4  startup_stm32f767xx.o [1]
  .text              ro code  0x00205318       0x4  startup_stm32f767xx.o [1]
  .text              ro code  0x0020531c       0x4  startup_stm32f767xx.o [1]
  .text              ro code  0x00205320       0x4  startup_stm32f767xx.o [1]
  .text              ro code  0x00205324       0x4  startup_stm32f767xx.o [1]
  .text              ro code  0x00205328       0x4  startup_stm32f767xx.o [1]
  .text              ro code  0x0020532c       0x4  startup_stm32f767xx.o [1]
  .text              ro code  0x00205330       0x4  startup_stm32f767xx.o [1]
  .text              ro code  0x00205334       0x4  startup_stm32f767xx.o [1]
  .text              ro code  0x00205338       0x4  startup_stm32f767xx.o [1]
  .text              ro code  0x0020533c       0x4  startup_stm32f767xx.o [1]
  .text              ro code  0x00205340       0x4  startup_stm32f767xx.o [1]
  .text              ro code  0x00205344       0x4  startup_stm32f767xx.o [1]
  .text              ro code  0x00205348       0x4  startup_stm32f767xx.o [1]
  .text              ro code  0x0020534c       0x4  startup_stm32f767xx.o [1]
  .text              ro code  0x00205350       0x4  startup_stm32f767xx.o [1]
  .text              ro code  0x00205354       0x4  startup_stm32f767xx.o [1]
  .text              ro code  0x00205358       0x4  startup_stm32f767xx.o [1]
  .text              ro code  0x0020535c       0x4  startup_stm32f767xx.o [1]
  .text              ro code  0x00205360       0x4  startup_stm32f767xx.o [1]
  .text              ro code  0x00205364       0x4  startup_stm32f767xx.o [1]
  .text              ro code  0x00205368       0x4  startup_stm32f767xx.o [1]
  .text              ro code  0x0020536c       0x4  startup_stm32f767xx.o [1]
  .text              ro code  0x00205370       0x4  startup_stm32f767xx.o [1]
  .text              ro code  0x00205374       0x4  startup_stm32f767xx.o [1]
  .text              ro code  0x00205378       0x4  startup_stm32f767xx.o [1]
  .text              ro code  0x0020537c       0x4  startup_stm32f767xx.o [1]
  .text              ro code  0x00205380       0x4  startup_stm32f767xx.o [1]
  .text              ro code  0x00205384       0x4  startup_stm32f767xx.o [1]
  .text              ro code  0x00205388       0x4  startup_stm32f767xx.o [1]
  .text              ro code  0x0020538c       0x4  startup_stm32f767xx.o [1]
  .text              ro code  0x00205390       0x4  startup_stm32f767xx.o [1]
  .text              ro code  0x00205394       0x4  startup_stm32f767xx.o [1]
  .text              ro code  0x00205398       0x4  startup_stm32f767xx.o [1]
  .text              ro code  0x0020539c       0x4  startup_stm32f767xx.o [1]
  .text              ro code  0x002053a0       0x4  startup_stm32f767xx.o [1]
  .text              ro code  0x002053a4       0x4  startup_stm32f767xx.o [1]
  .text              ro code  0x002053a8       0x4  startup_stm32f767xx.o [1]
  .text              ro code  0x002053ac       0x4  startup_stm32f767xx.o [1]
  .text              ro code  0x002053b0       0x4  startup_stm32f767xx.o [1]
  .text              ro code  0x002053b4       0x4  startup_stm32f767xx.o [1]
  .text              ro code  0x002053b8       0x4  startup_stm32f767xx.o [1]
  .text              ro code  0x002053bc       0x4  startup_stm32f767xx.o [1]
  .text              ro code  0x002053c0       0x4  startup_stm32f767xx.o [1]
  .text              ro code  0x002053c4       0x4  startup_stm32f767xx.o [1]
  .text              ro code  0x002053c8       0x4  startup_stm32f767xx.o [1]
  .text              ro code  0x002053cc       0x4  startup_stm32f767xx.o [1]
  .text              ro code  0x002053d0       0x4  startup_stm32f767xx.o [1]
  .text              ro code  0x002053d4       0x4  startup_stm32f767xx.o [1]
  .text              ro code  0x002053d8       0x4  startup_stm32f767xx.o [1]
  .text              ro code  0x002053dc       0x4  startup_stm32f767xx.o [1]
  .text              ro code  0x002053e0       0x4  startup_stm32f767xx.o [1]
  .text              ro code  0x002053e4       0x4  startup_stm32f767xx.o [1]
  .text              ro code  0x002053e8       0x4  startup_stm32f767xx.o [1]
  .text              ro code  0x002053ec       0x4  startup_stm32f767xx.o [1]
  .text              ro code  0x002053f0       0x4  startup_stm32f767xx.o [1]
  .text              ro code  0x002053f4       0x4  startup_stm32f767xx.o [1]
  .text              ro code  0x002053f8       0x4  startup_stm32f767xx.o [1]
  .text              ro code  0x002053fc       0x4  startup_stm32f767xx.o [1]
  .text              ro code  0x00205400       0x4  startup_stm32f767xx.o [1]
  .text              ro code  0x00205404       0x4  startup_stm32f767xx.o [1]
  .text              ro code  0x00205408       0x4  startup_stm32f767xx.o [1]
  .text              ro code  0x0020540c       0x4  startup_stm32f767xx.o [1]
  .text              ro code  0x00205410       0x4  startup_stm32f767xx.o [1]
  .text              ro code  0x00205414       0x4  startup_stm32f767xx.o [1]
  .text              ro code  0x00205418       0x4  startup_stm32f767xx.o [1]
  .text              ro code  0x0020541c       0x4  startup_stm32f767xx.o [1]
  .text              ro code  0x00205420       0x4  startup_stm32f767xx.o [1]
  .text              ro code  0x00205424       0x4  startup_stm32f767xx.o [1]
  .text              ro code  0x00205428       0x4  startup_stm32f767xx.o [1]
  .text              ro code  0x0020542c       0x4  startup_stm32f767xx.o [1]
  .text              ro code  0x00205430       0x4  startup_stm32f767xx.o [1]
  .text              ro code  0x00205434       0x4  startup_stm32f767xx.o [1]
  .text              ro code  0x00205438       0x4  startup_stm32f767xx.o [1]
  .text              ro code  0x0020543c       0x4  startup_stm32f767xx.o [1]
  .text              ro code  0x00205440       0x4  startup_stm32f767xx.o [1]
  .text              ro code  0x00205444       0x4  startup_stm32f767xx.o [1]
  .text              ro code  0x00205448       0x4  startup_stm32f767xx.o [1]
  .text              ro code  0x0020544c       0x4  startup_stm32f767xx.o [1]
  .text              ro code  0x00205450       0x4  startup_stm32f767xx.o [1]
  .text              ro code  0x00205454       0x4  startup_stm32f767xx.o [1]
  .text              ro code  0x00205458       0x4  startup_stm32f767xx.o [1]
  .text              ro code  0x0020545c       0x4  startup_stm32f767xx.o [1]
  .text              ro code  0x00205460       0x4  startup_stm32f767xx.o [1]
  .text              ro code  0x00205464       0x4  startup_stm32f767xx.o [1]
  .text              ro code  0x00205468       0x4  startup_stm32f767xx.o [1]
  .text              ro code  0x0020546c       0x4  startup_stm32f767xx.o [1]
  .text              ro code  0x00205470       0x4  startup_stm32f767xx.o [1]
  .text              ro code  0x00205474       0x4  startup_stm32f767xx.o [1]
  .text              ro code  0x00205478       0x4  startup_stm32f767xx.o [1]
  .text              ro code  0x0020547c       0x4  startup_stm32f767xx.o [1]
  .text              ro code  0x00205480       0x4  startup_stm32f767xx.o [1]
  .text              ro code  0x00205484       0x4  startup_stm32f767xx.o [1]
  .text              ro code  0x00205488       0x4  startup_stm32f767xx.o [1]
  .text              ro code  0x0020548c       0x4  startup_stm32f767xx.o [1]
  .rodata            const    0x00205490       0x0  zero_init3.o [5]
  .rodata            const    0x00205490       0x0  copy_init3.o [5]
  Initializer bytes  const    0x00205490      0xac  <for P5 s0>
                            - 0x0020553c    0x5344

"P4":                                       0x2000
  CSTACK                      0x20000000    0x2000  <Block>
    CSTACK           uninit   0x20000000    0x2000  <Block tail>
                            - 0x20002000    0x2000

"P5", part 1 of 2:                            0xac
  P5 s0                       0x20010000      0xac  <Init block>
    .data            inited   0x20010000      0x48  xfiles.o [3]
    .data            inited   0x20010048      0x38  xlocale_c.o [3]
    .data            inited   0x20010080      0x20  touch.o [1]
    .data            inited   0x200100a0       0x4  main.o [1]
    .data            inited   0x200100a4       0x4  system_stm32f7xx.o [1]
    .data            inited   0x200100a8       0x1  apollo.o [1]
                            - 0x200100ac      0xac

"P5", part 2 of 2:                           0x2e8
  .bss               zero     0x200100ac      0x80  apollo.o [1]
  .bss               zero     0x2001012c      0x70  apollo.o [1]
  .bss               zero     0x2001019c      0x60  apollo.o [1]
  .bss               zero     0x200101fc      0x50  xfiles.o [3]
  .bss               zero     0x2001024c      0x48  apollo.o [1]
  .bss               zero     0x20010294      0x40  apollo.o [1]
  .bss               zero     0x200102d4      0x40  apollo.o [1]
  .bss               zero     0x20010314      0x40  apollo.o [1]
  .bss               zero     0x20010354      0x10  apollo.o [1]
  .bss               zero     0x20010364       0xc  apollo.o [1]
  .bss               zero     0x20010370       0x4  apollo.o [1]
  .bss               zero     0x20010378       0x8  apollo.o [1]
  .bss               zero     0x20010380       0x8  main.o [1]
  .bss               zero     0x20010388       0x4  stm32f7xx_hal.o [1]
  .bss               zero     0x2001038c       0x4  xfail_s.o [3]
  .bss               zero     0x20010390       0x2  apollo.o [1]
  .bss               zero     0x20010392       0x1  apollo.o [1]
                            - 0x20010393     0x2e7

Absolute sections:                        0x1f4000
  .bss               zero     0xc0000000  0x1f4000  rgb.o [1]
                            - 0xc01f4000  0x1f4000


*******************************************************************************
*** INIT TABLE
***

          Address     Size
          -------     ----
Zero (__iar_zero_init3)
    2 destination ranges, total size 0x1f42e7:
          0x200100ac     0x2e7
          0xc0000000  0x1f4000

Copy (__iar_copy_init3)
    1 source range, total size 0xac (101% of destination):
          0x00205490      0xac
    1 destination range, total size 0xa9:
          0x20010000      0xa9



*******************************************************************************
*** MODULE SUMMARY
***

    Module                  ro code  ro data  rw data    rw data
                                                          (abs)
    ------                  -------  -------  -------    -------
D:\Apollo\gpio\Debug\Obj: [1]
    apollo.o                  2 468       17      644
    main.o                      444      136       12
    rgb.o                                              2 048 000
    startup_stm32f767xx.o       924
    stm32f7xx_hal.o             136                 4
    stm32f7xx_hal_adc.o       1 342
    stm32f7xx_hal_cortex.o      292
    stm32f7xx_hal_dma.o       1 178        8
    stm32f7xx_hal_gpio.o        620
    stm32f7xx_hal_pwr_ex.o      136
    stm32f7xx_hal_rcc.o       1 884
    stm32f7xx_hal_tim.o       2 142
    stm32f7xx_hal_tim_ex.o      620
    stm32f7xx_hal_uart.o      2 258
    stm32f7xx_it.o               22
    system_stm32f7xx.o          108       28        4
    touch.o                   1 496       56       32
    ------------------------------------------------------------
    Total:                   16 070      245      696  2 048 000

command line: [2]
    ------------------------------------------------------------
    Total:

dl7M_tlf.a: [3]
    abort.o                       6
    exit.o                        4
    low_level_init.o              4
    printf.o                     40
    putchar.o                    12
    sprintf.o                    64
    xfail_s.o                    68                 4
    xfiles.o                              72      152
    xlocale_c.o                  12       60       56
    xprintffull_nomb.o        3 558
    xprout.o                     22
    xsprout.o                    10
    ------------------------------------------------------------
    Total:                    3 800      132      212

m7M_tlv.a: [4]
    DblCmpGe.o                   46
    DblCmpLe.o                   46
    DblDiv.o                     18
    DblMul.o                     18
    DblSub.o                     18
    DblToS32.o                   14
    DblToU32.o                   14
    S32ToDbl.o                   14
    U32ToDbl.o                   14
    fpinit_M.o                   34
    frexp.o                     112
    ldexp.o                     260
    ------------------------------------------------------------
    Total:                      608

rt7M_tl.a: [5]
    ABImemcpy.o                 166
    ABImemset.o                 102
    I64DivMod.o                 238
    I64DivZer.o                   2
    cexit.o                      10
    cmain.o                      26
    copy_init3.o                 44
    cstartup_M.o                 12
    data_init.o                  40
    memchr.o                     88
    strchr.o                     22
    strlen.o                     54
    zero_init3.o                 64
    ------------------------------------------------------------
    Total:                      868

shb_l.a: [6]
    exit.o                       20
    ------------------------------------------------------------
    Total:                       20

    Gaps                         28        2        4
    Linker created                        47    8 192
----------------------------------------------------------------
    Grand Total:             21 394      426    9 104  2 048 000


*******************************************************************************
*** ENTRY LIST
***

Entry                      Address      Size  Type      Object
-----                      -------      ----  ----      ------
.iar.init_table$$Base   0x002051c8             --   Gb  - Linker created -
.iar.init_table$$Limit  0x002051f4             --   Gb  - Linker created -
?main                   0x00205215            Code  Gb  cmain.o [5]
ADC_DMAConvCplt         0x00203c09      0x68  Code  Lc  stm32f7xx_hal_adc.o [1]
ADC_DMAError            0x00203c7d      0x16  Code  Lc  stm32f7xx_hal_adc.o [1]
ADC_DMAHalfConvCplt     0x00203c71       0xa  Code  Lc  stm32f7xx_hal_adc.o [1]
ADC_Init                0x00203a83     0x166  Code  Lc  stm32f7xx_hal_adc.o [1]
AHBPrescTable           0x0020529c      0x10  Data  Gb  system_stm32f7xx.o [1]
APBPrescTable           0x002052f0       0x8  Data  Gb  system_stm32f7xx.o [1]
BusFault_Handler        0x00205247       0x2  Code  Gb  stm32f7xx_it.o [1]
CEKONG_init             0x00201813      0xf0  Code  Gb  apollo.o [1]
CPU_CACHE_Enable        0x0020162d       0xc  Code  Gb  apollo.o [1]
CSTACK$$Base            0x20000000             --   Gb  - Linker created -
CSTACK$$Limit           0x20002000             --   Gb  - Linker created -
CT_Delay                0x002047eb       0xa  Code  Gb  touch.o [1]
CT_IIC_Ack              0x0020492f      0x60  Code  Gb  touch.o [1]
CT_IIC_Init             0x002047f5      0x6c  Code  Gb  touch.o [1]
CT_IIC_NAck             0x0020498f      0x60  Code  Gb  touch.o [1]
CT_IIC_Read_Byte        0x00204a41      0x6a  Code  Gb  touch.o [1]
CT_IIC_Send_Byte        0x00204aab      0x78  Code  Gb  touch.o [1]
CT_IIC_Start            0x00204861      0x5e  Code  Gb  touch.o [1]
CT_IIC_Stop             0x002049ef      0x52  Code  Gb  touch.o [1]
CT_IIC_Wait_Ack         0x002048bf      0x70  Code  Gb  touch.o [1]
DMA2_Stream0_IRQHandler
                        0x00201807       0xc  Code  Gb  apollo.o [1]
DMA_CalcBaseAndBitshift
                        0x00203557      0x30  Code  Lc  stm32f7xx_hal_dma.o [1]
DMA_CalcBaseAndBitshift::flagBitshiftOffset
                        0x002052e8       0x8  Data  Lc  stm32f7xx_hal_dma.o [1]
DMA_CheckFifoParam      0x0020359d      0x96  Code  Lc  stm32f7xx_hal_dma.o [1]
DMA_SetConfig           0x00203529      0x2e  Code  Lc  stm32f7xx_hal_dma.o [1]
DebugMon_Handler        0x0020524d       0x2  Code  Gb  stm32f7xx_it.o [1]
EXTI2_IRQHandler        0x00201d3b      0x12  Code  Gb  apollo.o [1]
EXTI3_IRQHandler        0x00201d61      0x78  Code  Gb  apollo.o [1]
EXTI9_5_IRQHandler      0x00201ddd       0xe  Code  Gb  apollo.o [1]
FT5206_Init             0x00204bd9     0x108  Code  Gb  touch.o [1]
FT5206_RD_Reg           0x00204b77      0x62  Code  Gb  touch.o [1]
FT5206_Scan             0x00204ce1      0xa2  Code  Gb  touch.o [1]
FT5206_TPX_TBL          0x002052c8       0xc  Data  Gb  touch.o [1]
FT5206_WR_Reg           0x00204b23      0x54  Code  Gb  touch.o [1]
HAL_ADC_ConfigChannel   0x002038e3     0x1a0  Code  Gb  stm32f7xx_hal_adc.o [1]
HAL_ADC_ConvCpltCallback
                        0x002017eb      0x1c  Code  Gb  apollo.o [1]
HAL_ADC_Init            0x00203759      0x64  Code  Gb  stm32f7xx_hal_adc.o [1]
HAL_ADC_MspInit         0x002016fd      0xee  Code  Gb  apollo.o [1]
HAL_ADC_Start_DMA       0x002037bd     0x126  Code  Gb  stm32f7xx_hal_adc.o [1]
HAL_DMA_Abort_IT        0x002032f3      0x26  Code  Gb  stm32f7xx_hal_dma.o [1]
HAL_DMA_IRQHandler      0x00203319     0x210  Code  Gb  stm32f7xx_hal_dma.o [1]
HAL_DMA_Init            0x00203199      0xda  Code  Gb  stm32f7xx_hal_dma.o [1]
HAL_DMA_Start_IT        0x00203273      0x80  Code  Gb  stm32f7xx_hal_dma.o [1]
HAL_Delay               0x00204e07      0x1a  Code  Wk  stm32f7xx_hal.o [1]
HAL_GPIO_Init           0x00201e7d     0x1fa  Code  Gb  stm32f7xx_hal_gpio.o [1]
HAL_GPIO_ReadPin        0x00202077      0x12  Code  Gb  stm32f7xx_hal_gpio.o [1]
HAL_GPIO_TogglePin      0x0020209d       0xa  Code  Gb  stm32f7xx_hal_gpio.o [1]
HAL_GPIO_WritePin       0x00202089      0x14  Code  Gb  stm32f7xx_hal_gpio.o [1]
HAL_GetTick             0x002047bd       0xc  Code  Wk  stm32f7xx_hal.o [1]
HAL_IncTick             0x00205259      0x10  Code  Wk  stm32f7xx_hal.o [1]
HAL_Init                0x00204fdd      0x22  Code  Gb  stm32f7xx_hal.o [1]
HAL_InitTick            0x00204dd1      0x28  Code  Wk  stm32f7xx_hal.o [1]
HAL_NVIC_EnableIRQ      0x00203727       0xa  Code  Gb  stm32f7xx_hal_cortex.o [1]
HAL_NVIC_SetPriority    0x00203705      0x22  Code  Gb  stm32f7xx_hal_cortex.o [1]
HAL_NVIC_SetPriorityGrouping
                        0x002036fd       0x8  Code  Gb  stm32f7xx_hal_cortex.o [1]
HAL_PWREx_EnableOverDrive
                        0x00203111      0x7a  Code  Gb  stm32f7xx_hal_pwr_ex.o [1]
HAL_RCC_ClockConfig     0x00202e63     0x1a2  Code  Gb  stm32f7xx_hal_rcc.o [1]
HAL_RCC_GetHCLKFreq     0x00203091       0x6  Code  Gb  stm32f7xx_hal_rcc.o [1]
HAL_RCC_GetPCLK1Freq    0x00203097      0x20  Code  Gb  stm32f7xx_hal_rcc.o [1]
HAL_RCC_GetPCLK2Freq    0x002030b7      0x20  Code  Gb  stm32f7xx_hal_rcc.o [1]
HAL_RCC_GetSysClockFreq
                        0x00203005      0x8c  Code  Gb  stm32f7xx_hal_rcc.o [1]
HAL_RCC_OscConfig       0x002029b5     0x4ae  Code  Gb  stm32f7xx_hal_rcc.o [1]
HAL_SYSTICK_Config      0x00203731       0x8  Code  Gb  stm32f7xx_hal_cortex.o [1]
HAL_TIMEx_BreakCallback
                        0x00204e01       0x2  Code  Wk  stm32f7xx_hal_tim_ex.o [1]
HAL_TIMEx_CommutationCallback
                        0x00204e05       0x2  Code  Wk  stm32f7xx_hal_tim_ex.o [1]
HAL_TIMEx_MasterConfigSynchronization
                        0x00204555      0x5c  Code  Gb  stm32f7xx_hal_tim_ex.o [1]
HAL_TIM_Base_Init       0x00203cfd      0x38  Code  Gb  stm32f7xx_hal_tim.o [1]
HAL_TIM_Base_MspInit    0x00201c17      0x7c  Code  Gb  apollo.o [1]
HAL_TIM_Base_Start      0x00203d35      0x1c  Code  Gb  stm32f7xx_hal_tim.o [1]
HAL_TIM_IC_CaptureCallback
                        0x00201cc5      0x76  Code  Gb  apollo.o [1]
HAL_TIM_IC_ConfigChannel
                        0x0020400d      0xd4  Code  Gb  stm32f7xx_hal_tim.o [1]
HAL_TIM_IC_Init         0x00203dd1      0x38  Code  Gb  stm32f7xx_hal_tim.o [1]
HAL_TIM_IC_MspInit      0x00201b9b      0x7c  Code  Gb  apollo.o [1]
HAL_TIM_IC_Start_IT     0x00203e09      0x68  Code  Gb  stm32f7xx_hal_tim.o [1]
HAL_TIM_IRQHandler      0x00203e79     0x194  Code  Gb  stm32f7xx_hal_tim.o [1]
HAL_TIM_PWM_ConfigChannel
                        0x002045b1     0x162  Code  Gb  stm32f7xx_hal_tim_ex.o [1]
HAL_TIM_PWM_Init        0x00203d51      0x38  Code  Gb  stm32f7xx_hal_tim.o [1]
HAL_TIM_PWM_MspInit     0x00201b03      0x4e  Code  Gb  apollo.o [1]
HAL_TIM_PWM_Start       0x00203d89      0x48  Code  Gb  stm32f7xx_hal_tim.o [1]
HAL_TIM_PeriodElapsedCallback
                        0x00201c93      0x1e  Code  Gb  apollo.o [1]
HAL_TIM_ReadCapturedValue
                        0x002040e1      0x48  Code  Gb  stm32f7xx_hal_tim.o [1]
HAL_UART_IRQHandler     0x00202233     0x146  Code  Gb  stm32f7xx_hal_uart.o [1]
HAL_UART_Init           0x002020e9      0x7e  Code  Gb  stm32f7xx_hal_uart.o [1]
HAL_UART_MspInit        0x00201903      0xf0  Code  Gb  apollo.o [1]
HAL_UART_Transmit       0x00202167      0xcc  Code  Gb  stm32f7xx_hal_uart.o [1]
HardFault_Handler       0x00205245       0x2  Code  Gb  stm32f7xx_it.o [1]
ICEKONG                 0x2001024c      0x48  Data  Gb  apollo.o [1]
IC_Config               0x20010354      0x10  Data  Gb  apollo.o [1]
IC_init                 0x00201b51      0x4a  Code  Gb  apollo.o [1]
IDMA_ADC                0x2001019c      0x60  Data  Gb  apollo.o [1]
ITIM2                   0x20010294      0x40  Data  Gb  apollo.o [1]
ITIM3                   0x200102d4      0x40  Data  Gb  apollo.o [1]
ITIM5                   0x20010314      0x40  Data  Gb  apollo.o [1]
IUART                   0x2001012c      0x70  Data  Gb  apollo.o [1]
KEY_init                0x002015c3      0x42  Code  Gb  apollo.o [1]
LED_init                0x00201583      0x40  Code  Gb  apollo.o [1]
LoadInt                 0x00200397      0x7a  Code  Lc  xprintffull_nomb.o [3]
MemManage_Handler       0x00201df5       0xe  Code  Gb  apollo.o [1]
NMI_Handler             0x00205243       0x2  Code  Gb  stm32f7xx_it.o [1]
NVIC_EnableIRQ          0x0020365b      0x14  Code  Lc  stm32f7xx_hal_cortex.o [1]
NVIC_EncodePriority     0x00203691      0x3e  Code  Lc  stm32f7xx_hal_cortex.o [1]
NVIC_GetPriorityGrouping
                        0x00203651       0xa  Code  Lc  stm32f7xx_hal_cortex.o [1]
NVIC_SetPriority        0x0020366f      0x22  Code  Lc  stm32f7xx_hal_cortex.o [1]
NVIC_SetPriorityGrouping
                        0x00203635      0x1c  Code  Lc  stm32f7xx_hal_cortex.o [1]
NVIC_SystemReset        0x002014d9      0x22  Code  Lc  apollo.o [1]
PendSV_Handler          0x0020524f       0x2  Code  Gb  stm32f7xx_it.o [1]
Region$$Table$$Base     0x002051c8             --   Gb  - Linker created -
Region$$Table$$Limit    0x002051f4             --   Gb  - Linker created -
SCB_EnableDCache        0x00201525      0x5e  Code  Lc  apollo.o [1]
SCB_EnableICache        0x002014fb      0x2a  Code  Lc  apollo.o [1]
SVC_Handler             0x0020524b       0x2  Code  Gb  stm32f7xx_it.o [1]
SysTick_Config          0x002036cf      0x2e  Code  Lc  stm32f7xx_hal_cortex.o [1]
SysTick_Handler         0x00205251       0x8  Code  Gb  stm32f7xx_it.o [1]
SystemClock_Config      0x00201639      0xae  Code  Gb  apollo.o [1]
SystemCoreClock         0x200100a4       0x4  Data  Gb  system_stm32f7xx.o [1]
SystemInit              0x00205049      0x4c  Code  Gb  system_stm32f7xx.o [1]
TIM2_init               0x002019f3      0x76  Code  Gb  apollo.o [1]
TIM3_IRQHandler         0x00201cb1       0xa  Code  Gb  apollo.o [1]
TIM3_init               0x00201a69      0x9a  Code  Gb  apollo.o [1]
TIM5_IRQHandler         0x00201cbb       0xa  Code  Gb  apollo.o [1]
TIM_Base_SetConfig      0x00204129      0xec  Code  Gb  stm32f7xx_hal_tim.o [1]
TIM_CCxChannelCmd       0x00204537      0x1e  Code  Gb  stm32f7xx_hal_tim.o [1]
TIM_OC1_SetConfig       0x00204215      0x6c  Code  Gb  stm32f7xx_hal_tim.o [1]
TIM_OC2_SetConfig       0x00204281      0x76  Code  Gb  stm32f7xx_hal_tim.o [1]
TIM_OC3_SetConfig       0x002042f7      0x74  Code  Gb  stm32f7xx_hal_tim.o [1]
TIM_OC4_SetConfig       0x0020436b      0x5e  Code  Gb  stm32f7xx_hal_tim.o [1]
TIM_OC5_SetConfig       0x00204713      0x4c  Code  Lc  stm32f7xx_hal_tim_ex.o [1]
TIM_OC6_SetConfig       0x0020475f      0x4e  Code  Lc  stm32f7xx_hal_tim_ex.o [1]
TIM_TI1_SetConfig       0x002043c9      0x7e  Code  Gb  stm32f7xx_hal_tim.o [1]
TIM_TI2_SetConfig       0x0020447d      0x3e  Code  Lc  stm32f7xx_hal_tim.o [1]
TIM_TI3_SetConfig       0x002044bb      0x3e  Code  Lc  stm32f7xx_hal_tim.o [1]
TIM_TI4_SetConfig       0x002044f9      0x3e  Code  Lc  stm32f7xx_hal_tim.o [1]
UART_AdvFeatureConfig   0x00202891      0xda  Code  Gb  stm32f7xx_hal_uart.o [1]
UART_CheckIdleState     0x0020296b      0x4a  Code  Gb  stm32f7xx_hal_uart.o [1]
UART_DMAAbortOnError    0x002023e9      0x16  Code  Lc  stm32f7xx_hal_uart.o [1]
UART_EndRxTransfer      0x0020250d      0x20  Code  Lc  stm32f7xx_hal_uart.o [1]
UART_EndTransmit_IT     0x0020246b      0x1c  Code  Lc  stm32f7xx_hal_uart.o [1]
UART_Receive_IT         0x00202487      0x86  Code  Lc  stm32f7xx_hal_uart.o [1]
UART_SetConfig          0x0020252d     0x330  Code  Gb  stm32f7xx_hal_uart.o [1]
UART_Transmit_IT        0x002023ff      0x6c  Code  Lc  stm32f7xx_hal_uart.o [1]
UART_WaitOnFlagUntilTimeout
                        0x00202379      0x6e  Code  Gb  stm32f7xx_hal_uart.o [1]
UART_init               0x00201605      0x28  Code  Gb  apollo.o [1]
USART2_IRQHandler       0x00201deb       0xa  Code  Gb  apollo.o [1]
UsageFault_Handler      0x00205249       0x2  Code  Gb  stm32f7xx_it.o [1]
_GenldFullNoMb          0x00200cfb     0x256  Code  Lc  xprintffull_nomb.o [3]
_LdtobFullNoMb          0x002008d3     0x3fe  Code  Lc  xprintffull_nomb.o [3]
_LitobFullNoMb          0x00200783     0x10a  Code  Lc  xprintffull_nomb.o [3]
_Locale_lconv           0x20010048      0x38  Data  Lc  xlocale_c.o [3]
_PrintfFullNoMb         0x002001f9     0x190  Code  Gb  xprintffull_nomb.o [3]
_Prout                  0x00205269      0x16  Code  Gb  xprout.o [3]
_PutcharsFullNoMb       0x00200f51      0x2e  Code  Lc  xprintffull_nomb.o [3]
_PutfldFullNoMb         0x00200411     0x264  Code  Lc  xprintffull_nomb.o [3]
_PuttxtFullNoMb         0x00200675     0x10e  Code  Lc  xprintffull_nomb.o [3]
_SProut                 0x00200fdf       0xa  Code  Gb  xsprout.o [3]
__aeabi_cdcmple         0x002012ed            Code  Gb  DblCmpLe.o [4]
__aeabi_cdrcmple        0x0020131d            Code  Gb  DblCmpGe.o [4]
__aeabi_d2iz            0x00201451       0xe  Code  Gb  DblToS32.o [4]
__aeabi_d2uiz           0x00201491       0xe  Code  Gb  DblToU32.o [4]
__aeabi_ddiv            0x0020147f      0x12  Code  Gb  DblDiv.o [4]
__aeabi_dmul            0x002011c3      0x12  Code  Gb  DblMul.o [4]
__aeabi_dsub            0x0020146d      0x12  Code  Gb  DblSub.o [4]
__aeabi_i2d             0x0020145f       0xe  Code  Gb  S32ToDbl.o [4]
__aeabi_ldiv0           0x002014c1            Code  Gb  I64DivZer.o [5]
__aeabi_memcpy          0x002011d5            Code  Gb  ABImemcpy.o [5]
__aeabi_memcpy4         0x002011f5            Code  Gb  ABImemcpy.o [5]
__aeabi_memcpy8         0x002011f5            Code  Gb  ABImemcpy.o [5]
__aeabi_memset          0x00203c95            Code  Gb  ABImemset.o [5]
__aeabi_ui2d            0x0020149f       0xe  Code  Gb  U32ToDbl.o [4]
__aeabi_uldivmod        0x002010d5            Code  Gb  I64DivMod.o [5]
__cmain                 0x00205215            Code  Gb  cmain.o [5]
__exit                  0x002014c5      0x14  Code  Gb  exit.o [6]
__iar_Fail_s            0x00201001      0x1e  Code  Gb  xfail_s.o [3]
__iar_Memchr            0x0020107d            Code  Gb  memchr.o [5]
__iar_Memset            0x00203c95            Code  Gb  ABImemset.o [5]
__iar_Memset_word       0x00203c9d            Code  Gb  ABImemset.o [5]
__iar_Stdout            0x20010000      0x48  Data  Gb  xfiles.o [3]
__iar_Strchr            0x00200fe9            Code  Gb  strchr.o [5]
__iar_copy_init3        0x00205151      0x2c  Code  Gb  copy_init3.o [5]
__iar_data_init3        0x0020517d      0x28  Code  Gb  data_init.o [5]
__iar_frexp             0x00201289            Code  Gb  frexp.o [4]
__iar_frexpl            0x00201289            Code  Gb  frexp.o [4]
__iar_init_vfp          0x002051a5            Code  Gb  fpinit_M.o [4]
__iar_ldexp64           0x00201361            Code  Gb  ldexp.o [4]
__iar_program_start     0x002052d5            Code  Gb  cstartup_M.o [5]
__iar_scalbln64         0x00201361            Code  Gb  ldexp.o [4]
__iar_scalbn64          0x00201361            Code  Gb  ldexp.o [4]
__iar_softfp___iar_frexp64
                        0x0020127d            Code  Gb  frexp.o [4]
__iar_softfp___iar_ldexp64
                        0x0020134d            Code  Gb  ldexp.o [4]
__iar_softfp___iar_scalbln64
                        0x0020134d            Code  Gb  ldexp.o [4]
__iar_softfp___iar_scalbn64
                        0x0020134d            Code  Gb  ldexp.o [4]
__iar_softfp_frexp      0x0020127d            Code  Gb  frexp.o [4]
__iar_softfp_frexpl     0x0020127d            Code  Gb  frexp.o [4]
__iar_softfp_ldexp      0x0020134d            Code  Gb  ldexp.o [4]
__iar_softfp_ldexpl     0x0020134d            Code  Gb  ldexp.o [4]
__iar_softfp_scalbln    0x0020134d            Code  Gb  ldexp.o [4]
__iar_softfp_scalblnl   0x0020134d            Code  Gb  ldexp.o [4]
__iar_softfp_scalbn     0x0020134d            Code  Gb  ldexp.o [4]
__iar_softfp_scalbnl    0x0020134d            Code  Gb  ldexp.o [4]
__iar_systems$$module {Abs}
                        0x00000001            Data  Gb  command line/config [2]
__iar_zero_init3        0x002050b5      0x40  Code  Gb  zero_init3.o [5]
__low_level_init        0x0020522f       0x4  Code  Gb  low_level_init.o [3]
__vector_table          0x00200000            Data  Gb  startup_stm32f767xx.o [1]
_call_main              0x00205221            Code  Gb  cmain.o [5]
_exit                   0x00205239            Code  Gb  cexit.o [5]
_main                   0x0020522b            Code  Gb  cmain.o [5]
abort                   0x002014b9       0x6  Code  Gb  abort.o [3]
delay_ms                0x002047c9       0x8  Code  Gb  touch.o [1]
delay_us                0x002047d1      0x1a  Code  Gb  touch.o [1]
dma_adc_flag            0x20010390       0x2  Data  Gb  apollo.o [1]
exit                    0x00205233       0x4  Code  Gb  exit.o [3]
fputc                   0x002016e7      0x16  Code  Gb  apollo.o [1]
hole_ic_value           0x20010378       0x8  Data  Gb  apollo.o [1]
ic_state                0x20010392       0x1  Data  Gb  apollo.o [1]
ic_value                0x20010370       0x4  Data  Gb  apollo.o [1]
key_qd                  0x20010364       0xc  Data  Gb  apollo.o [1]
lcd_led_flag            0x200100a8       0x1  Data  Gb  apollo.o [1]
ldexp                   0x00201361            Code  Gb  ldexp.o [4]
ldexpl                  0x00201361            Code  Gb  ldexp.o [4]
localeconv              0x002014ad       0x4  Code  Gb  xlocale_c.o [3]
ltdc_lcd_framebuf       0xc0000000  0x1f4000  Data  Gb  rgb.o [1]
main                    0x00204e21     0x1bc  Code  Gb  main.o [1]
memchr                  0x0020107d            Code  Gb  memchr.o [5]
mpudata                 0x200100a0       0x4  Data  Gb  main.o [1]
obuf                    0x200101fc      0x50  Data  Lc  xfiles.o [3]
printf                  0x00204da1      0x28  Code  Gb  printf.o [3]
putchar                 0x00205281       0xc  Code  Gb  putchar.o [3]
raw_icekong             0x20010380       0x8  Data  Gb  main.o [1]
rstr                    0x200100ac      0x80  Data  Gb  apollo.o [1]
scalbln                 0x00201361            Code  Gb  ldexp.o [4]
scalblnl                0x00201361            Code  Gb  ldexp.o [4]
scalbn                  0x00201361            Code  Gb  ldexp.o [4]
scalbnl                 0x00201361            Code  Gb  ldexp.o [4]
scale                   0x0020088d      0x46  Code  Lc  xprintffull_nomb.o [3]
sec_hand                0x2001038c       0x4  Data  Lc  xfail_s.o [3]
sprintf                 0x00205009      0x40  Code  Gb  sprintf.o [3]
strchr                  0x00200fe9            Code  Gb  strchr.o [5]
strlen                  0x00201045            Code  Gb  strlen.o [5]
tp_dev                  0x20010080      0x20  Data  Gb  touch.o [1]
uwTick                  0x20010388       0x4  Data  Gb  stm32f7xx_hal.o [1]


[1] = D:\Apollo\gpio\Debug\Obj
[2] = command line
[3] = dl7M_tlf.a
[4] = m7M_tlv.a
[5] = rt7M_tl.a
[6] = shb_l.a

  21 394 bytes of readonly  code memory
     426 bytes of readonly  data memory
   9 104 bytes of readwrite data memory (+ 2 048 000 absolute)

Errors: none
Warnings: none
