###############################################################################
#
# IAR ELF Linker V8.11.1.13263/W32 for ARM                01/May/2017  20:55:36
# Copyright 2007-2017 IAR Systems AB.
#
#    Output file  =  D:\Apollo\gpio\Debug\Exe\gpio.out
#    Map file     =  D:\Apollo\gpio\Debug\List\gpio.map
#    Command line =  
#        -f C:\Users\iysheng\AppData\Local\Temp\EW1B6E.tmp
#        (D:\Apollo\gpio\Debug\Obj\apollo.o D:\Apollo\gpio\Debug\Obj\main.o
#        D:\Apollo\gpio\Debug\Obj\rgb.o
#        D:\Apollo\gpio\Debug\Obj\startup_stm32f767xx.o
#        D:\Apollo\gpio\Debug\Obj\stm32f7xx_hal.o
#        D:\Apollo\gpio\Debug\Obj\stm32f7xx_hal_adc.o
#        D:\Apollo\gpio\Debug\Obj\stm32f7xx_hal_cortex.o
#        D:\Apollo\gpio\Debug\Obj\stm32f7xx_hal_dma.o
#        D:\Apollo\gpio\Debug\Obj\stm32f7xx_hal_gpio.o
#        D:\Apollo\gpio\Debug\Obj\stm32f7xx_hal_ltdc.o
#        D:\Apollo\gpio\Debug\Obj\stm32f7xx_hal_pwr_ex.o
#        D:\Apollo\gpio\Debug\Obj\stm32f7xx_hal_rcc.o
#        D:\Apollo\gpio\Debug\Obj\stm32f7xx_hal_rcc_ex.o
#        D:\Apollo\gpio\Debug\Obj\stm32f7xx_hal_sdram.o
#        D:\Apollo\gpio\Debug\Obj\stm32f7xx_hal_tim.o
#        D:\Apollo\gpio\Debug\Obj\stm32f7xx_hal_tim_ex.o
#        D:\Apollo\gpio\Debug\Obj\stm32f7xx_hal_uart.o
#        D:\Apollo\gpio\Debug\Obj\stm32f7xx_it.o
#        D:\Apollo\gpio\Debug\Obj\stm32f7xx_ll_fmc.o
#        D:\Apollo\gpio\Debug\Obj\system_stm32f7xx.o -o
#        D:\Apollo\gpio\Debug\Exe\gpio.out --redirect _Printf=_PrintfFullNoMb
#        --redirect _Scanf=_ScanfFullNoMb --map
#        D:\Apollo\gpio\Debug\List\gpio.map --config "D:\Program Files
#        (x86)\IAR Systems\Embedded Workbench
#        8.0\arm\config\linker\ST\stm32f767xG.icf" --semihosting --entry
#        __iar_program_start --vfe --text_out locale)
#
###############################################################################

*******************************************************************************
*** RUNTIME MODEL ATTRIBUTES
***

CppFlavor       = *
__SystemLibrary = DLib
__dlib_version  = 6


*******************************************************************************
*** HEAP SELECTION
***

The basic heap was selected because no calls to memory allocation
functions were found in the application outside of system library
functions, and there are calls to deallocation functions in the
application.


*******************************************************************************
*** PLACEMENT SUMMARY
***

"A0":  place at 0x00200000 { ro section .intvec };
"P1":  place in [from 0x00200000 to 0x002fffff] { ro };
"P4":  place in [from 0x20000000 to 0x2000ffff] { block CSTACK };
"P5":  place in [from 0x20010000 to 0x2004bfff] |
                [from 0x2004c000 to 0x2004ffff] { rw, block HEAP };
initialize by copy { rw };

  Section            Kind        Address      Size  Object
  -------            ----        -------      ----  ------
"A0":                                        0x1f8
  .intvec            ro code  0x00200000     0x1f8  startup_stm32f767xx.o [1]
                            - 0x002001f8     0x1f8

"P1":                                      0xc5b44
  .rodata            const    0x002001f8   0xbb808  main.o [1]
  .rodata            const    0x002bba00    0x2f80  rgb.o [1]
  .text              ro code  0x002be980     0xde6  xprintffull_nomb.o [3]
  .text              ro code  0x002bf766       0xa  xsprout.o [3]
  .text              ro code  0x002bf770      0x16  strchr.o [5]
  .text              ro code  0x002bf788      0x44  xfail_s.o [3]
  .text              ro code  0x002bf7cc      0x36  strlen.o [5]
  .text              ro code  0x002bf804      0x58  memchr.o [5]
  .text              ro code  0x002bf85c      0xee  I64DivMod.o [5]
  .text              ro code  0x002bf94a      0x12  DblMul.o [4]
  .text              ro code  0x002bf95c      0xa6  ABImemcpy.o [5]
  .text              ro code  0x002bfa04      0x70  frexp.o [4]
  .text              ro code  0x002bfa74      0x2e  DblCmpLe.o [4]
  .text              ro code  0x002bfaa4      0x2e  DblCmpGe.o [4]
  .text              ro code  0x002bfad4     0x104  ldexp.o [4]
  .text              ro code  0x002bfbd8       0xe  DblToS32.o [4]
  .text              ro code  0x002bfbe6       0xe  S32ToDbl.o [4]
  .text              ro code  0x002bfbf4      0x12  DblSub.o [4]
  .text              ro code  0x002bfc06      0x12  DblDiv.o [4]
  .text              ro code  0x002bfc18       0xe  DblToU32.o [4]
  .text              ro code  0x002bfc26       0xe  U32ToDbl.o [4]
  .text              ro code  0x002bfc34       0xc  xlocale_c.o [3]
  .text              ro code  0x002bfc40       0x6  abort.o [3]
  .text              ro code  0x002bfc48       0x2  I64DivZer.o [5]
  .text              ro code  0x002bfc4c      0x14  exit.o [6]
  .rodata            const    0x002bfc60     0xd5c  rgb.o [1]
  .text              ro code  0x002c09bc     0xa6c  rgb.o [1]
  .text              ro code  0x002c1428     0x474  stm32f7xx_hal_ltdc.o [1]
  .text              ro code  0x002c189c     0x260  stm32f7xx_hal_gpio.o [1]
  .text              ro code  0x002c1afc     0x7f4  stm32f7xx_hal_rcc_ex.o [1]
  .text              ro code  0x002c22f0       0xc  stm32f7xx_hal.o [1]
  .text              ro code  0x002c22fc     0x95c  apollo.o [1]
  .text              ro code  0x002c2c58     0x8cc  stm32f7xx_hal_uart.o [1]
  .text              ro code  0x002c3524     0x75c  stm32f7xx_hal_rcc.o [1]
  .text              ro code  0x002c3c80      0x88  stm32f7xx_hal_pwr_ex.o [1]
  .text              ro code  0x002c3d08     0x1c8  stm32f7xx_hal_cortex.o [1]
  .text              ro code  0x002c3ed0     0x476  stm32f7xx_hal_adc.o [1]
  .text              ro code  0x002c4348     0x5c0  stm32f7xx_hal_tim.o [1]
  .text              ro code  0x002c4908      0xa2  stm32f7xx_hal_sdram.o [1]
  .text              ro code  0x002c49aa      0x1a  stm32f7xx_hal.o [1]
  .text              ro code  0x002c49c4      0x28  printf.o [3]
  .text              ro code  0x002c49ec      0x26  stm32f7xx_hal_dma.o [1]
  .text              ro code  0x002c4a12       0x2  stm32f7xx_hal_uart.o [1]
  .text              ro code  0x002c4a14       0x2  stm32f7xx_hal_uart.o [1]
  .text              ro code  0x002c4a16       0x2  stm32f7xx_hal_uart.o [1]
  .text              ro code  0x002c4a18      0x28  stm32f7xx_hal.o [1]
  .text              ro code  0x002c4a40       0x2  stm32f7xx_hal_tim.o [1]
  .text              ro code  0x002c4a42       0x2  stm32f7xx_hal_tim.o [1]
  .text              ro code  0x002c4a44       0x2  stm32f7xx_hal_tim_ex.o [1]
  .text              ro code  0x002c4a46       0x2  stm32f7xx_hal_tim.o [1]
  .text              ro code  0x002c4a48       0x2  stm32f7xx_hal_tim_ex.o [1]
  .text              ro code  0x002c4a4c     0x16c  stm32f7xx_ll_fmc.o [1]
  .rodata            const    0x002c4bb8     0x5f0  rgb.o [1]
  .rodata            const    0x002c51a8     0x474  rgb.o [1]
  .text              ro code  0x002c561c     0x1e4  main.o [1]
  .text              ro code  0x002c5800      0x2a  stm32f7xx_hal.o [1]
  .text              ro code  0x002c582c      0x40  sprintf.o [3]
  .text              ro code  0x002c586c      0x6c  system_stm32f7xx.o [1]
  .text              ro code  0x002c58d8      0x40  zero_init3.o [5]
  .rodata            const    0x002c5918      0x30  main.o [1]
  .rodata            const    0x002c5948      0x2c  main.o [1]
  .text              ro code  0x002c5974      0x2c  copy_init3.o [5]
  .text              ro code  0x002c59a0      0x28  data_init.o [5]
  .text              ro code  0x002c59c8      0x22  fpinit_M.o [4]
  .iar.init_table    const    0x002c59ec      0x2c  - Linker created -
  .text              ro code  0x002c5a18      0x1a  cmain.o [5]
  .text              ro code  0x002c5a32       0x4  low_level_init.o [3]
  .text              ro code  0x002c5a36       0x4  exit.o [3]
  .text              ro code  0x002c5a3c       0xa  cexit.o [5]
  .text              ro code  0x002c5a46      0x16  stm32f7xx_it.o [1]
  .text              ro code  0x002c5a5c      0x10  stm32f7xx_hal.o [1]
  .text              ro code  0x002c5a6c      0x16  xprout.o [3]
  .text              ro code  0x002c5a84       0xc  putchar.o [3]
  .rodata            const    0x002c5a90      0x10  apollo.o [1]
  .rodata            const    0x002c5aa0      0x10  main.o [1]
  .rodata            const    0x002c5ab0      0x10  main.o [1]
  .rodata            const    0x002c5ac0      0x10  system_stm32f7xx.o [1]
  .text              ro code  0x002c5ad0      0x10  startup_stm32f767xx.o [1]
  .rodata            const    0x002c5ae0       0xc  main.o [1]
  .text              ro code  0x002c5aec       0xc  cstartup_M.o [5]
  .rodata            const    0x002c5af8       0x8  main.o [1]
  .rodata            const    0x002c5b00       0x8  system_stm32f7xx.o [1]
  .rodata            const    0x002c5b08       0x4  xlocale_c.o [3]
  .text              ro code  0x002c5b0c       0x4  startup_stm32f767xx.o [1]
  .text              ro code  0x002c5b10       0x4  startup_stm32f767xx.o [1]
  .text              ro code  0x002c5b14       0x4  startup_stm32f767xx.o [1]
  .text              ro code  0x002c5b18       0x4  startup_stm32f767xx.o [1]
  .text              ro code  0x002c5b1c       0x4  startup_stm32f767xx.o [1]
  .text              ro code  0x002c5b20       0x4  startup_stm32f767xx.o [1]
  .text              ro code  0x002c5b24       0x4  startup_stm32f767xx.o [1]
  .text              ro code  0x002c5b28       0x4  startup_stm32f767xx.o [1]
  .text              ro code  0x002c5b2c       0x4  startup_stm32f767xx.o [1]
  .text              ro code  0x002c5b30       0x4  startup_stm32f767xx.o [1]
  .text              ro code  0x002c5b34       0x4  startup_stm32f767xx.o [1]
  .text              ro code  0x002c5b38       0x4  startup_stm32f767xx.o [1]
  .text              ro code  0x002c5b3c       0x4  startup_stm32f767xx.o [1]
  .text              ro code  0x002c5b40       0x4  startup_stm32f767xx.o [1]
  .text              ro code  0x002c5b44       0x4  startup_stm32f767xx.o [1]
  .text              ro code  0x002c5b48       0x4  startup_stm32f767xx.o [1]
  .text              ro code  0x002c5b4c       0x4  startup_stm32f767xx.o [1]
  .text              ro code  0x002c5b50       0x4  startup_stm32f767xx.o [1]
  .text              ro code  0x002c5b54       0x4  startup_stm32f767xx.o [1]
  .text              ro code  0x002c5b58       0x4  startup_stm32f767xx.o [1]
  .text              ro code  0x002c5b5c       0x4  startup_stm32f767xx.o [1]
  .text              ro code  0x002c5b60       0x4  startup_stm32f767xx.o [1]
  .text              ro code  0x002c5b64       0x4  startup_stm32f767xx.o [1]
  .text              ro code  0x002c5b68       0x4  startup_stm32f767xx.o [1]
  .text              ro code  0x002c5b6c       0x4  startup_stm32f767xx.o [1]
  .text              ro code  0x002c5b70       0x4  startup_stm32f767xx.o [1]
  .text              ro code  0x002c5b74       0x4  startup_stm32f767xx.o [1]
  .text              ro code  0x002c5b78       0x4  startup_stm32f767xx.o [1]
  .text              ro code  0x002c5b7c       0x4  startup_stm32f767xx.o [1]
  .text              ro code  0x002c5b80       0x4  startup_stm32f767xx.o [1]
  .text              ro code  0x002c5b84       0x4  startup_stm32f767xx.o [1]
  .text              ro code  0x002c5b88       0x4  startup_stm32f767xx.o [1]
  .text              ro code  0x002c5b8c       0x4  startup_stm32f767xx.o [1]
  .text              ro code  0x002c5b90       0x4  startup_stm32f767xx.o [1]
  .text              ro code  0x002c5b94       0x4  startup_stm32f767xx.o [1]
  .text              ro code  0x002c5b98       0x4  startup_stm32f767xx.o [1]
  .text              ro code  0x002c5b9c       0x4  startup_stm32f767xx.o [1]
  .text              ro code  0x002c5ba0       0x4  startup_stm32f767xx.o [1]
  .text              ro code  0x002c5ba4       0x4  startup_stm32f767xx.o [1]
  .text              ro code  0x002c5ba8       0x4  startup_stm32f767xx.o [1]
  .text              ro code  0x002c5bac       0x4  startup_stm32f767xx.o [1]
  .text              ro code  0x002c5bb0       0x4  startup_stm32f767xx.o [1]
  .text              ro code  0x002c5bb4       0x4  startup_stm32f767xx.o [1]
  .text              ro code  0x002c5bb8       0x4  startup_stm32f767xx.o [1]
  .text              ro code  0x002c5bbc       0x4  startup_stm32f767xx.o [1]
  .text              ro code  0x002c5bc0       0x4  startup_stm32f767xx.o [1]
  .text              ro code  0x002c5bc4       0x4  startup_stm32f767xx.o [1]
  .text              ro code  0x002c5bc8       0x4  startup_stm32f767xx.o [1]
  .text              ro code  0x002c5bcc       0x4  startup_stm32f767xx.o [1]
  .text              ro code  0x002c5bd0       0x4  startup_stm32f767xx.o [1]
  .text              ro code  0x002c5bd4       0x4  startup_stm32f767xx.o [1]
  .text              ro code  0x002c5bd8       0x4  startup_stm32f767xx.o [1]
  .text              ro code  0x002c5bdc       0x4  startup_stm32f767xx.o [1]
  .text              ro code  0x002c5be0       0x4  startup_stm32f767xx.o [1]
  .text              ro code  0x002c5be4       0x4  startup_stm32f767xx.o [1]
  .text              ro code  0x002c5be8       0x4  startup_stm32f767xx.o [1]
  .text              ro code  0x002c5bec       0x4  startup_stm32f767xx.o [1]
  .text              ro code  0x002c5bf0       0x4  startup_stm32f767xx.o [1]
  .text              ro code  0x002c5bf4       0x4  startup_stm32f767xx.o [1]
  .text              ro code  0x002c5bf8       0x4  startup_stm32f767xx.o [1]
  .text              ro code  0x002c5bfc       0x4  startup_stm32f767xx.o [1]
  .text              ro code  0x002c5c00       0x4  startup_stm32f767xx.o [1]
  .text              ro code  0x002c5c04       0x4  startup_stm32f767xx.o [1]
  .text              ro code  0x002c5c08       0x4  startup_stm32f767xx.o [1]
  .text              ro code  0x002c5c0c       0x4  startup_stm32f767xx.o [1]
  .text              ro code  0x002c5c10       0x4  startup_stm32f767xx.o [1]
  .text              ro code  0x002c5c14       0x4  startup_stm32f767xx.o [1]
  .text              ro code  0x002c5c18       0x4  startup_stm32f767xx.o [1]
  .text              ro code  0x002c5c1c       0x4  startup_stm32f767xx.o [1]
  .text              ro code  0x002c5c20       0x4  startup_stm32f767xx.o [1]
  .text              ro code  0x002c5c24       0x4  startup_stm32f767xx.o [1]
  .text              ro code  0x002c5c28       0x4  startup_stm32f767xx.o [1]
  .text              ro code  0x002c5c2c       0x4  startup_stm32f767xx.o [1]
  .text              ro code  0x002c5c30       0x4  startup_stm32f767xx.o [1]
  .text              ro code  0x002c5c34       0x4  startup_stm32f767xx.o [1]
  .text              ro code  0x002c5c38       0x4  startup_stm32f767xx.o [1]
  .text              ro code  0x002c5c3c       0x4  startup_stm32f767xx.o [1]
  .text              ro code  0x002c5c40       0x4  startup_stm32f767xx.o [1]
  .text              ro code  0x002c5c44       0x4  startup_stm32f767xx.o [1]
  .text              ro code  0x002c5c48       0x4  startup_stm32f767xx.o [1]
  .text              ro code  0x002c5c4c       0x4  startup_stm32f767xx.o [1]
  .text              ro code  0x002c5c50       0x4  startup_stm32f767xx.o [1]
  .text              ro code  0x002c5c54       0x4  startup_stm32f767xx.o [1]
  .text              ro code  0x002c5c58       0x4  startup_stm32f767xx.o [1]
  .text              ro code  0x002c5c5c       0x4  startup_stm32f767xx.o [1]
  .text              ro code  0x002c5c60       0x4  startup_stm32f767xx.o [1]
  .text              ro code  0x002c5c64       0x4  startup_stm32f767xx.o [1]
  .text              ro code  0x002c5c68       0x4  startup_stm32f767xx.o [1]
  .text              ro code  0x002c5c6c       0x4  startup_stm32f767xx.o [1]
  .text              ro code  0x002c5c70       0x4  startup_stm32f767xx.o [1]
  .text              ro code  0x002c5c74       0x4  startup_stm32f767xx.o [1]
  .text              ro code  0x002c5c78       0x4  startup_stm32f767xx.o [1]
  .text              ro code  0x002c5c7c       0x4  startup_stm32f767xx.o [1]
  .text              ro code  0x002c5c80       0x4  startup_stm32f767xx.o [1]
  .text              ro code  0x002c5c84       0x4  startup_stm32f767xx.o [1]
  .text              ro code  0x002c5c88       0x4  startup_stm32f767xx.o [1]
  .text              ro code  0x002c5c8c       0x4  startup_stm32f767xx.o [1]
  .text              ro code  0x002c5c90       0x4  startup_stm32f767xx.o [1]
  .text              ro code  0x002c5c94       0x4  startup_stm32f767xx.o [1]
  .text              ro code  0x002c5c98       0x4  startup_stm32f767xx.o [1]
  .text              ro code  0x002c5c9c       0x4  startup_stm32f767xx.o [1]
  .text              ro code  0x002c5ca0       0x4  startup_stm32f767xx.o [1]
  .text              ro code  0x002c5ca4       0x4  startup_stm32f767xx.o [1]
  .rodata            const    0x002c5ca8       0x0  zero_init3.o [5]
  .rodata            const    0x002c5ca8       0x0  copy_init3.o [5]
  Initializer bytes  const    0x002c5ca8      0x94  <for P5 s0>
                            - 0x002c5d3c   0xc5b44

"P4":                                       0x2000
  CSTACK                      0x20000000    0x2000  <Block>
    CSTACK           uninit   0x20000000    0x2000  <Block tail>
                            - 0x20002000    0x2000

"P5", part 1 of 2:                            0x94
  P5 s0                       0x20010000      0x94  <Init block>
    .data            inited   0x20010000      0x48  xfiles.o [3]
    .data            inited   0x20010048      0x38  xlocale_c.o [3]
    .data            inited   0x20010080       0x4  main.o [1]
    .data            inited   0x20010084       0x4  rgb.o [1]
    .data            inited   0x20010088       0x4  rgb.o [1]
    .data            inited   0x2001008c       0x4  system_stm32f7xx.o [1]
    .data            inited   0x20010090       0x1  apollo.o [1]
                            - 0x20010094      0x94

"P5", part 2 of 2:                           0x370
  .bss               zero     0x20010094      0xa8  rgb.o [1]
  .bss               zero     0x2001013c      0x80  apollo.o [1]
  .bss               zero     0x200101bc      0x70  apollo.o [1]
  .bss               zero     0x2001022c      0x50  xfiles.o [3]
  .bss               zero     0x2001027c      0x48  apollo.o [1]
  .bss               zero     0x200102c4      0x40  apollo.o [1]
  .bss               zero     0x20010304      0x40  apollo.o [1]
  .bss               zero     0x20010344      0x34  apollo.o [1]
  .bss               zero     0x20010378      0x20  rgb.o [1]
  .bss               zero     0x20010398      0x1c  apollo.o [1]
  .bss               zero     0x200103b4      0x10  apollo.o [1]
  .bss               zero     0x200103c4      0x10  rgb.o [1]
  .bss               zero     0x200103d4       0xc  apollo.o [1]
  .bss               zero     0x200103e0       0x8  rgb.o [1]
  .bss               zero     0x200103e8       0x4  apollo.o [1]
  .bss               zero     0x200103ec       0x4  apollo.o [1]
  .bss               zero     0x200103f0       0x4  main.o [1]
  .bss               zero     0x200103f4       0x4  rgb.o [1]
  .bss               zero     0x200103f8       0x4  stm32f7xx_hal.o [1]
  .bss               zero     0x200103fc       0x4  xfail_s.o [3]
  .bss               zero     0x20010400       0x1  apollo.o [1]
  .bss               zero     0x20010401       0x1  rgb.o [1]
                            - 0x20010402     0x36e

Absolute sections:                        0x1f4000
  .bss               zero     0xc0000000  0x1f4000  rgb.o [1]
                            - 0xc01f4000  0x1f4000


*******************************************************************************
*** INIT TABLE
***

          Address     Size
          -------     ----
Zero (__iar_zero_init3)
    2 destination ranges, total size 0x1f436e:
          0x20010094     0x36e
          0xc0000000  0x1f4000

Copy (__iar_copy_init3)
    1 source range, total size 0x94 (102% of destination):
          0x002c5ca8      0x94
    1 destination range, total size 0x91:
          0x20010000      0x91



*******************************************************************************
*** MODULE SUMMARY
***

    Module                  ro code  ro data  rw data    rw data
                                                          (abs)
    ------                  -------  -------  -------    -------
D:\Apollo\gpio\Debug\Obj: [1]
    apollo.o                  2 396       17      558
    main.o                      484  768 156        8
    rgb.o                     2 668   18 248      237  2 048 000
    startup_stm32f767xx.o       932
    stm32f7xx_hal.o             136                 4
    stm32f7xx_hal_adc.o       1 142
    stm32f7xx_hal_cortex.o      456
    stm32f7xx_hal_dma.o          38
    stm32f7xx_hal_gpio.o        608
    stm32f7xx_hal_ltdc.o      1 140
    stm32f7xx_hal_pwr_ex.o      136
    stm32f7xx_hal_rcc.o       1 884
    stm32f7xx_hal_rcc_ex.o    2 036
    stm32f7xx_hal_sdram.o       162
    stm32f7xx_hal_tim.o       1 478
    stm32f7xx_hal_tim_ex.o        4
    stm32f7xx_hal_uart.o      2 258
    stm32f7xx_it.o               22
    stm32f7xx_ll_fmc.o          364
    system_stm32f7xx.o          108       28        4
    ------------------------------------------------------------
    Total:                   18 452  786 449      811  2 048 000

command line: [2]
    ------------------------------------------------------------
    Total:

dl7M_tlf.a: [3]
    abort.o                       6
    exit.o                        4
    low_level_init.o              4
    printf.o                     40
    putchar.o                    12
    sprintf.o                    64
    xfail_s.o                    68                 4
    xfiles.o                              72      152
    xlocale_c.o                  12       60       56
    xprintffull_nomb.o        3 558
    xprout.o                     22
    xsprout.o                    10
    ------------------------------------------------------------
    Total:                    3 800      132      212

m7M_tlv.a: [4]
    DblCmpGe.o                   46
    DblCmpLe.o                   46
    DblDiv.o                     18
    DblMul.o                     18
    DblSub.o                     18
    DblToS32.o                   14
    DblToU32.o                   14
    S32ToDbl.o                   14
    U32ToDbl.o                   14
    fpinit_M.o                   34
    frexp.o                     112
    ldexp.o                     260
    ------------------------------------------------------------
    Total:                      608

rt7M_tl.a: [5]
    ABImemcpy.o                 166
    I64DivMod.o                 238
    I64DivZer.o                   2
    cexit.o                      10
    cmain.o                      26
    copy_init3.o                 44
    cstartup_M.o                 12
    data_init.o                  40
    memchr.o                     88
    strchr.o                     22
    strlen.o                     54
    zero_init3.o                 64
    ------------------------------------------------------------
    Total:                      766

shb_l.a: [6]
    exit.o                       20
    ------------------------------------------------------------
    Total:                       20

    Gaps                         24        2
    Linker created                        47    8 192
----------------------------------------------------------------
    Grand Total:             23 670  786 630    9 215  2 048 000


*******************************************************************************
*** ENTRY LIST
***

Entry                      Address      Size  Type      Object
-----                      -------      ----  ----      ------
.iar.init_table$$Base   0x002c59ec             --   Gb  - Linker created -
.iar.init_table$$Limit  0x002c5a18             --   Gb  - Linker created -
?main                   0x002c5a19            Code  Gb  cmain.o [5]
ADC_Init                0x002c41bf     0x166  Code  Lc  stm32f7xx_hal_adc.o [1]
AHBPrescTable           0x002c5ac0      0x10  Data  Gb  system_stm32f7xx.o [1]
APBPrescTable           0x002c5b00       0x8  Data  Gb  system_stm32f7xx.o [1]
APPOLO_RGB              0x002c13a5      0x84  Code  Gb  rgb.o [1]
BACK_COLOR              0x20010088       0x4  Data  Gb  rgb.o [1]
BusFault_Handler        0x002c5a4b       0x2  Code  Gb  stm32f7xx_it.o [1]
CPU_CACHE_Enable        0x002c2489       0xc  Code  Gb  apollo.o [1]
CSTACK$$Base            0x20000000             --   Gb  - Linker created -
CSTACK$$Limit           0x20002000             --   Gb  - Linker created -
DebugMon_Handler        0x002c5a51       0x2  Code  Gb  stm32f7xx_it.o [1]
EXTI2_IRQHandler        0x002c2afd      0x1e  Code  Gb  apollo.o [1]
EXTI3_IRQHandler        0x002c2b1b      0x84  Code  Gb  apollo.o [1]
FMC_SDRAM_Init          0x002c4a4d      0x74  Code  Gb  stm32f7xx_ll_fmc.o [1]
FMC_SDRAM_ProgramRefreshRate
                        0x002c4bad       0xc  Code  Gb  stm32f7xx_ll_fmc.o [1]
FMC_SDRAM_SendCommand   0x002c4b5d      0x50  Code  Gb  stm32f7xx_ll_fmc.o [1]
FMC_SDRAM_Timing_Init   0x002c4ac1      0x96  Code  Gb  stm32f7xx_ll_fmc.o [1]
HAL_ADC_ConfigChannel   0x002c401f     0x1a0  Code  Gb  stm32f7xx_hal_adc.o [1]
HAL_ADC_GetValue        0x002c4019       0x6  Code  Gb  stm32f7xx_hal_adc.o [1]
HAL_ADC_Init            0x002c3ed1      0x64  Code  Gb  stm32f7xx_hal_adc.o [1]
HAL_ADC_Start           0x002c3f35      0xe4  Code  Gb  stm32f7xx_hal_adc.o [1]
HAL_DMA_Abort_IT        0x002c49ed      0x26  Code  Gb  stm32f7xx_hal_dma.o [1]
HAL_Delay               0x002c49ab      0x1a  Code  Wk  stm32f7xx_hal.o [1]
HAL_GPIO_Init           0x002c189d     0x1fa  Code  Gb  stm32f7xx_hal_gpio.o [1]
HAL_GPIO_ReadPin        0x002c1a97      0x12  Code  Gb  stm32f7xx_hal_gpio.o [1]
HAL_GPIO_WritePin       0x002c1aa9      0x14  Code  Gb  stm32f7xx_hal_gpio.o [1]
HAL_GetTick             0x002c22f1       0xc  Code  Wk  stm32f7xx_hal.o [1]
HAL_IncTick             0x002c5a5d      0x10  Code  Wk  stm32f7xx_hal.o [1]
HAL_Init                0x002c5801      0x22  Code  Gb  stm32f7xx_hal.o [1]
HAL_InitTick            0x002c4a19      0x28  Code  Wk  stm32f7xx_hal.o [1]
HAL_LTDC_ConfigLayer    0x002c1555      0x52  Code  Gb  stm32f7xx_hal_ltdc.o [1]
HAL_LTDC_Init           0x002c1429     0x12c  Code  Gb  stm32f7xx_hal_ltdc.o [1]
HAL_LTDC_MspInit        0x002c1225     0x110  Code  Gb  rgb.o [1]
HAL_LTDC_SetWindowPosition
                        0x002c1605      0x56  Code  Gb  stm32f7xx_hal_ltdc.o [1]
HAL_LTDC_SetWindowSize  0x002c15a7      0x5e  Code  Gb  stm32f7xx_hal_ltdc.o [1]
HAL_MPU_ConfigRegion    0x002c3e43      0x58  Code  Gb  stm32f7xx_hal_cortex.o [1]
HAL_MPU_Disable         0x002c3e0d      0x18  Code  Gb  stm32f7xx_hal_cortex.o [1]
HAL_MPU_Enable          0x002c3e25      0x1e  Code  Gb  stm32f7xx_hal_cortex.o [1]
HAL_NVIC_EnableIRQ      0x002c3dfb       0xa  Code  Gb  stm32f7xx_hal_cortex.o [1]
HAL_NVIC_SetPriority    0x002c3dd9      0x22  Code  Gb  stm32f7xx_hal_cortex.o [1]
HAL_NVIC_SetPriorityGrouping
                        0x002c3dd1       0x8  Code  Gb  stm32f7xx_hal_cortex.o [1]
HAL_PWREx_EnableOverDrive
                        0x002c3c81      0x7a  Code  Gb  stm32f7xx_hal_pwr_ex.o [1]
HAL_RCCEx_PeriphCLKConfig
                        0x002c1afd     0x7c8  Code  Gb  stm32f7xx_hal_rcc_ex.o [1]
HAL_RCC_ClockConfig     0x002c39d3     0x1a2  Code  Gb  stm32f7xx_hal_rcc.o [1]
HAL_RCC_GetHCLKFreq     0x002c3c01       0x6  Code  Gb  stm32f7xx_hal_rcc.o [1]
HAL_RCC_GetPCLK1Freq    0x002c3c07      0x20  Code  Gb  stm32f7xx_hal_rcc.o [1]
HAL_RCC_GetPCLK2Freq    0x002c3c27      0x20  Code  Gb  stm32f7xx_hal_rcc.o [1]
HAL_RCC_GetSysClockFreq
                        0x002c3b75      0x8c  Code  Gb  stm32f7xx_hal_rcc.o [1]
HAL_RCC_OscConfig       0x002c3525     0x4ae  Code  Gb  stm32f7xx_hal_rcc.o [1]
HAL_SDRAM_Init          0x002c4909      0x44  Code  Gb  stm32f7xx_hal_sdram.o [1]
HAL_SDRAM_MspInit       0x002c28bb      0xf4  Code  Gb  apollo.o [1]
HAL_SDRAM_ProgramRefreshRate
                        0x002c4985      0x26  Code  Gb  stm32f7xx_hal_sdram.o [1]
HAL_SDRAM_SendCommand   0x002c494d      0x38  Code  Gb  stm32f7xx_hal_sdram.o [1]
HAL_SYSTICK_Config      0x002c3e05       0x8  Code  Gb  stm32f7xx_hal_cortex.o [1]
HAL_TIMEx_BreakCallback
                        0x002c4a45       0x2  Code  Wk  stm32f7xx_hal_tim_ex.o [1]
HAL_TIMEx_CommutationCallback
                        0x002c4a49       0x2  Code  Wk  stm32f7xx_hal_tim_ex.o [1]
HAL_TIM_IC_CaptureCallback
                        0x002c2a87      0x76  Code  Gb  apollo.o [1]
HAL_TIM_IC_ConfigChannel
                        0x002c457d      0xd4  Code  Gb  stm32f7xx_hal_tim.o [1]
HAL_TIM_IC_Init         0x002c4349      0x38  Code  Gb  stm32f7xx_hal_tim.o [1]
HAL_TIM_IC_MspInit      0x002c278d      0x7c  Code  Gb  apollo.o [1]
HAL_TIM_IC_Start_IT     0x002c4381      0x68  Code  Gb  stm32f7xx_hal_tim.o [1]
HAL_TIM_IRQHandler      0x002c43e9     0x194  Code  Gb  stm32f7xx_hal_tim.o [1]
HAL_TIM_PeriodElapsedCallback
                        0x002c2a37      0x3c  Code  Gb  apollo.o [1]
HAL_TIM_ReadCapturedValue
                        0x002c4651      0x48  Code  Gb  stm32f7xx_hal_tim.o [1]
HAL_UART_IRQHandler     0x002c2da3     0x146  Code  Gb  stm32f7xx_hal_uart.o [1]
HAL_UART_Init           0x002c2c59      0x7e  Code  Gb  stm32f7xx_hal_uart.o [1]
HAL_UART_MspInit        0x002c2653      0xf0  Code  Gb  apollo.o [1]
HAL_UART_Transmit       0x002c2cd7      0xcc  Code  Gb  stm32f7xx_hal_uart.o [1]
HardFault_Handler       0x002c5a49       0x2  Code  Gb  stm32f7xx_it.o [1]
IADC                    0x2001027c      0x48  Data  Gb  apollo.o [1]
IC_Config               0x200103b4      0x10  Data  Gb  apollo.o [1]
IC_init                 0x002c2743      0x4a  Code  Gb  apollo.o [1]
ISDRAM                  0x20010344      0x34  Data  Gb  apollo.o [1]
ISDRAM_Timing           0x20010398      0x1c  Data  Gb  apollo.o [1]
ITIM                    0x200102c4      0x40  Data  Gb  apollo.o [1]
ITIM5                   0x20010304      0x40  Data  Gb  apollo.o [1]
IUART                   0x200101bc      0x70  Data  Gb  apollo.o [1]
KEY_init                0x002c241f      0x42  Code  Gb  apollo.o [1]
LCD_Init                0x002c09bd      0x1c  Code  Gb  rgb.o [1]
LCD_ShowChar            0x002c108d     0x140  Code  Gb  rgb.o [1]
LCD_ShowString          0x002c101f      0x6e  Code  Gb  rgb.o [1]
LED_init                0x002c23a7      0x40  Code  Gb  apollo.o [1]
LED_off                 0x002c2403      0x1c  Code  Gb  apollo.o [1]
LED_on                  0x002c23e7      0x1c  Code  Gb  apollo.o [1]
LTDC_Clear              0x002c0ec7      0x22  Code  Gb  rgb.o [1]
LTDC_Clk_Set            0x002c0ffd      0x22  Code  Gb  rgb.o [1]
LTDC_Display_Dir        0x002c0e79      0x46  Code  Gb  rgb.o [1]
LTDC_Draw_Point         0x002c11cd      0x58  Code  Gb  rgb.o [1]
LTDC_Fill               0x002c0ee9     0x114  Code  Gb  rgb.o [1]
LTDC_Fill::timeout      0x200103f4       0x4  Data  Lc  rgb.o [1]
LTDC_Handler            0x20010094      0xa8  Data  Gb  rgb.o [1]
LTDC_Init               0x002c09d9     0x31e  Code  Gb  rgb.o [1]
LTDC_Layer_Parameter_Config
                        0x002c0dcb      0x80  Code  Gb  rgb.o [1]
LTDC_Layer_Window_Config
                        0x002c0e4b      0x2e  Code  Gb  rgb.o [1]
LTDC_PanelID_Read       0x002c0cf7      0xd4  Code  Gb  rgb.o [1]
LTDC_Select_Layer       0x002c0ebf       0x8  Code  Gb  rgb.o [1]
LTDC_SetConfig          0x002c165b     0x238  Code  Lc  stm32f7xx_hal_ltdc.o [1]
LoadInt                 0x002beb1f      0x7a  Code  Lc  xprintffull_nomb.o [3]
MPU_init                0x002c25a7      0x12  Code  Gb  apollo.o [1]
MPU_set_protection      0x002c2559      0x4e  Code  Gb  apollo.o [1]
MemManage_Handler       0x002c2ba9       0xe  Code  Gb  apollo.o [1]
NMI_Handler             0x002c5a47       0x2  Code  Gb  stm32f7xx_it.o [1]
NVIC_EnableIRQ          0x002c3d2f      0x14  Code  Lc  stm32f7xx_hal_cortex.o [1]
NVIC_EncodePriority     0x002c3d65      0x3e  Code  Lc  stm32f7xx_hal_cortex.o [1]
NVIC_GetPriorityGrouping
                        0x002c3d25       0xa  Code  Lc  stm32f7xx_hal_cortex.o [1]
NVIC_SetPriority        0x002c3d43      0x22  Code  Lc  stm32f7xx_hal_cortex.o [1]
NVIC_SetPriorityGrouping
                        0x002c3d09      0x1c  Code  Lc  stm32f7xx_hal_cortex.o [1]
NVIC_SystemReset        0x002c22fd      0x22  Code  Lc  apollo.o [1]
POINT_COLOR             0x20010084       0x4  Data  Gb  rgb.o [1]
PendSV_Handler          0x002c5a53       0x2  Code  Gb  stm32f7xx_it.o [1]
Region$$Table$$Base     0x002c59ec             --   Gb  - Linker created -
Region$$Table$$Limit    0x002c5a18             --   Gb  - Linker created -
SCB_EnableDCache        0x002c2349      0x5e  Code  Lc  apollo.o [1]
SCB_EnableICache        0x002c231f      0x2a  Code  Lc  apollo.o [1]
SDRAM_Initialization_Sequence
                        0x002c29af      0x4a  Code  Gb  apollo.o [1]
SDRAM_Send_Cmd          0x002c29f9      0x3e  Code  Gb  apollo.o [1]
SDRAM_init              0x002c2809      0xb2  Code  Gb  apollo.o [1]
SVC_Handler             0x002c5a4f       0x2  Code  Gb  stm32f7xx_it.o [1]
SysTick_Config          0x002c3da3      0x2e  Code  Lc  stm32f7xx_hal_cortex.o [1]
SysTick_Handler         0x002c5a55       0x8  Code  Gb  stm32f7xx_it.o [1]
SystemClock_Config      0x002c2495      0xae  Code  Gb  apollo.o [1]
SystemCoreClock         0x2001008c       0x4  Data  Gb  system_stm32f7xx.o [1]
SystemInit              0x002c586d      0x4c  Code  Gb  system_stm32f7xx.o [1]
TEMP_init               0x002c25b9      0x9a  Code  Gb  apollo.o [1]
TIM3_IRQHandler         0x002c2a73       0xa  Code  Gb  apollo.o [1]
TIM5_IRQHandler         0x002c2a7d       0xa  Code  Gb  apollo.o [1]
TIM_Base_SetConfig      0x002c4699      0xec  Code  Gb  stm32f7xx_hal_tim.o [1]
TIM_CCxChannelCmd       0x002c48eb      0x1e  Code  Gb  stm32f7xx_hal_tim.o [1]
TIM_TI1_SetConfig       0x002c4785      0x7e  Code  Gb  stm32f7xx_hal_tim.o [1]
TIM_TI2_SetConfig       0x002c4831      0x3e  Code  Lc  stm32f7xx_hal_tim.o [1]
TIM_TI3_SetConfig       0x002c486f      0x3e  Code  Lc  stm32f7xx_hal_tim.o [1]
TIM_TI4_SetConfig       0x002c48ad      0x3e  Code  Lc  stm32f7xx_hal_tim.o [1]
UART_AdvFeatureConfig   0x002c3401      0xda  Code  Gb  stm32f7xx_hal_uart.o [1]
UART_CheckIdleState     0x002c34db      0x4a  Code  Gb  stm32f7xx_hal_uart.o [1]
UART_DMAAbortOnError    0x002c2f59      0x16  Code  Lc  stm32f7xx_hal_uart.o [1]
UART_EndRxTransfer      0x002c307d      0x20  Code  Lc  stm32f7xx_hal_uart.o [1]
UART_EndTransmit_IT     0x002c2fdb      0x1c  Code  Lc  stm32f7xx_hal_uart.o [1]
UART_Receive_IT         0x002c2ff7      0x86  Code  Lc  stm32f7xx_hal_uart.o [1]
UART_SetConfig          0x002c309d     0x330  Code  Gb  stm32f7xx_hal_uart.o [1]
UART_Transmit_IT        0x002c2f6f      0x6c  Code  Lc  stm32f7xx_hal_uart.o [1]
UART_WaitOnFlagUntilTimeout
                        0x002c2ee9      0x6e  Code  Gb  stm32f7xx_hal_uart.o [1]
UART_init               0x002c2461      0x28  Code  Gb  apollo.o [1]
USART2_IRQHandler       0x002c2b9f       0xa  Code  Gb  apollo.o [1]
UsageFault_Handler      0x002c5a4d       0x2  Code  Gb  stm32f7xx_it.o [1]
_GenldFullNoMb          0x002bf483     0x256  Code  Lc  xprintffull_nomb.o [3]
_LdtobFullNoMb          0x002bf05b     0x3fe  Code  Lc  xprintffull_nomb.o [3]
_LitobFullNoMb          0x002bef0b     0x10a  Code  Lc  xprintffull_nomb.o [3]
_Locale_lconv           0x20010048      0x38  Data  Lc  xlocale_c.o [3]
_PrintfFullNoMb         0x002be981     0x190  Code  Gb  xprintffull_nomb.o [3]
_Prout                  0x002c5a6d      0x16  Code  Gb  xprout.o [3]
_PutcharsFullNoMb       0x002bf6d9      0x2e  Code  Lc  xprintffull_nomb.o [3]
_PutfldFullNoMb         0x002beb99     0x264  Code  Lc  xprintffull_nomb.o [3]
_PuttxtFullNoMb         0x002bedfd     0x10e  Code  Lc  xprintffull_nomb.o [3]
_SProut                 0x002bf767       0xa  Code  Gb  xsprout.o [3]
__aeabi_cdcmple         0x002bfa75            Code  Gb  DblCmpLe.o [4]
__aeabi_cdrcmple        0x002bfaa5            Code  Gb  DblCmpGe.o [4]
__aeabi_d2iz            0x002bfbd9       0xe  Code  Gb  DblToS32.o [4]
__aeabi_d2uiz           0x002bfc19       0xe  Code  Gb  DblToU32.o [4]
__aeabi_ddiv            0x002bfc07      0x12  Code  Gb  DblDiv.o [4]
__aeabi_dmul            0x002bf94b      0x12  Code  Gb  DblMul.o [4]
__aeabi_dsub            0x002bfbf5      0x12  Code  Gb  DblSub.o [4]
__aeabi_i2d             0x002bfbe7       0xe  Code  Gb  S32ToDbl.o [4]
__aeabi_ldiv0           0x002bfc49            Code  Gb  I64DivZer.o [5]
__aeabi_memcpy          0x002bf95d            Code  Gb  ABImemcpy.o [5]
__aeabi_memcpy4         0x002bf97d            Code  Gb  ABImemcpy.o [5]
__aeabi_memcpy8         0x002bf97d            Code  Gb  ABImemcpy.o [5]
__aeabi_ui2d            0x002bfc27       0xe  Code  Gb  U32ToDbl.o [4]
__aeabi_uldivmod        0x002bf85d            Code  Gb  I64DivMod.o [5]
__cmain                 0x002c5a19            Code  Gb  cmain.o [5]
__exit                  0x002bfc4d      0x14  Code  Gb  exit.o [6]
__iar_Fail_s            0x002bf789      0x1e  Code  Gb  xfail_s.o [3]
__iar_Memchr            0x002bf805            Code  Gb  memchr.o [5]
__iar_Stdout            0x20010000      0x48  Data  Gb  xfiles.o [3]
__iar_Strchr            0x002bf771            Code  Gb  strchr.o [5]
__iar_copy_init3        0x002c5975      0x2c  Code  Gb  copy_init3.o [5]
__iar_data_init3        0x002c59a1      0x28  Code  Gb  data_init.o [5]
__iar_frexp             0x002bfa11            Code  Gb  frexp.o [4]
__iar_frexpl            0x002bfa11            Code  Gb  frexp.o [4]
__iar_init_vfp          0x002c59c9            Code  Gb  fpinit_M.o [4]
__iar_ldexp64           0x002bfae9            Code  Gb  ldexp.o [4]
__iar_program_start     0x002c5aed            Code  Gb  cstartup_M.o [5]
__iar_scalbln64         0x002bfae9            Code  Gb  ldexp.o [4]
__iar_scalbn64          0x002bfae9            Code  Gb  ldexp.o [4]
__iar_softfp___iar_frexp64
                        0x002bfa05            Code  Gb  frexp.o [4]
__iar_softfp___iar_ldexp64
                        0x002bfad5            Code  Gb  ldexp.o [4]
__iar_softfp___iar_scalbln64
                        0x002bfad5            Code  Gb  ldexp.o [4]
__iar_softfp___iar_scalbn64
                        0x002bfad5            Code  Gb  ldexp.o [4]
__iar_softfp_frexp      0x002bfa05            Code  Gb  frexp.o [4]
__iar_softfp_frexpl     0x002bfa05            Code  Gb  frexp.o [4]
__iar_softfp_ldexp      0x002bfad5            Code  Gb  ldexp.o [4]
__iar_softfp_ldexpl     0x002bfad5            Code  Gb  ldexp.o [4]
__iar_softfp_scalbln    0x002bfad5            Code  Gb  ldexp.o [4]
__iar_softfp_scalblnl   0x002bfad5            Code  Gb  ldexp.o [4]
__iar_softfp_scalbn     0x002bfad5            Code  Gb  ldexp.o [4]
__iar_softfp_scalbnl    0x002bfad5            Code  Gb  ldexp.o [4]
__iar_systems$$module {Abs}
                        0x00000001            Data  Gb  command line/config [2]
__iar_zero_init3        0x002c58d9      0x40  Code  Gb  zero_init3.o [5]
__low_level_init        0x002c5a33       0x4  Code  Gb  low_level_init.o [3]
__vector_table          0x00200000            Data  Gb  startup_stm32f767xx.o [1]
_call_main              0x002c5a25            Code  Gb  cmain.o [5]
_exit                   0x002c5a3d            Code  Gb  cexit.o [5]
_main                   0x002c5a2f            Code  Gb  cmain.o [5]
abort                   0x002bfc41       0x6  Code  Gb  abort.o [3]
asc2_1206               0x002c51a8     0x474  Data  Lc  rgb.o [1]
asc2_1608               0x002c4bb8     0x5f0  Data  Lc  rgb.o [1]
asc2_2412               0x002bfc60     0xd5c  Data  Lc  rgb.o [1]
asc2_3216               0x002bba00    0x2f80  Data  Lc  rgb.o [1]
exit                    0x002c5a37       0x4  Code  Gb  exit.o [3]
fputc                   0x002c2543      0x16  Code  Gb  apollo.o [1]
gImage_xiong            0x002001f8   0xbb808  Data  Lc  main.o [1]
ic_state                0x20010400       0x1  Data  Gb  apollo.o [1]
ic_value                0x200103ec       0x4  Data  Gb  apollo.o [1]
key_qd                  0x200103d4       0xc  Data  Gb  apollo.o [1]
lcd_led_flag            0x20010090       0x1  Data  Gb  apollo.o [1]
lcddev                  0x200103c4      0x10  Data  Gb  rgb.o [1]
lcdltdc                 0x20010378      0x20  Data  Gb  rgb.o [1]
ldexp                   0x002bfae9            Code  Gb  ldexp.o [4]
ldexpl                  0x002bfae9            Code  Gb  ldexp.o [4]
led_flag                0x200103e8       0x4  Data  Gb  apollo.o [1]
localeconv              0x002bfc35       0x4  Code  Gb  xlocale_c.o [3]
ltdc_framebuf           0x200103e0       0x8  Data  Gb  rgb.o [1]
ltdc_lcd_framebuf       0xc0000000  0x1f4000  Data  Gb  rgb.o [1]
main                    0x002c561d     0x1e4  Code  Gb  main.o [1]
memchr                  0x002bf805            Code  Gb  memchr.o [5]
mpudata                 0x20010080       0x4  Data  Gb  main.o [1]
mpup                    0x200103f0       0x4  Data  Gb  main.o [1]
obuf                    0x2001022c      0x50  Data  Lc  xfiles.o [3]
printf                  0x002c49c5      0x28  Code  Gb  printf.o [3]
putchar                 0x002c5a85       0xc  Code  Gb  putchar.o [3]
ret                     0x20010401       0x1  Data  Gb  rgb.o [1]
rstr                    0x2001013c      0x80  Data  Gb  apollo.o [1]
scalbln                 0x002bfae9            Code  Gb  ldexp.o [4]
scalblnl                0x002bfae9            Code  Gb  ldexp.o [4]
scalbn                  0x002bfae9            Code  Gb  ldexp.o [4]
scalbnl                 0x002bfae9            Code  Gb  ldexp.o [4]
scale                   0x002bf015      0x46  Code  Lc  xprintffull_nomb.o [3]
sec_hand                0x200103fc       0x4  Data  Lc  xfail_s.o [3]
sprintf                 0x002c582d      0x40  Code  Gb  sprintf.o [3]
strchr                  0x002bf771            Code  Gb  strchr.o [5]
strlen                  0x002bf7cd            Code  Gb  strlen.o [5]
uwTick                  0x200103f8       0x4  Data  Gb  stm32f7xx_hal.o [1]


[1] = D:\Apollo\gpio\Debug\Obj
[2] = command line
[3] = dl7M_tlf.a
[4] = m7M_tlv.a
[5] = rt7M_tl.a
[6] = shb_l.a

   23 670 bytes of readonly  code memory
  786 630 bytes of readonly  data memory
    9 215 bytes of readwrite data memory (+ 2 048 000 absolute)

Errors: none
Warnings: none
