###############################################################################
#
# IAR ELF Linker V8.11.1.13263/W32 for ARM                26/Apr/2017  15:55:45
# Copyright 2007-2017 IAR Systems AB.
#
#    Output file  =  D:\Apollo\gpio\Debug\Exe\gpio.out
#    Map file     =  D:\Apollo\gpio\Debug\List\gpio.map
#    Command line =  
#        -f C:\Users\iysheng\AppData\Local\Temp\EW55F6.tmp
#        (D:\Apollo\gpio\Debug\Obj\apollo.o D:\Apollo\gpio\Debug\Obj\main.o
#        D:\Apollo\gpio\Debug\Obj\startup_stm32f767xx.o
#        D:\Apollo\gpio\Debug\Obj\stm32f7xx_hal.o
#        D:\Apollo\gpio\Debug\Obj\stm32f7xx_hal_adc.o
#        D:\Apollo\gpio\Debug\Obj\stm32f7xx_hal_cortex.o
#        D:\Apollo\gpio\Debug\Obj\stm32f7xx_hal_dma.o
#        D:\Apollo\gpio\Debug\Obj\stm32f7xx_hal_gpio.o
#        D:\Apollo\gpio\Debug\Obj\stm32f7xx_hal_pwr_ex.o
#        D:\Apollo\gpio\Debug\Obj\stm32f7xx_hal_rcc.o
#        D:\Apollo\gpio\Debug\Obj\stm32f7xx_hal_tim.o
#        D:\Apollo\gpio\Debug\Obj\stm32f7xx_hal_tim_ex.o
#        D:\Apollo\gpio\Debug\Obj\stm32f7xx_hal_uart.o
#        D:\Apollo\gpio\Debug\Obj\stm32f7xx_it.o
#        D:\Apollo\gpio\Debug\Obj\system_stm32f7xx.o -o
#        D:\Apollo\gpio\Debug\Exe\gpio.out --redirect _Printf=_PrintfFullNoMb
#        --redirect _Scanf=_ScanfFullNoMb --map
#        D:\Apollo\gpio\Debug\List\gpio.map --config "D:\Program Files
#        (x86)\IAR Systems\Embedded Workbench
#        8.0\arm\config\linker\ST\stm32f767xG.icf" --semihosting --entry
#        __iar_program_start --vfe --text_out locale)
#
###############################################################################

*******************************************************************************
*** RUNTIME MODEL ATTRIBUTES
***

CppFlavor       = *
__SystemLibrary = DLib
__dlib_version  = 6


*******************************************************************************
*** HEAP SELECTION
***

The basic heap was selected because no calls to memory allocation
functions were found in the application outside of system library
functions, and there are calls to deallocation functions in the
application.


*******************************************************************************
*** PLACEMENT SUMMARY
***

"A0":  place at 0x00200000 { ro section .intvec };
"P1":  place in [from 0x00200000 to 0x002fffff] { ro };
"P4":  place in [from 0x20000000 to 0x2000ffff] { block CSTACK };
"P5":  place in [from 0x20010000 to 0x2004bfff] |
                [from 0x2004c000 to 0x2004ffff] { rw, block HEAP };
initialize by copy { rw };

  Section            Kind        Address    Size  Object
  -------            ----        -------    ----  ------
"A0":                                      0x1f8
  .intvec            ro code  0x00200000   0x1f8  startup_stm32f767xx.o [1]
                            - 0x002001f8   0x1f8

"P1":                                     0x39a8
  .text              ro code  0x002001f8   0xde6  xprintffull_nomb.o [3]
  .text              ro code  0x00200fde     0xa  xsprout.o [3]
  .text              ro code  0x00200fe8    0x16  strchr.o [5]
  .text              ro code  0x00201000    0x44  xfail_s.o [3]
  .text              ro code  0x00201044    0x36  strlen.o [5]
  .text              ro code  0x0020107c    0x58  memchr.o [5]
  .text              ro code  0x002010d4    0xee  I64DivMod.o [5]
  .text              ro code  0x002011c2    0x12  DblMul.o [4]
  .text              ro code  0x002011d4    0xa6  ABImemcpy.o [5]
  .text              ro code  0x0020127c    0x70  frexp.o [4]
  .text              ro code  0x002012ec    0x2e  DblCmpLe.o [4]
  .text              ro code  0x0020131c    0x2e  DblCmpGe.o [4]
  .text              ro code  0x0020134c   0x104  ldexp.o [4]
  .text              ro code  0x00201450     0xe  DblToS32.o [4]
  .text              ro code  0x0020145e     0xe  S32ToDbl.o [4]
  .text              ro code  0x0020146c    0x12  DblSub.o [4]
  .text              ro code  0x0020147e    0x12  DblDiv.o [4]
  .text              ro code  0x00201490     0xe  DblToU32.o [4]
  .text              ro code  0x0020149e     0xe  U32ToDbl.o [4]
  .text              ro code  0x002014ac     0xc  xlocale_c.o [3]
  .text              ro code  0x002014b8     0x6  abort.o [3]
  .text              ro code  0x002014c0     0x2  I64DivZer.o [5]
  .text              ro code  0x002014c4    0x14  exit.o [6]
  .text              ro code  0x002014d8   0x8cc  stm32f7xx_hal_uart.o [1]
  .text              ro code  0x00201da4   0x3fc  apollo.o [1]
  .text              ro code  0x002021a0     0xc  stm32f7xx_hal.o [1]
  .text              ro code  0x002021ac    0x26  stm32f7xx_hal_dma.o [1]
  .text              ro code  0x002021d2     0x2  stm32f7xx_hal_uart.o [1]
  .text              ro code  0x002021d4     0x2  stm32f7xx_hal_uart.o [1]
  .text              ro code  0x002021d6     0x2  stm32f7xx_hal_uart.o [1]
  .text              ro code  0x002021d8   0x75c  stm32f7xx_hal_rcc.o [1]
  .text              ro code  0x00202934   0x250  stm32f7xx_hal_gpio.o [1]
  .text              ro code  0x00202b84    0x88  stm32f7xx_hal_pwr_ex.o [1]
  .text              ro code  0x00202c0c   0x51e  stm32f7xx_hal_adc.o [1]
  .text              ro code  0x0020312c   0x300  stm32f7xx_hal_tim.o [1]
  .text              ro code  0x0020342c   0x124  stm32f7xx_hal_cortex.o [1]
  .text              ro code  0x00203550    0x28  stm32f7xx_hal.o [1]
  .text              ro code  0x00203578     0x2  stm32f7xx_hal_tim.o [1]
  .text              ro code  0x0020357a     0x2  stm32f7xx_hal_tim.o [1]
  .text              ro code  0x0020357c     0x2  stm32f7xx_hal_tim.o [1]
  .text              ro code  0x0020357e     0x2  stm32f7xx_hal_tim_ex.o [1]
  .text              ro code  0x00203580     0x2  stm32f7xx_hal_tim.o [1]
  .text              ro code  0x00203582     0x2  stm32f7xx_hal_tim_ex.o [1]
  .text              ro code  0x00203584    0xf8  main.o [1]
  .text              ro code  0x0020367c    0x2a  stm32f7xx_hal.o [1]
  .text              ro code  0x002036a8    0x28  printf.o [3]
  .text              ro code  0x002036d0    0x40  sprintf.o [3]
  .text              ro code  0x00203710    0x6c  system_stm32f7xx.o [1]
  .text              ro code  0x0020377c    0x40  zero_init3.o [5]
  .rodata            const    0x002037bc    0x30  main.o [1]
  .rodata            const    0x002037ec    0x2c  main.o [1]
  .text              ro code  0x00203818    0x2c  copy_init3.o [5]
  .text              ro code  0x00203844    0x28  data_init.o [5]
  .text              ro code  0x0020386c    0x22  fpinit_M.o [4]
  .iar.init_table    const    0x00203890    0x24  - Linker created -
  .text              ro code  0x002038b4    0x1a  cmain.o [5]
  .text              ro code  0x002038ce     0x4  low_level_init.o [3]
  .text              ro code  0x002038d2     0x4  exit.o [3]
  .text              ro code  0x002038d8     0xa  cexit.o [5]
  .text              ro code  0x002038e2    0x18  stm32f7xx_it.o [1]
  .text              ro code  0x002038fc    0x10  stm32f7xx_hal.o [1]
  .text              ro code  0x0020390c    0x16  xprout.o [3]
  .text              ro code  0x00203924     0xc  putchar.o [3]
  .rodata            const    0x00203930    0x14  main.o [1]
  .rodata            const    0x00203944    0x10  system_stm32f7xx.o [1]
  .text              ro code  0x00203954    0x10  startup_stm32f767xx.o [1]
  .text              ro code  0x00203964     0xc  cstartup_M.o [5]
  .rodata            const    0x00203970     0x8  system_stm32f7xx.o [1]
  .rodata            const    0x00203978     0x4  xlocale_c.o [3]
  .text              ro code  0x0020397c     0x4  startup_stm32f767xx.o [1]
  .text              ro code  0x00203980     0x4  startup_stm32f767xx.o [1]
  .text              ro code  0x00203984     0x4  startup_stm32f767xx.o [1]
  .text              ro code  0x00203988     0x4  startup_stm32f767xx.o [1]
  .text              ro code  0x0020398c     0x4  startup_stm32f767xx.o [1]
  .text              ro code  0x00203990     0x4  startup_stm32f767xx.o [1]
  .text              ro code  0x00203994     0x4  startup_stm32f767xx.o [1]
  .text              ro code  0x00203998     0x4  startup_stm32f767xx.o [1]
  .text              ro code  0x0020399c     0x4  startup_stm32f767xx.o [1]
  .text              ro code  0x002039a0     0x4  startup_stm32f767xx.o [1]
  .text              ro code  0x002039a4     0x4  startup_stm32f767xx.o [1]
  .text              ro code  0x002039a8     0x4  startup_stm32f767xx.o [1]
  .text              ro code  0x002039ac     0x4  startup_stm32f767xx.o [1]
  .text              ro code  0x002039b0     0x4  startup_stm32f767xx.o [1]
  .text              ro code  0x002039b4     0x4  startup_stm32f767xx.o [1]
  .text              ro code  0x002039b8     0x4  startup_stm32f767xx.o [1]
  .text              ro code  0x002039bc     0x4  startup_stm32f767xx.o [1]
  .text              ro code  0x002039c0     0x4  startup_stm32f767xx.o [1]
  .text              ro code  0x002039c4     0x4  startup_stm32f767xx.o [1]
  .text              ro code  0x002039c8     0x4  startup_stm32f767xx.o [1]
  .text              ro code  0x002039cc     0x4  startup_stm32f767xx.o [1]
  .text              ro code  0x002039d0     0x4  startup_stm32f767xx.o [1]
  .text              ro code  0x002039d4     0x4  startup_stm32f767xx.o [1]
  .text              ro code  0x002039d8     0x4  startup_stm32f767xx.o [1]
  .text              ro code  0x002039dc     0x4  startup_stm32f767xx.o [1]
  .text              ro code  0x002039e0     0x4  startup_stm32f767xx.o [1]
  .text              ro code  0x002039e4     0x4  startup_stm32f767xx.o [1]
  .text              ro code  0x002039e8     0x4  startup_stm32f767xx.o [1]
  .text              ro code  0x002039ec     0x4  startup_stm32f767xx.o [1]
  .text              ro code  0x002039f0     0x4  startup_stm32f767xx.o [1]
  .text              ro code  0x002039f4     0x4  startup_stm32f767xx.o [1]
  .text              ro code  0x002039f8     0x4  startup_stm32f767xx.o [1]
  .text              ro code  0x002039fc     0x4  startup_stm32f767xx.o [1]
  .text              ro code  0x00203a00     0x4  startup_stm32f767xx.o [1]
  .text              ro code  0x00203a04     0x4  startup_stm32f767xx.o [1]
  .text              ro code  0x00203a08     0x4  startup_stm32f767xx.o [1]
  .text              ro code  0x00203a0c     0x4  startup_stm32f767xx.o [1]
  .text              ro code  0x00203a10     0x4  startup_stm32f767xx.o [1]
  .text              ro code  0x00203a14     0x4  startup_stm32f767xx.o [1]
  .text              ro code  0x00203a18     0x4  startup_stm32f767xx.o [1]
  .text              ro code  0x00203a1c     0x4  startup_stm32f767xx.o [1]
  .text              ro code  0x00203a20     0x4  startup_stm32f767xx.o [1]
  .text              ro code  0x00203a24     0x4  startup_stm32f767xx.o [1]
  .text              ro code  0x00203a28     0x4  startup_stm32f767xx.o [1]
  .text              ro code  0x00203a2c     0x4  startup_stm32f767xx.o [1]
  .text              ro code  0x00203a30     0x4  startup_stm32f767xx.o [1]
  .text              ro code  0x00203a34     0x4  startup_stm32f767xx.o [1]
  .text              ro code  0x00203a38     0x4  startup_stm32f767xx.o [1]
  .text              ro code  0x00203a3c     0x4  startup_stm32f767xx.o [1]
  .text              ro code  0x00203a40     0x4  startup_stm32f767xx.o [1]
  .text              ro code  0x00203a44     0x4  startup_stm32f767xx.o [1]
  .text              ro code  0x00203a48     0x4  startup_stm32f767xx.o [1]
  .text              ro code  0x00203a4c     0x4  startup_stm32f767xx.o [1]
  .text              ro code  0x00203a50     0x4  startup_stm32f767xx.o [1]
  .text              ro code  0x00203a54     0x4  startup_stm32f767xx.o [1]
  .text              ro code  0x00203a58     0x4  startup_stm32f767xx.o [1]
  .text              ro code  0x00203a5c     0x4  startup_stm32f767xx.o [1]
  .text              ro code  0x00203a60     0x4  startup_stm32f767xx.o [1]
  .text              ro code  0x00203a64     0x4  startup_stm32f767xx.o [1]
  .text              ro code  0x00203a68     0x4  startup_stm32f767xx.o [1]
  .text              ro code  0x00203a6c     0x4  startup_stm32f767xx.o [1]
  .text              ro code  0x00203a70     0x4  startup_stm32f767xx.o [1]
  .text              ro code  0x00203a74     0x4  startup_stm32f767xx.o [1]
  .text              ro code  0x00203a78     0x4  startup_stm32f767xx.o [1]
  .text              ro code  0x00203a7c     0x4  startup_stm32f767xx.o [1]
  .text              ro code  0x00203a80     0x4  startup_stm32f767xx.o [1]
  .text              ro code  0x00203a84     0x4  startup_stm32f767xx.o [1]
  .text              ro code  0x00203a88     0x4  startup_stm32f767xx.o [1]
  .text              ro code  0x00203a8c     0x4  startup_stm32f767xx.o [1]
  .text              ro code  0x00203a90     0x4  startup_stm32f767xx.o [1]
  .text              ro code  0x00203a94     0x4  startup_stm32f767xx.o [1]
  .text              ro code  0x00203a98     0x4  startup_stm32f767xx.o [1]
  .text              ro code  0x00203a9c     0x4  startup_stm32f767xx.o [1]
  .text              ro code  0x00203aa0     0x4  startup_stm32f767xx.o [1]
  .text              ro code  0x00203aa4     0x4  startup_stm32f767xx.o [1]
  .text              ro code  0x00203aa8     0x4  startup_stm32f767xx.o [1]
  .text              ro code  0x00203aac     0x4  startup_stm32f767xx.o [1]
  .text              ro code  0x00203ab0     0x4  startup_stm32f767xx.o [1]
  .text              ro code  0x00203ab4     0x4  startup_stm32f767xx.o [1]
  .text              ro code  0x00203ab8     0x4  startup_stm32f767xx.o [1]
  .text              ro code  0x00203abc     0x4  startup_stm32f767xx.o [1]
  .text              ro code  0x00203ac0     0x4  startup_stm32f767xx.o [1]
  .text              ro code  0x00203ac4     0x4  startup_stm32f767xx.o [1]
  .text              ro code  0x00203ac8     0x4  startup_stm32f767xx.o [1]
  .text              ro code  0x00203acc     0x4  startup_stm32f767xx.o [1]
  .text              ro code  0x00203ad0     0x4  startup_stm32f767xx.o [1]
  .text              ro code  0x00203ad4     0x4  startup_stm32f767xx.o [1]
  .text              ro code  0x00203ad8     0x4  startup_stm32f767xx.o [1]
  .text              ro code  0x00203adc     0x4  startup_stm32f767xx.o [1]
  .text              ro code  0x00203ae0     0x4  startup_stm32f767xx.o [1]
  .text              ro code  0x00203ae4     0x4  startup_stm32f767xx.o [1]
  .text              ro code  0x00203ae8     0x4  startup_stm32f767xx.o [1]
  .text              ro code  0x00203aec     0x4  startup_stm32f767xx.o [1]
  .text              ro code  0x00203af0     0x4  startup_stm32f767xx.o [1]
  .text              ro code  0x00203af4     0x4  startup_stm32f767xx.o [1]
  .text              ro code  0x00203af8     0x4  startup_stm32f767xx.o [1]
  .text              ro code  0x00203afc     0x4  startup_stm32f767xx.o [1]
  .text              ro code  0x00203b00     0x4  startup_stm32f767xx.o [1]
  .text              ro code  0x00203b04     0x4  startup_stm32f767xx.o [1]
  .text              ro code  0x00203b08     0x4  startup_stm32f767xx.o [1]
  .text              ro code  0x00203b0c     0x4  startup_stm32f767xx.o [1]
  .text              ro code  0x00203b10     0x4  startup_stm32f767xx.o [1]
  .text              ro code  0x00203b14     0x4  startup_stm32f767xx.o [1]
  .text              ro code  0x00203b18     0x4  startup_stm32f767xx.o [1]
  .rodata            const    0x00203b1c     0x0  zero_init3.o [5]
  .rodata            const    0x00203b1c     0x0  copy_init3.o [5]
  Initializer bytes  const    0x00203b1c    0x84  <for P5 s0>
                            - 0x00203ba0  0x39a8

"P4":                                     0x2000
  CSTACK                      0x20000000  0x2000  <Block>
    CSTACK           uninit   0x20000000  0x2000  <Block tail>
                            - 0x20002000  0x2000

"P5", part 1 of 2:                          0x84
  P5 s0                       0x20010000    0x84  <Init block>
    .data            inited   0x20010000    0x48  xfiles.o [3]
    .data            inited   0x20010048    0x38  xlocale_c.o [3]
    .data            inited   0x20010080     0x4  system_stm32f7xx.o [1]
                            - 0x20010084    0x84

"P5", part 2 of 2:                         0x194
  .bss               zero     0x20010084    0x70  apollo.o [1]
  .bss               zero     0x200100f4    0x50  xfiles.o [3]
  .bss               zero     0x20010144    0x48  apollo.o [1]
  .bss               zero     0x2001018c    0x40  apollo.o [1]
  .bss               zero     0x200101cc    0x40  apollo.o [1]
  .bss               zero     0x2001020c     0x4  apollo.o [1]
  .bss               zero     0x20010210     0x4  stm32f7xx_hal.o [1]
  .bss               zero     0x20010214     0x4  xfail_s.o [3]
                            - 0x20010218   0x194


*******************************************************************************
*** INIT TABLE
***

          Address     Size
          -------     ----
Zero (__iar_zero_init3)
    1 destination range, total size 0x194:
          0x20010084  0x194

Copy (__iar_copy_init3)
    1 source range, total size 0x84:
          0x00203b1c   0x84
    1 destination range, total size 0x84:
          0x20010000   0x84



*******************************************************************************
*** MODULE SUMMARY
***

    Module                  ro code  ro data  rw data
    ------                  -------  -------  -------
D:\Apollo\gpio\Debug\Obj: [1]
    apollo.o                  1 020               316
    main.o                      248      112
    startup_stm32f767xx.o       936
    stm32f7xx_hal.o             110                 4
    stm32f7xx_hal_adc.o       1 310
    stm32f7xx_hal_cortex.o      292
    stm32f7xx_hal_dma.o          38
    stm32f7xx_hal_gpio.o        592
    stm32f7xx_hal_pwr_ex.o      136
    stm32f7xx_hal_rcc.o       1 884
    stm32f7xx_hal_tim.o         776
    stm32f7xx_hal_tim_ex.o        4
    stm32f7xx_hal_uart.o      2 258
    stm32f7xx_it.o               24
    system_stm32f7xx.o          108       28        4
    -------------------------------------------------
    Total:                    9 736      140      324

command line: [2]
    -------------------------------------------------
    Total:

dl7M_tlf.a: [3]
    abort.o                       6
    exit.o                        4
    low_level_init.o              4
    printf.o                     40
    putchar.o                    12
    sprintf.o                    64
    xfail_s.o                    68                 4
    xfiles.o                              72      152
    xlocale_c.o                  12       60       56
    xprintffull_nomb.o        3 558
    xprout.o                     22
    xsprout.o                    10
    -------------------------------------------------
    Total:                    3 800      132      212

m7M_tlv.a: [4]
    DblCmpGe.o                   46
    DblCmpLe.o                   46
    DblDiv.o                     18
    DblMul.o                     18
    DblSub.o                     18
    DblToS32.o                   14
    DblToU32.o                   14
    S32ToDbl.o                   14
    U32ToDbl.o                   14
    fpinit_M.o                   34
    frexp.o                     112
    ldexp.o                     260
    -------------------------------------------------
    Total:                      608

rt7M_tl.a: [5]
    ABImemcpy.o                 166
    I64DivMod.o                 238
    I64DivZer.o                   2
    cexit.o                      10
    cmain.o                      26
    copy_init3.o                 44
    cstartup_M.o                 12
    data_init.o                  40
    memchr.o                     88
    strchr.o                     22
    strlen.o                     54
    zero_init3.o                 64
    -------------------------------------------------
    Total:                      766

shb_l.a: [6]
    exit.o                       20
    -------------------------------------------------
    Total:                       20

    Gaps                         24        2
    Linker created                        36    8 192
-----------------------------------------------------
    Grand Total:             14 954      310    8 728


*******************************************************************************
*** ENTRY LIST
***

Entry                      Address   Size  Type      Object
-----                      -------   ----  ----      ------
.iar.init_table$$Base   0x00203890          --   Gb  - Linker created -
.iar.init_table$$Limit  0x002038b4          --   Gb  - Linker created -
?main                   0x002038b5         Code  Gb  cmain.o [5]
ADC_Init                0x00202fa5  0x166  Code  Lc  stm32f7xx_hal_adc.o [1]
AHBPrescTable           0x00203944   0x10  Data  Gb  system_stm32f7xx.o [1]
APBPrescTable           0x00203970    0x8  Data  Gb  system_stm32f7xx.o [1]
BusFault_Handler        0x002038e9    0x2  Code  Gb  stm32f7xx_it.o [1]
CSTACK$$Base            0x20000000          --   Gb  - Linker created -
CSTACK$$Limit           0x20002000          --   Gb  - Linker created -
DebugMon_Handler        0x002038ef    0x2  Code  Gb  stm32f7xx_it.o [1]
EXTI2_IRQHandler        0x00202113   0x1e  Code  Gb  apollo.o [1]
EXTI3_IRQHandler        0x00202131   0x1e  Code  Gb  apollo.o [1]
HAL_ADC_ConfigChannel   0x00202e05  0x1a0  Code  Gb  stm32f7xx_hal_adc.o [1]
HAL_ADC_GetValue        0x00202dff    0x6  Code  Gb  stm32f7xx_hal_adc.o [1]
HAL_ADC_Init            0x00202c0d   0x64  Code  Gb  stm32f7xx_hal_adc.o [1]
HAL_ADC_PollForConversion
                        0x00202d55   0xaa  Code  Gb  stm32f7xx_hal_adc.o [1]
HAL_ADC_Start           0x00202c71   0xe4  Code  Gb  stm32f7xx_hal_adc.o [1]
HAL_DMA_Abort_IT        0x002021ad   0x26  Code  Gb  stm32f7xx_hal_dma.o [1]
HAL_GPIO_Init           0x00202935  0x1fa  Code  Gb  stm32f7xx_hal_gpio.o [1]
HAL_GPIO_WritePin       0x00202b2f   0x14  Code  Gb  stm32f7xx_hal_gpio.o [1]
HAL_GetTick             0x002021a1    0xc  Code  Wk  stm32f7xx_hal.o [1]
HAL_IncTick             0x002038fd   0x10  Code  Wk  stm32f7xx_hal.o [1]
HAL_Init                0x0020367d   0x22  Code  Gb  stm32f7xx_hal.o [1]
HAL_InitTick            0x00203551   0x28  Code  Wk  stm32f7xx_hal.o [1]
HAL_NVIC_EnableIRQ      0x0020351f    0xa  Code  Gb  stm32f7xx_hal_cortex.o [1]
HAL_NVIC_SetPriority    0x002034fd   0x22  Code  Gb  stm32f7xx_hal_cortex.o [1]
HAL_NVIC_SetPriorityGrouping
                        0x002034f5    0x8  Code  Gb  stm32f7xx_hal_cortex.o [1]
HAL_PWREx_EnableOverDrive
                        0x00202b85   0x7a  Code  Gb  stm32f7xx_hal_pwr_ex.o [1]
HAL_RCC_ClockConfig     0x00202687  0x1a2  Code  Gb  stm32f7xx_hal_rcc.o [1]
HAL_RCC_GetHCLKFreq     0x002028b5    0x6  Code  Gb  stm32f7xx_hal_rcc.o [1]
HAL_RCC_GetPCLK1Freq    0x002028bb   0x20  Code  Gb  stm32f7xx_hal_rcc.o [1]
HAL_RCC_GetPCLK2Freq    0x002028db   0x20  Code  Gb  stm32f7xx_hal_rcc.o [1]
HAL_RCC_GetSysClockFreq
                        0x00202829   0x8c  Code  Gb  stm32f7xx_hal_rcc.o [1]
HAL_RCC_OscConfig       0x002021d9  0x4ae  Code  Gb  stm32f7xx_hal_rcc.o [1]
HAL_SYSTICK_Config      0x00203529    0x8  Code  Gb  stm32f7xx_hal_cortex.o [1]
HAL_TIMEx_BreakCallback
                        0x0020357f    0x2  Code  Wk  stm32f7xx_hal_tim_ex.o [1]
HAL_TIMEx_CommutationCallback
                        0x00203583    0x2  Code  Wk  stm32f7xx_hal_tim_ex.o [1]
HAL_TIM_Base_Init       0x0020312d   0x38  Code  Gb  stm32f7xx_hal_tim.o [1]
HAL_TIM_Base_MspInit    0x0020207b   0x6e  Code  Gb  apollo.o [1]
HAL_TIM_Base_Start_IT   0x00203165   0x1c  Code  Gb  stm32f7xx_hal_tim.o [1]
HAL_TIM_IRQHandler      0x00203181  0x194  Code  Gb  stm32f7xx_hal_tim.o [1]
HAL_TIM_PeriodElapsedCallback
                        0x002020e9   0x20  Code  Gb  apollo.o [1]
HAL_UART_IRQHandler     0x00201623  0x146  Code  Gb  stm32f7xx_hal_uart.o [1]
HAL_UART_Init           0x002014d9   0x7e  Code  Gb  stm32f7xx_hal_uart.o [1]
HAL_UART_MspInit        0x00201f87   0xce  Code  Gb  apollo.o [1]
HAL_UART_Transmit       0x00201557   0xcc  Code  Gb  stm32f7xx_hal_uart.o [1]
HardFault_Handler       0x002038e5    0x2  Code  Gb  stm32f7xx_it.o [1]
IADC                    0x20010144   0x48  Data  Gb  apollo.o [1]
ITIM                    0x2001018c   0x40  Data  Gb  apollo.o [1]
IUART                   0x20010084   0x70  Data  Gb  apollo.o [1]
KEY_init                0x00201e1d   0x42  Code  Gb  apollo.o [1]
LED_init                0x00201da5   0x40  Code  Gb  apollo.o [1]
LED_off                 0x00201e01   0x1c  Code  Gb  apollo.o [1]
LED_on                  0x00201de5   0x1c  Code  Gb  apollo.o [1]
LoadInt                 0x00200397   0x7a  Code  Lc  xprintffull_nomb.o [3]
MemManage_Handler       0x002038e7    0x2  Code  Gb  stm32f7xx_it.o [1]
NMI_Handler             0x002038e3    0x2  Code  Gb  stm32f7xx_it.o [1]
NVIC_EnableIRQ          0x00203453   0x14  Code  Lc  stm32f7xx_hal_cortex.o [1]
NVIC_EncodePriority     0x00203489   0x3e  Code  Lc  stm32f7xx_hal_cortex.o [1]
NVIC_GetPriorityGrouping
                        0x00203449    0xa  Code  Lc  stm32f7xx_hal_cortex.o [1]
NVIC_SetPriority        0x00203467   0x22  Code  Lc  stm32f7xx_hal_cortex.o [1]
NVIC_SetPriorityGrouping
                        0x0020342d   0x1c  Code  Lc  stm32f7xx_hal_cortex.o [1]
PendSV_Handler          0x002038f1    0x2  Code  Gb  stm32f7xx_it.o [1]
Region$$Table$$Base     0x00203890          --   Gb  - Linker created -
Region$$Table$$Limit    0x002038b4          --   Gb  - Linker created -
SVC_Handler             0x002038ed    0x2  Code  Gb  stm32f7xx_it.o [1]
SysTick_Config          0x002034c7   0x2e  Code  Lc  stm32f7xx_hal_cortex.o [1]
SysTick_Handler         0x002038f3    0x8  Code  Gb  stm32f7xx_it.o [1]
SystemClock_Config      0x00201e87   0x72  Code  Gb  apollo.o [1]
SystemCoreClock         0x20010080    0x4  Data  Gb  system_stm32f7xx.o [1]
SystemInit              0x00203711   0x4c  Code  Gb  system_stm32f7xx.o [1]
TEMP_init               0x00201f0f   0x78  Code  Gb  apollo.o [1]
TIM3_IRQHandler         0x00202109    0xa  Code  Gb  apollo.o [1]
TIM_Base_SetConfig      0x00203315   0xec  Code  Gb  stm32f7xx_hal_tim.o [1]
TIM_init                0x00202055   0x26  Code  Gb  apollo.o [1]
UART_AdvFeatureConfig   0x00201c81   0xda  Code  Gb  stm32f7xx_hal_uart.o [1]
UART_CheckIdleState     0x00201d5b   0x4a  Code  Gb  stm32f7xx_hal_uart.o [1]
UART_DMAAbortOnError    0x002017d9   0x16  Code  Lc  stm32f7xx_hal_uart.o [1]
UART_EndRxTransfer      0x002018fd   0x20  Code  Lc  stm32f7xx_hal_uart.o [1]
UART_EndTransmit_IT     0x0020185b   0x1c  Code  Lc  stm32f7xx_hal_uart.o [1]
UART_Receive_IT         0x00201877   0x86  Code  Lc  stm32f7xx_hal_uart.o [1]
UART_SetConfig          0x0020191d  0x330  Code  Gb  stm32f7xx_hal_uart.o [1]
UART_Transmit_IT        0x002017ef   0x6c  Code  Lc  stm32f7xx_hal_uart.o [1]
UART_WaitOnFlagUntilTimeout
                        0x00201769   0x6e  Code  Gb  stm32f7xx_hal_uart.o [1]
UART_init               0x00201e5f   0x28  Code  Gb  apollo.o [1]
USART2_IRQHandler       0x0020214f    0xa  Code  Gb  apollo.o [1]
UsageFault_Handler      0x002038eb    0x2  Code  Gb  stm32f7xx_it.o [1]
_GenldFullNoMb          0x00200cfb  0x256  Code  Lc  xprintffull_nomb.o [3]
_LdtobFullNoMb          0x002008d3  0x3fe  Code  Lc  xprintffull_nomb.o [3]
_LitobFullNoMb          0x00200783  0x10a  Code  Lc  xprintffull_nomb.o [3]
_Locale_lconv           0x20010048   0x38  Data  Lc  xlocale_c.o [3]
_PrintfFullNoMb         0x002001f9  0x190  Code  Gb  xprintffull_nomb.o [3]
_Prout                  0x0020390d   0x16  Code  Gb  xprout.o [3]
_PutcharsFullNoMb       0x00200f51   0x2e  Code  Lc  xprintffull_nomb.o [3]
_PutfldFullNoMb         0x00200411  0x264  Code  Lc  xprintffull_nomb.o [3]
_PuttxtFullNoMb         0x00200675  0x10e  Code  Lc  xprintffull_nomb.o [3]
_SProut                 0x00200fdf    0xa  Code  Gb  xsprout.o [3]
__aeabi_cdcmple         0x002012ed         Code  Gb  DblCmpLe.o [4]
__aeabi_cdrcmple        0x0020131d         Code  Gb  DblCmpGe.o [4]
__aeabi_d2iz            0x00201451    0xe  Code  Gb  DblToS32.o [4]
__aeabi_d2uiz           0x00201491    0xe  Code  Gb  DblToU32.o [4]
__aeabi_ddiv            0x0020147f   0x12  Code  Gb  DblDiv.o [4]
__aeabi_dmul            0x002011c3   0x12  Code  Gb  DblMul.o [4]
__aeabi_dsub            0x0020146d   0x12  Code  Gb  DblSub.o [4]
__aeabi_i2d             0x0020145f    0xe  Code  Gb  S32ToDbl.o [4]
__aeabi_ldiv0           0x002014c1         Code  Gb  I64DivZer.o [5]
__aeabi_memcpy          0x002011d5         Code  Gb  ABImemcpy.o [5]
__aeabi_memcpy4         0x002011f5         Code  Gb  ABImemcpy.o [5]
__aeabi_memcpy8         0x002011f5         Code  Gb  ABImemcpy.o [5]
__aeabi_ui2d            0x0020149f    0xe  Code  Gb  U32ToDbl.o [4]
__aeabi_uldivmod        0x002010d5         Code  Gb  I64DivMod.o [5]
__cmain                 0x002038b5         Code  Gb  cmain.o [5]
__exit                  0x002014c5   0x14  Code  Gb  exit.o [6]
__iar_Fail_s            0x00201001   0x1e  Code  Gb  xfail_s.o [3]
__iar_Memchr            0x0020107d         Code  Gb  memchr.o [5]
__iar_Stdout            0x20010000   0x48  Data  Gb  xfiles.o [3]
__iar_Strchr            0x00200fe9         Code  Gb  strchr.o [5]
__iar_copy_init3        0x00203819   0x2c  Code  Gb  copy_init3.o [5]
__iar_data_init3        0x00203845   0x28  Code  Gb  data_init.o [5]
__iar_frexp             0x00201289         Code  Gb  frexp.o [4]
__iar_frexpl            0x00201289         Code  Gb  frexp.o [4]
__iar_init_vfp          0x0020386d         Code  Gb  fpinit_M.o [4]
__iar_ldexp64           0x00201361         Code  Gb  ldexp.o [4]
__iar_program_start     0x00203965         Code  Gb  cstartup_M.o [5]
__iar_scalbln64         0x00201361         Code  Gb  ldexp.o [4]
__iar_scalbn64          0x00201361         Code  Gb  ldexp.o [4]
__iar_softfp___iar_frexp64
                        0x0020127d         Code  Gb  frexp.o [4]
__iar_softfp___iar_ldexp64
                        0x0020134d         Code  Gb  ldexp.o [4]
__iar_softfp___iar_scalbln64
                        0x0020134d         Code  Gb  ldexp.o [4]
__iar_softfp___iar_scalbn64
                        0x0020134d         Code  Gb  ldexp.o [4]
__iar_softfp_frexp      0x0020127d         Code  Gb  frexp.o [4]
__iar_softfp_frexpl     0x0020127d         Code  Gb  frexp.o [4]
__iar_softfp_ldexp      0x0020134d         Code  Gb  ldexp.o [4]
__iar_softfp_ldexpl     0x0020134d         Code  Gb  ldexp.o [4]
__iar_softfp_scalbln    0x0020134d         Code  Gb  ldexp.o [4]
__iar_softfp_scalblnl   0x0020134d         Code  Gb  ldexp.o [4]
__iar_softfp_scalbn     0x0020134d         Code  Gb  ldexp.o [4]
__iar_softfp_scalbnl    0x0020134d         Code  Gb  ldexp.o [4]
__iar_systems$$module {Abs}
                        0x00000001         Data  Gb  command line/config [2]
__iar_zero_init3        0x0020377d   0x40  Code  Gb  zero_init3.o [5]
__low_level_init        0x002038cf    0x4  Code  Gb  low_level_init.o [3]
__vector_table          0x00200000         Data  Gb  startup_stm32f767xx.o [1]
_call_main              0x002038c1         Code  Gb  cmain.o [5]
_exit                   0x002038d9         Code  Gb  cexit.o [5]
_main                   0x002038cb         Code  Gb  cmain.o [5]
abort                   0x002014b9    0x6  Code  Gb  abort.o [3]
exit                    0x002038d3    0x4  Code  Gb  exit.o [3]
fputc                   0x00201ef9   0x16  Code  Gb  apollo.o [1]
ldexp                   0x00201361         Code  Gb  ldexp.o [4]
ldexpl                  0x00201361         Code  Gb  ldexp.o [4]
led_flag                0x2001020c    0x4  Data  Gb  apollo.o [1]
localeconv              0x002014ad    0x4  Code  Gb  xlocale_c.o [3]
main                    0x00203585   0xf8  Code  Gb  main.o [1]
memchr                  0x0020107d         Code  Gb  memchr.o [5]
obuf                    0x200100f4   0x50  Data  Lc  xfiles.o [3]
printf                  0x002036a9   0x28  Code  Gb  printf.o [3]
putchar                 0x00203925    0xc  Code  Gb  putchar.o [3]
rstr                    0x200101cc   0x40  Data  Gb  apollo.o [1]
scalbln                 0x00201361         Code  Gb  ldexp.o [4]
scalblnl                0x00201361         Code  Gb  ldexp.o [4]
scalbn                  0x00201361         Code  Gb  ldexp.o [4]
scalbnl                 0x00201361         Code  Gb  ldexp.o [4]
scale                   0x0020088d   0x46  Code  Lc  xprintffull_nomb.o [3]
sec_hand                0x20010214    0x4  Data  Lc  xfail_s.o [3]
sprintf                 0x002036d1   0x40  Code  Gb  sprintf.o [3]
strchr                  0x00200fe9         Code  Gb  strchr.o [5]
strlen                  0x00201045         Code  Gb  strlen.o [5]
uwTick                  0x20010210    0x4  Data  Gb  stm32f7xx_hal.o [1]


[1] = D:\Apollo\gpio\Debug\Obj
[2] = command line
[3] = dl7M_tlf.a
[4] = m7M_tlv.a
[5] = rt7M_tl.a
[6] = shb_l.a

  14 954 bytes of readonly  code memory
     310 bytes of readonly  data memory
   8 728 bytes of readwrite data memory

Errors: none
Warnings: none
